217.186.231.31 - - [13/Aug/2012:02:56:15 +0200] "GET /typo3temp/pics/5f529a6e8d.jpg HTTP/1.1" 200 12675 "http://www.ecosign.net/allgemein/aktuelles/" "Mozilla/5.0 (Windows NT 6.1) AppleWebKit/534.57.2 (KHTML, like Gecko) Version/5.1.7 Safari/534.57.2"
217.186.231.31 - - [13/Aug/2012:02:56:15 +0200] "GET //allgemein/aktuelles/3b427712683a8076188ebeebc8a52fb2/?tx_ttnews%5Byear%5D=2012 HTTP/1.1" 200 7926 "http://www.ecosign.net/allgemein/aktuelles/" "Mozilla/5.0 (Windows NT 6.1) AppleWebKit/534.57.2 (KHTML, like Gecko) Version/5.1.7 Safari/534.57.2"
109.91.254.116 - - [13/Aug/2012:02:56:18 +0200] "GET /fuer-journalisten/portrait-der-ecosign/ HTTP/1.1" 200 5407 "http://www.ecosign.net/" "Mozilla/5.0 (Windows NT 5.1; rv:14.0) Gecko/20100101 Firefox/14.0.1"
109.91.254.116 - - [13/Aug/2012:02:56:18 +0200] "GET /typo3temp/stylesheet_6bf39800b7.css?1341586993 HTTP/1.1" 200 13423 "http://www.ecosign.net/fuer-journalisten/portrait-der-ecosign/" "Mozilla/5.0 (Windows NT 5.1; rv:14.0) Gecko/20100101 Firefox/14.0.1"
109.91.254.116 - - [13/Aug/2012:02:56:18 +0200] "GET /uploads/pics/simone_fuhs_xl.jpg HTTP/1.1" 200 64752 "http://www.ecosign.net/fuer-journalisten/portrait-der-ecosign/" "Mozilla/5.0 (Windows NT 5.1; rv:14.0) Gecko/20100101 Firefox/14.0.1"
109.91.254.116 - - [13/Aug/2012:02:56:18 +0200] "GET /fileadmin/templates/bilder/nav.png HTTP/1.1" 200 291 "http://www.ecosign.net/fileadmin/templates/css/content.css?1344605828" "Mozilla/5.0 (Windows NT 5.1; rv:14.0) Gecko/20100101 Firefox/14.0.1"
217.186.231.31 - - [13/Aug/2012:02:56:18 +0200] "GET /allgemein/studium/studienverlauf/ HTTP/1.1" 200 4417 "http://www.ecosign.net//allgemein/aktuelles/3b427712683a8076188ebeebc8a52fb2/?tx_ttnews%5Byear%5D=2012" "Mozilla/5.0 (Windows NT 6.1) AppleWebKit/534.57.2 (KHTML, like Gecko) Version/5.1.7 Safari/534.57.2"
217.186.231.31 - - [13/Aug/2012:02:56:18 +0200] "GET /uploads/pics/Studienverlauf_ecodiplom.jpg HTTP/1.1" 200 198364 "http://www.ecosign.net/allgemein/studium/studienverlauf/" "Mozilla/5.0 (Windows NT 6.1) AppleWebKit/534.57.2 (KHTML, like Gecko) Version/5.1.7 Safari/534.57.2"
217.186.231.31 - - [13/Aug/2012:02:56:24 +0200] "GET /allgemein/studium/studieninhalt/ HTTP/1.1" 200 4410 "http://www.ecosign.net/allgemein/studium/studienverlauf/" "Mozilla/5.0 (Windows NT 6.1) AppleWebKit/534.57.2 (KHTML, like Gecko) Version/5.1.7 Safari/534.57.2"
217.186.231.31 - - [13/Aug/2012:02:56:25 +0200] "GET /fileadmin/templates/css/content.css?1344605828 HTTP/1.1" 304 - "http://www.ecosign.net/allgemein/studium/studieninhalt/" "Mozilla/5.0 (Windows NT 6.1) AppleWebKit/534.57.2 (KHTML, like Gecko) Version/5.1.7 Safari/534.57.2"
217.186.231.31 - - [13/Aug/2012:02:56:25 +0200] "GET /fileadmin/templates/skripte/css_browser_selector.js?1340543385 HTTP/1.1" 304 - "http://www.ecosign.net/allgemein/studium/studieninhalt/" "Mozilla/5.0 (Windows NT 6.1) AppleWebKit/534.57.2 (KHTML, like Gecko) Version/5.1.7 Safari/534.57.2"
217.186.231.31 - - [13/Aug/2012:02:56:25 +0200] "GET /fileadmin/templates/skripte/jquery-1.4.2.min.js?1340543476 HTTP/1.1" 304 - "http://www.ecosign.net/allgemein/studium/studieninhalt/" "Mozilla/5.0 (Windows NT 6.1) AppleWebKit/534.57.2 (KHTML, like Gecko) Version/5.1.7 Safari/534.57.2"
217.186.231.31 - - [13/Aug/2012:02:56:25 +0200] "GET /fileadmin/templates/skripte/yasp/jquery.yasp.js?1340543479 HTTP/1.1" 304 - "http://www.ecosign.net/allgemein/studium/studieninhalt/" "Mozilla/5.0 (Windows NT 6.1) AppleWebKit/534.57.2 (KHTML, like Gecko) Version/5.1.7 Safari/534.57.2"
217.186.231.31 - - [13/Aug/2012:02:56:25 +0200] "GET /fileadmin/templates/skripte/gen_validatorv31.js?1340543474 HTTP/1.1" 304 - "http://www.ecosign.net/allgemein/studium/studieninhalt/" "Mozilla/5.0 (Windows NT 6.1) AppleWebKit/534.57.2 (KHTML, like Gecko) Version/5.1.7 Safari/534.57.2"
217.186.231.31 - - [13/Aug/2012:02:56:25 +0200] "GET /fileadmin/templates/skripte/uniform/css/uniform.default.css HTTP/1.1" 304 - "http://www.ecosign.net/allgemein/studium/studieninhalt/" "Mozilla/5.0 (Windows NT 6.1) AppleWebKit/534.57.2 (KHTML, like Gecko) Version/5.1.7 Safari/534.57.2"
217.186.231.31 - - [13/Aug/2012:02:56:25 +0200] "GET /fileadmin/templates/skripte/uniform/jquery.uniform.min.js HTTP/1.1" 304 - "http://www.ecosign.net/allgemein/studium/studieninhalt/" "Mozilla/5.0 (Windows NT 6.1) AppleWebKit/534.57.2 (KHTML, like Gecko) Version/5.1.7 Safari/534.57.2"
217.186.231.31 - - [13/Aug/2012:02:56:25 +0200] "GET /fileadmin/templates/skripte/cursordivscroll.js HTTP/1.1" 304 - "http://www.ecosign.net/allgemein/studium/studieninhalt/" "Mozilla/5.0 (Windows NT 6.1) AppleWebKit/534.57.2 (KHTML, like Gecko) Version/5.1.7 Safari/534.57.2"
217.186.231.31 - - [13/Aug/2012:02:56:25 +0200] "GET /fileadmin/templates/skripte/jplayer/jquery.jplayer.min.js HTTP/1.1" 304 - "http://www.ecosign.net/allgemein/studium/studieninhalt/" "Mozilla/5.0 (Windows NT 6.1) AppleWebKit/534.57.2 (KHTML, like Gecko) Version/5.1.7 Safari/534.57.2"
217.186.231.31 - - [13/Aug/2012:02:56:25 +0200] "GET /fileadmin/templates/skripte/iscroll.js HTTP/1.1" 304 - "http://www.ecosign.net/allgemein/studium/studieninhalt/" "Mozilla/5.0 (Windows NT 6.1) AppleWebKit/534.57.2 (KHTML, like Gecko) Version/5.1.7 Safari/534.57.2"
217.186.231.31 - - [13/Aug/2012:02:56:25 +0200] "GET /typo3temp/javascript_757c080409.js?1339334818 HTTP/1.1" 304 - "http://www.ecosign.net/allgemein/studium/studieninhalt/" "Mozilla/5.0 (Windows NT 6.1) AppleWebKit/534.57.2 (KHTML, like Gecko) Version/5.1.7 Safari/534.57.2"
217.186.231.31 - - [13/Aug/2012:02:56:25 +0200] "GET /fileadmin/templates/skripte/js_jquery.js HTTP/1.1" 304 - "http://www.ecosign.net/allgemein/studium/studieninhalt/" "Mozilla/5.0 (Windows NT 6.1) AppleWebKit/534.57.2 (KHTML, like Gecko) Version/5.1.7 Safari/534.57.2"
217.186.231.31 - - [13/Aug/2012:02:56:25 +0200] "GET /fileadmin/templates/bilder/logo-ecosign-koeln.png HTTP/1.1" 304 - "http://www.ecosign.net/allgemein/studium/studieninhalt/" "Mozilla/5.0 (Windows NT 6.1) AppleWebKit/534.57.2 (KHTML, like Gecko) Version/5.1.7 Safari/534.57.2"
217.186.231.31 - - [13/Aug/2012:02:56:25 +0200] "GET /fileadmin/templates/bilder/bookmarks-facebook.png HTTP/1.1" 304 - "http://www.ecosign.net/allgemein/studium/studieninhalt/" "Mozilla/5.0 (Windows NT 6.1) AppleWebKit/534.57.2 (KHTML, like Gecko) Version/5.1.7 Safari/534.57.2"
217.186.231.31 - - [13/Aug/2012:02:56:25 +0200] "GET /fileadmin/templates/bilder/bookmarks-twitter.png HTTP/1.1" 304 - "http://www.ecosign.net/allgemein/studium/studieninhalt/" "Mozilla/5.0 (Windows NT 6.1) AppleWebKit/534.57.2 (KHTML, like Gecko) Version/5.1.7 Safari/534.57.2"
217.186.231.31 - - [13/Aug/2012:02:56:25 +0200] "GET /fileadmin/templates/bilder/bookmarks-google.png HTTP/1.1" 304 - "http://www.ecosign.net/allgemein/studium/studieninhalt/" "Mozilla/5.0 (Windows NT 6.1) AppleWebKit/534.57.2 (KHTML, like Gecko) Version/5.1.7 Safari/534.57.2"
217.186.231.31 - - [13/Aug/2012:02:56:25 +0200] "GET /fileadmin/templates/bilder/nav.png HTTP/1.1" 304 - "http://www.ecosign.net/allgemein/studium/studieninhalt/" "Mozilla/5.0 (Windows NT 6.1) AppleWebKit/534.57.2 (KHTML, like Gecko) Version/5.1.7 Safari/534.57.2"
217.186.231.31 - - [13/Aug/2012:02:56:25 +0200] "GET /fileadmin/templates/bilder/icon-link-pfeil.png HTTP/1.1" 304 - "http://www.ecosign.net/allgemein/studium/studieninhalt/" "Mozilla/5.0 (Windows NT 6.1) AppleWebKit/534.57.2 (KHTML, like Gecko) Version/5.1.7 Safari/534.57.2"
109.91.254.116 - - [13/Aug/2012:02:56:25 +0200] "GET /fuer-bewerber/bewerbung/ HTTP/1.1" 200 4428 "http://www.ecosign.net/fuer-journalisten/portrait-der-ecosign/" "Mozilla/5.0 (Windows NT 5.1; rv:14.0) Gecko/20100101 Firefox/14.0.1"
109.91.254.116 - - [13/Aug/2012:02:56:26 +0200] "GET /fileadmin/templates/bilder/bookmarks-facebook.png HTTP/1.1" 304 - "http://www.ecosign.net/fuer-bewerber/bewerbung/" "Mozilla/5.0 (Windows NT 5.1; rv:14.0) Gecko/20100101 Firefox/14.0.1"
109.91.254.116 - - [13/Aug/2012:02:56:26 +0200] "GET /fileadmin/templates/bilder/bookmarks-google.png HTTP/1.1" 304 - "http://www.ecosign.net/fuer-bewerber/bewerbung/" "Mozilla/5.0 (Windows NT 5.1; rv:14.0) Gecko/20100101 Firefox/14.0.1"
109.91.254.116 - - [13/Aug/2012:02:56:26 +0200] "GET /fileadmin/templates/bilder/nav.png HTTP/1.1" 304 - "http://www.ecosign.net/fileadmin/templates/css/content.css?1344605828" "Mozilla/5.0 (Windows NT 5.1; rv:14.0) Gecko/20100101 Firefox/14.0.1"
217.186.231.31 - - [13/Aug/2012:02:56:25 +0200] "GET /uploads/pics/Tabelle-Studieninhalte_01.jpg HTTP/1.1" 200 277161 "http://www.ecosign.net/allgemein/studium/studieninhalt/" "Mozilla/5.0 (Windows NT 6.1) AppleWebKit/534.57.2 (KHTML, like Gecko) Version/5.1.7 Safari/534.57.2"
66.249.66.171 - - [13/Aug/2012:02:56:30 +0200] "GET /index.php?id=136&arbeit=80 HTTP/1.1" 301 270 "-" "Mozilla/5.0 (compatible; Googlebot/2.1; +http://www.google.com/bot.html)"
109.91.254.116 - - [13/Aug/2012:02:56:32 +0200] "GET /allgemein/aktuelles/ HTTP/1.1" 200 14450 "http://www.ecosign.net/fuer-bewerber/bewerbung/" "Mozilla/5.0 (Windows NT 5.1; rv:14.0) Gecko/20100101 Firefox/14.0.1"
109.91.254.116 - - [13/Aug/2012:02:56:33 +0200] "GET /typo3temp/pics/104096d96b.jpg HTTP/1.1" 200 10282 "http://www.ecosign.net/allgemein/aktuelles/" "Mozilla/5.0 (Windows NT 5.1; rv:14.0) Gecko/20100101 Firefox/14.0.1"
109.91.254.116 - - [13/Aug/2012:02:56:33 +0200] "GET /uploads/pics/Tage_der_offenen_breit.jpg HTTP/1.1" 200 57921 "http://www.ecosign.net/allgemein/aktuelles/" "Mozilla/5.0 (Windows NT 5.1; rv:14.0) Gecko/20100101 Firefox/14.0.1"
109.91.254.116 - - [13/Aug/2012:02:56:33 +0200] "GET /uploads/pics/Abschlussprase-standard.jpg HTTP/1.1" 200 22357 "http://www.ecosign.net/allgemein/aktuelles/" "Mozilla/5.0 (Windows NT 5.1; rv:14.0) Gecko/20100101 Firefox/14.0.1"
109.91.254.116 - - [13/Aug/2012:02:56:33 +0200] "GET /uploads/pics/Katalog_01.jpg HTTP/1.1" 200 20871 "http://www.ecosign.net/allgemein/aktuelles/" "Mozilla/5.0 (Windows NT 5.1; rv:14.0) Gecko/20100101 Firefox/14.0.1"
109.91.254.116 - - [13/Aug/2012:02:56:33 +0200] "GET /uploads/pics/Facebook.jpg HTTP/1.1" 200 37289 "http://www.ecosign.net/allgemein/aktuelles/" "Mozilla/5.0 (Windows NT 5.1; rv:14.0) Gecko/20100101 Firefox/14.0.1"
109.91.254.116 - - [13/Aug/2012:02:56:33 +0200] "GET /uploads/pics/summer-school_4th_01.jpg HTTP/1.1" 200 27538 "http://www.ecosign.net/allgemein/aktuelles/" "Mozilla/5.0 (Windows NT 5.1; rv:14.0) Gecko/20100101 Firefox/14.0.1"
109.91.254.116 - - [13/Aug/2012:02:56:33 +0200] "GET /uploads/pics/DADO.jpg HTTP/1.1" 200 7274 "http://www.ecosign.net/allgemein/aktuelles/" "Mozilla/5.0 (Windows NT 5.1; rv:14.0) Gecko/20100101 Firefox/14.0.1"
109.91.254.116 - - [13/Aug/2012:02:56:33 +0200] "GET /typo3temp/pics/a7f678f179.jpg HTTP/1.1" 200 9534 "http://www.ecosign.net/allgemein/aktuelles/" "Mozilla/5.0 (Windows NT 5.1; rv:14.0) Gecko/20100101 Firefox/14.0.1"
109.91.254.116 - - [13/Aug/2012:02:56:33 +0200] "GET /uploads/pics/ecopartments.jpg HTTP/1.1" 200 26448 "http://www.ecosign.net/allgemein/aktuelles/" "Mozilla/5.0 (Windows NT 5.1; rv:14.0) Gecko/20100101 Firefox/14.0.1"
109.91.254.116 - - [13/Aug/2012:02:56:33 +0200] "GET /uploads/pics/Katalog.jpg HTTP/1.1" 200 20871 "http://www.ecosign.net/allgemein/aktuelles/" "Mozilla/5.0 (Windows NT 5.1; rv:14.0) Gecko/20100101 Firefox/14.0.1"
109.91.254.116 - - [13/Aug/2012:02:56:33 +0200] "GET /typo3temp/pics/490a22125c.jpg HTTP/1.1" 200 11926 "http://www.ecosign.net/allgemein/aktuelles/" "Mozilla/5.0 (Windows NT 5.1; rv:14.0) Gecko/20100101 Firefox/14.0.1"
109.91.254.116 - - [13/Aug/2012:02:56:33 +0200] "GET /uploads/pics/Kaliszewski.jpg HTTP/1.1" 200 10430 "http://www.ecosign.net/allgemein/aktuelles/" "Mozilla/5.0 (Windows NT 5.1; rv:14.0) Gecko/20100101 Firefox/14.0.1"
109.91.254.116 - - [13/Aug/2012:02:56:33 +0200] "GET /uploads/pics/istanbul2.jpg HTTP/1.1" 200 26758 "http://www.ecosign.net/allgemein/aktuelles/" "Mozilla/5.0 (Windows NT 5.1; rv:14.0) Gecko/20100101 Firefox/14.0.1"
109.91.254.116 - - [13/Aug/2012:02:56:33 +0200] "GET /typo3temp/pics/d189a3cfea.jpg HTTP/1.1" 200 11292 "http://www.ecosign.net/allgemein/aktuelles/" "Mozilla/5.0 (Windows NT 5.1; rv:14.0) Gecko/20100101 Firefox/14.0.1"
109.91.254.116 - - [13/Aug/2012:02:56:33 +0200] "GET /uploads/pics/mappe.jpg HTTP/1.1" 200 9931 "http://www.ecosign.net/allgemein/aktuelles/" "Mozilla/5.0 (Windows NT 5.1; rv:14.0) Gecko/20100101 Firefox/14.0.1"
109.91.254.116 - - [13/Aug/2012:02:56:33 +0200] "GET /typo3temp/pics/ae1a88a82c.jpg HTTP/1.1" 200 10219 "http://www.ecosign.net/allgemein/aktuelles/" "Mozilla/5.0 (Windows NT 5.1; rv:14.0) Gecko/20100101 Firefox/14.0.1"
109.91.254.116 - - [13/Aug/2012:02:56:33 +0200] "GET /typo3temp/pics/69703eb291.jpg HTTP/1.1" 200 13970 "http://www.ecosign.net/allgemein/aktuelles/" "Mozilla/5.0 (Windows NT 5.1; rv:14.0) Gecko/20100101 Firefox/14.0.1"
109.91.254.116 - - [13/Aug/2012:02:56:33 +0200] "GET /uploads/pics/Unbenannt-8.jpg HTTP/1.1" 200 12710 "http://www.ecosign.net/allgemein/aktuelles/" "Mozilla/5.0 (Windows NT 5.1; rv:14.0) Gecko/20100101 Firefox/14.0.1"
109.91.254.116 - - [13/Aug/2012:02:56:33 +0200] "GET /typo3temp/pics/1c87ac17b7.jpg HTTP/1.1" 200 6888 "http://www.ecosign.net/allgemein/aktuelles/" "Mozilla/5.0 (Windows NT 5.1; rv:14.0) Gecko/20100101 Firefox/14.0.1"
109.91.254.116 - - [13/Aug/2012:02:56:33 +0200] "GET /typo3temp/pics/f274dd3b5d.jpg HTTP/1.1" 200 9081 "http://www.ecosign.net/allgemein/aktuelles/" "Mozilla/5.0 (Windows NT 5.1; rv:14.0) Gecko/20100101 Firefox/14.0.1"
109.91.254.116 - - [13/Aug/2012:02:56:33 +0200] "GET /typo3temp/pics/7dce79d538.jpg HTTP/1.1" 200 14742 "http://www.ecosign.net/allgemein/aktuelles/" "Mozilla/5.0 (Windows NT 5.1; rv:14.0) Gecko/20100101 Firefox/14.0.1"
109.91.254.116 - - [13/Aug/2012:02:56:33 +0200] "GET /uploads/pics/philosophie_unesco_02.jpg HTTP/1.1" 200 10811 "http://www.ecosign.net/allgemein/aktuelles/" "Mozilla/5.0 (Windows NT 5.1; rv:14.0) Gecko/20100101 Firefox/14.0.1"
109.91.254.116 - - [13/Aug/2012:02:56:33 +0200] "GET /typo3temp/pics/cf4f006e89.jpg HTTP/1.1" 200 13240 "http://www.ecosign.net/allgemein/aktuelles/" "Mozilla/5.0 (Windows NT 5.1; rv:14.0) Gecko/20100101 Firefox/14.0.1"
109.91.254.116 - - [13/Aug/2012:02:56:33 +0200] "GET /uploads/pics/simone-fuhs_voten.jpg HTTP/1.1" 200 64397 "http://www.ecosign.net/allgemein/aktuelles/" "Mozilla/5.0 (Windows NT 5.1; rv:14.0) Gecko/20100101 Firefox/14.0.1"
109.91.254.116 - - [13/Aug/2012:02:56:33 +0200] "GET /typo3temp/pics/ecc31f1ff2.jpg HTTP/1.1" 200 9716 "http://www.ecosign.net/allgemein/aktuelles/" "Mozilla/5.0 (Windows NT 5.1; rv:14.0) Gecko/20100101 Firefox/14.0.1"
109.91.254.116 - - [13/Aug/2012:02:56:33 +0200] "GET /typo3temp/pics/7923a6a8f8.jpg HTTP/1.1" 200 8594 "http://www.ecosign.net/allgemein/aktuelles/" "Mozilla/5.0 (Windows NT 5.1; rv:14.0) Gecko/20100101 Firefox/14.0.1"
109.91.254.116 - - [13/Aug/2012:02:56:33 +0200] "GET /typo3temp/pics/4d3db8f32f.jpg HTTP/1.1" 200 14713 "http://www.ecosign.net/allgemein/aktuelles/" "Mozilla/5.0 (Windows NT 5.1; rv:14.0) Gecko/20100101 Firefox/14.0.1"
109.91.254.116 - - [13/Aug/2012:02:56:33 +0200] "GET /typo3temp/pics/de3703c9c9.jpg HTTP/1.1" 200 11659 "http://www.ecosign.net/allgemein/aktuelles/" "Mozilla/5.0 (Windows NT 5.1; rv:14.0) Gecko/20100101 Firefox/14.0.1"
109.91.254.116 - - [13/Aug/2012:02:56:33 +0200] "GET /uploads/pics/Ciclo.jpg HTTP/1.1" 200 7389 "http://www.ecosign.net/allgemein/aktuelles/" "Mozilla/5.0 (Windows NT 5.1; rv:14.0) Gecko/20100101 Firefox/14.0.1"
109.91.254.116 - - [13/Aug/2012:02:56:33 +0200] "GET /uploads/pics/Abschlussfeier5.jpg HTTP/1.1" 200 20288 "http://www.ecosign.net/allgemein/aktuelles/" "Mozilla/5.0 (Windows NT 5.1; rv:14.0) Gecko/20100101 Firefox/14.0.1"
109.91.254.116 - - [13/Aug/2012:02:56:33 +0200] "GET /typo3temp/pics/5f529a6e8d.jpg HTTP/1.1" 200 12675 "http://www.ecosign.net/allgemein/aktuelles/" "Mozilla/5.0 (Windows NT 5.1; rv:14.0) Gecko/20100101 Firefox/14.0.1"
109.91.254.116 - - [13/Aug/2012:02:56:33 +0200] "GET /typo3temp/pics/926ee26238.jpg HTTP/1.1" 200 12591 "http://www.ecosign.net/allgemein/aktuelles/" "Mozilla/5.0 (Windows NT 5.1; rv:14.0) Gecko/20100101 Firefox/14.0.1"
109.91.254.116 - - [13/Aug/2012:02:56:33 +0200] "GET /typo3temp/pics/a0fb0dc8f2.jpg HTTP/1.1" 200 14760 "http://www.ecosign.net/allgemein/aktuelles/" "Mozilla/5.0 (Windows NT 5.1; rv:14.0) Gecko/20100101 Firefox/14.0.1"
109.91.254.116 - - [13/Aug/2012:02:56:33 +0200] "GET /uploads/pics/summer-school_3th.jpg HTTP/1.1" 200 35087 "http://www.ecosign.net/allgemein/aktuelles/" "Mozilla/5.0 (Windows NT 5.1; rv:14.0) Gecko/20100101 Firefox/14.0.1"
109.91.254.116 - - [13/Aug/2012:02:56:33 +0200] "GET /uploads/pics/Alanus.jpg HTTP/1.1" 200 19301 "http://www.ecosign.net/allgemein/aktuelles/" "Mozilla/5.0 (Windows NT 5.1; rv:14.0) Gecko/20100101 Firefox/14.0.1"
109.91.254.116 - - [13/Aug/2012:02:56:33 +0200] "GET /typo3temp/pics/098d742857.jpg HTTP/1.1" 200 10390 "http://www.ecosign.net/allgemein/aktuelles/" "Mozilla/5.0 (Windows NT 5.1; rv:14.0) Gecko/20100101 Firefox/14.0.1"
109.91.254.116 - - [13/Aug/2012:02:56:33 +0200] "GET /uploads/pics/Gebaeude1.jpg HTTP/1.1" 200 32581 "http://www.ecosign.net/allgemein/aktuelles/" "Mozilla/5.0 (Windows NT 5.1; rv:14.0) Gecko/20100101 Firefox/14.0.1"
109.91.254.116 - - [13/Aug/2012:02:56:33 +0200] "GET /typo3temp/pics/7bb4e9adba.jpg HTTP/1.1" 200 11170 "http://www.ecosign.net/allgemein/aktuelles/" "Mozilla/5.0 (Windows NT 5.1; rv:14.0) Gecko/20100101 Firefox/14.0.1"
109.91.254.116 - - [13/Aug/2012:02:56:33 +0200] "GET /uploads/pics/ICO.jpg HTTP/1.1" 200 28432 "http://www.ecosign.net/allgemein/aktuelles/" "Mozilla/5.0 (Windows NT 5.1; rv:14.0) Gecko/20100101 Firefox/14.0.1"
109.91.254.116 - - [13/Aug/2012:02:56:33 +0200] "GET /typo3temp/pics/2d4d5b993d.jpg HTTP/1.1" 200 9588 "http://www.ecosign.net/allgemein/aktuelles/" "Mozilla/5.0 (Windows NT 5.1; rv:14.0) Gecko/20100101 Firefox/14.0.1"
109.91.254.116 - - [13/Aug/2012:02:56:33 +0200] "GET /typo3temp/pics/fb70c72d85.jpg HTTP/1.1" 200 4222 "http://www.ecosign.net/allgemein/aktuelles/" "Mozilla/5.0 (Windows NT 5.1; rv:14.0) Gecko/20100101 Firefox/14.0.1"
109.91.254.116 - - [13/Aug/2012:02:56:33 +0200] "GET /typo3temp/pics/7899961d3c.jpg HTTP/1.1" 200 16261 "http://www.ecosign.net/allgemein/aktuelles/" "Mozilla/5.0 (Windows NT 5.1; rv:14.0) Gecko/20100101 Firefox/14.0.1"
109.91.254.116 - - [13/Aug/2012:02:56:33 +0200] "GET /typo3temp/pics/8760befc88.jpg HTTP/1.1" 200 16059 "http://www.ecosign.net/allgemein/aktuelles/" "Mozilla/5.0 (Windows NT 5.1; rv:14.0) Gecko/20100101 Firefox/14.0.1"
109.91.254.116 - - [13/Aug/2012:02:56:33 +0200] "GET /uploads/pics/Wucherer.jpg HTTP/1.1" 200 30957 "http://www.ecosign.net/allgemein/aktuelles/" "Mozilla/5.0 (Windows NT 5.1; rv:14.0) Gecko/20100101 Firefox/14.0.1"
109.91.254.116 - - [13/Aug/2012:02:56:33 +0200] "GET /uploads/pics/TransitionJury-17.jpg HTTP/1.1" 200 16577 "http://www.ecosign.net/allgemein/aktuelles/" "Mozilla/5.0 (Windows NT 5.1; rv:14.0) Gecko/20100101 Firefox/14.0.1"
109.91.254.116 - - [13/Aug/2012:02:56:33 +0200] "GET /typo3temp/pics/81a23d69d3.jpg HTTP/1.1" 200 14744 "http://www.ecosign.net/allgemein/aktuelles/" "Mozilla/5.0 (Windows NT 5.1; rv:14.0) Gecko/20100101 Firefox/14.0.1"
109.91.254.116 - - [13/Aug/2012:02:56:33 +0200] "GET /typo3temp/pics/5c2e3b5c18.jpg HTTP/1.1" 200 5672 "http://www.ecosign.net/allgemein/aktuelles/" "Mozilla/5.0 (Windows NT 5.1; rv:14.0) Gecko/20100101 Firefox/14.0.1"
109.91.254.116 - - [13/Aug/2012:02:56:33 +0200] "GET /uploads/pics/Passagen4.jpg HTTP/1.1" 200 11079 "http://www.ecosign.net/allgemein/aktuelles/" "Mozilla/5.0 (Windows NT 5.1; rv:14.0) Gecko/20100101 Firefox/14.0.1"
109.91.254.116 - - [13/Aug/2012:02:56:33 +0200] "GET /typo3temp/pics/6dabdd72dc.jpg HTTP/1.1" 200 12436 "http://www.ecosign.net/allgemein/aktuelles/" "Mozilla/5.0 (Windows NT 5.1; rv:14.0) Gecko/20100101 Firefox/14.0.1"
109.91.254.116 - - [13/Aug/2012:02:56:33 +0200] "GET /uploads/pics/P1050787.jpg HTTP/1.1" 200 14025 "http://www.ecosign.net/allgemein/aktuelles/" "Mozilla/5.0 (Windows NT 5.1; rv:14.0) Gecko/20100101 Firefox/14.0.1"
109.91.254.116 - - [13/Aug/2012:02:56:33 +0200] "GET /fileadmin/templates/bilder/nav.png HTTP/1.1" 304 - "http://www.ecosign.net/fileadmin/templates/css/content.css?1344605828" "Mozilla/5.0 (Windows NT 5.1; rv:14.0) Gecko/20100101 Firefox/14.0.1"
109.91.254.116 - - [13/Aug/2012:02:56:34 +0200] "GET //allgemein/aktuelles/3b427712683a8076188ebeebc8a52fb2/?tx_ttnews%5Byear%5D=2012 HTTP/1.1" 200 7926 "http://www.ecosign.net/allgemein/aktuelles/" "Mozilla/5.0 (Windows NT 5.1; rv:14.0) Gecko/20100101 Firefox/14.0.1"
109.91.254.116 - - [13/Aug/2012:02:56:37 +0200] "GET /allgemein/kontakt/adresse/ HTTP/1.1" 200 4671 "http://www.ecosign.net//allgemein/aktuelles/3b427712683a8076188ebeebc8a52fb2/?tx_ttnews%5Byear%5D=2012" "Mozilla/5.0 (Windows NT 5.1; rv:14.0) Gecko/20100101 Firefox/14.0.1"
109.91.254.116 - - [13/Aug/2012:02:56:38 +0200] "GET /fileadmin/templates/bilder/bookmarks-google.png HTTP/1.1" 304 - "http://www.ecosign.net/allgemein/kontakt/adresse/" "Mozilla/5.0 (Windows NT 5.1; rv:14.0) Gecko/20100101 Firefox/14.0.1"
109.91.254.116 - - [13/Aug/2012:02:56:38 +0200] "GET /fileadmin/templates/bilder/bookmarks-facebook.png HTTP/1.1" 304 - "http://www.ecosign.net/allgemein/kontakt/adresse/" "Mozilla/5.0 (Windows NT 5.1; rv:14.0) Gecko/20100101 Firefox/14.0.1"
109.91.254.116 - - [13/Aug/2012:02:56:38 +0200] "GET /uploads/pics/anfahrtsskizze.jpg HTTP/1.1" 200 143859 "http://www.ecosign.net/allgemein/kontakt/adresse/" "Mozilla/5.0 (Windows NT 5.1; rv:14.0) Gecko/20100101 Firefox/14.0.1"
109.91.254.116 - - [13/Aug/2012:02:56:38 +0200] "GET /fileadmin/templates/bilder/nav.png HTTP/1.1" 304 - "http://www.ecosign.net/fileadmin/templates/css/content.css?1344605828" "Mozilla/5.0 (Windows NT 5.1; rv:14.0) Gecko/20100101 Firefox/14.0.1"
109.91.254.116 - - [13/Aug/2012:02:56:38 +0200] "GET /fileadmin/templates/skripte/uniform/images/sprite.png HTTP/1.1" 200 34229 "http://www.ecosign.net/fileadmin/templates/skripte/uniform/css/uniform.default.css" "Mozilla/5.0 (Windows NT 5.1; rv:14.0) Gecko/20100101 Firefox/14.0.1"
217.186.231.31 - - [13/Aug/2012:02:56:38 +0200] "GET /allgemein/studium/gebuehren/ HTTP/1.1" 200 6101 "http://www.ecosign.net/allgemein/studium/studieninhalt/" "Mozilla/5.0 (Windows NT 6.1) AppleWebKit/534.57.2 (KHTML, like Gecko) Version/5.1.7 Safari/534.57.2"
217.186.231.31 - - [13/Aug/2012:02:56:39 +0200] "GET /typo3temp/stylesheet_fab097ae4c.css?1341584161 HTTP/1.1" 304 - "http://www.ecosign.net/allgemein/studium/gebuehren/" "Mozilla/5.0 (Windows NT 6.1) AppleWebKit/534.57.2 (KHTML, like Gecko) Version/5.1.7 Safari/534.57.2"
109.91.254.116 - - [13/Aug/2012:02:56:45 +0200] "GET /allgemein/oekologie-design/nachhaltiges-design/ HTTP/1.1" 200 5442 "http://www.ecosign.net/allgemein/kontakt/adresse/" "Mozilla/5.0 (Windows NT 5.1; rv:14.0) Gecko/20100101 Firefox/14.0.1"
109.91.254.116 - - [13/Aug/2012:02:56:46 +0200] "GET /fileadmin/templates/bilder/nav.png HTTP/1.1" 304 - "http://www.ecosign.net/fileadmin/templates/css/content.css?1344605828" "Mozilla/5.0 (Windows NT 5.1; rv:14.0) Gecko/20100101 Firefox/14.0.1"
217.186.231.31 - - [13/Aug/2012:02:56:52 +0200] "GET /allgemein/studium/nach-dem-abschluss/ HTTP/1.1" 200 5259 "http://www.ecosign.net/allgemein/studium/gebuehren/" "Mozilla/5.0 (Windows NT 6.1) AppleWebKit/534.57.2 (KHTML, like Gecko) Version/5.1.7 Safari/534.57.2"
217.186.231.31 - - [13/Aug/2012:02:56:52 +0200] "GET /eco_include/uebersicht.js HTTP/1.1" 200 2251 "http://www.ecosign.net/allgemein/studium/nach-dem-abschluss/" "Mozilla/5.0 (Windows NT 6.1) AppleWebKit/534.57.2 (KHTML, like Gecko) Version/5.1.7 Safari/534.57.2"
217.186.231.31 - - [13/Aug/2012:02:56:53 +0200] "GET /img_icon/77460126_ehemalige_03.jpg HTTP/1.1" 200 5276 "http://www.ecosign.net/allgemein/studium/nach-dem-abschluss/" "Mozilla/5.0 (Windows NT 6.1) AppleWebKit/534.57.2 (KHTML, like Gecko) Version/5.1.7 Safari/534.57.2"
217.186.231.31 - - [13/Aug/2012:02:56:53 +0200] "GET /img_icon/57522453_olschewski_ehemalige_01.jpg HTTP/1.1" 200 4817 "http://www.ecosign.net/allgemein/studium/nach-dem-abschluss/" "Mozilla/5.0 (Windows NT 6.1) AppleWebKit/534.57.2 (KHTML, like Gecko) Version/5.1.7 Safari/534.57.2"
217.186.231.31 - - [13/Aug/2012:02:56:53 +0200] "GET /img_icon/90666576_brandt_ehemalige_01.jpg HTTP/1.1" 200 5425 "http://www.ecosign.net/allgemein/studium/nach-dem-abschluss/" "Mozilla/5.0 (Windows NT 6.1) AppleWebKit/534.57.2 (KHTML, like Gecko) Version/5.1.7 Safari/534.57.2"
217.186.231.31 - - [13/Aug/2012:02:56:53 +0200] "GET /img_icon/54170438_nonmodo1_ehemalige_01.jpg HTTP/1.1" 200 4083 "http://www.ecosign.net/allgemein/studium/nach-dem-abschluss/" "Mozilla/5.0 (Windows NT 6.1) AppleWebKit/534.57.2 (KHTML, like Gecko) Version/5.1.7 Safari/534.57.2"
217.186.231.31 - - [13/Aug/2012:02:56:53 +0200] "GET /img_icon/87454206_ehemalige_05.jpg HTTP/1.1" 200 4705 "http://www.ecosign.net/allgemein/studium/nach-dem-abschluss/" "Mozilla/5.0 (Windows NT 6.1) AppleWebKit/534.57.2 (KHTML, like Gecko) Version/5.1.7 Safari/534.57.2"
217.186.231.31 - - [13/Aug/2012:02:56:53 +0200] "GET /img_icon/42849401_nonmodo2_ehemalige_01.jpg HTTP/1.1" 200 3375 "http://www.ecosign.net/allgemein/studium/nach-dem-abschluss/" "Mozilla/5.0 (Windows NT 6.1) AppleWebKit/534.57.2 (KHTML, like Gecko) Version/5.1.7 Safari/534.57.2"
217.186.231.31 - - [13/Aug/2012:02:56:53 +0200] "GET /img_icon/22243974_nonmodo3_ehemalige_01.jpg HTTP/1.1" 200 3722 "http://www.ecosign.net/allgemein/studium/nach-dem-abschluss/" "Mozilla/5.0 (Windows NT 6.1) AppleWebKit/534.57.2 (KHTML, like Gecko) Version/5.1.7 Safari/534.57.2"
217.186.231.31 - - [13/Aug/2012:02:56:53 +0200] "GET /img_icon/94741344_stark_ehemalige_01.jpg HTTP/1.1" 200 5867 "http://www.ecosign.net/allgemein/studium/nach-dem-abschluss/" "Mozilla/5.0 (Windows NT 6.1) AppleWebKit/534.57.2 (KHTML, like Gecko) Version/5.1.7 Safari/534.57.2"
217.186.231.31 - - [13/Aug/2012:02:56:53 +0200] "GET /img_icon/4374635_attermayer_ehemalige_01.jpg HTTP/1.1" 200 6071 "http://www.ecosign.net/allgemein/studium/nach-dem-abschluss/" "Mozilla/5.0 (Windows NT 6.1) AppleWebKit/534.57.2 (KHTML, like Gecko) Version/5.1.7 Safari/534.57.2"
217.186.231.31 - - [13/Aug/2012:02:56:53 +0200] "GET /img_icon/96845958_ehemalige_11.jpg HTTP/1.1" 200 4787 "http://www.ecosign.net/allgemein/studium/nach-dem-abschluss/" "Mozilla/5.0 (Windows NT 6.1) AppleWebKit/534.57.2 (KHTML, like Gecko) Version/5.1.7 Safari/534.57.2"
217.186.231.31 - - [13/Aug/2012:02:56:53 +0200] "GET /img_icon/30982104_ehemalige_10.jpg HTTP/1.1" 200 6261 "http://www.ecosign.net/allgemein/studium/nach-dem-abschluss/" "Mozilla/5.0 (Windows NT 6.1) AppleWebKit/534.57.2 (KHTML, like Gecko) Version/5.1.7 Safari/534.57.2"
217.186.231.31 - - [13/Aug/2012:02:56:53 +0200] "GET /img_icon/41129550_ehemalige_12.jpg HTTP/1.1" 200 4875 "http://www.ecosign.net/allgemein/studium/nach-dem-abschluss/" "Mozilla/5.0 (Windows NT 6.1) AppleWebKit/534.57.2 (KHTML, like Gecko) Version/5.1.7 Safari/534.57.2"
217.186.231.31 - - [13/Aug/2012:02:56:53 +0200] "GET /img_icon/98931731_ehemalige_gerhards.jpg HTTP/1.1" 200 5740 "http://www.ecosign.net/allgemein/studium/nach-dem-abschluss/" "Mozilla/5.0 (Windows NT 6.1) AppleWebKit/534.57.2 (KHTML, like Gecko) Version/5.1.7 Safari/534.57.2"
217.186.231.31 - - [13/Aug/2012:02:56:53 +0200] "GET /img_icon/78331618_ehemalige_13.jpg HTTP/1.1" 200 4970 "http://www.ecosign.net/allgemein/studium/nach-dem-abschluss/" "Mozilla/5.0 (Windows NT 6.1) AppleWebKit/534.57.2 (KHTML, like Gecko) Version/5.1.7 Safari/534.57.2"
217.186.231.31 - - [13/Aug/2012:02:56:53 +0200] "GET /img_icon/55629001_Icon_Kohlhas_klein.jpg HTTP/1.1" 200 11593 "http://www.ecosign.net/allgemein/studium/nach-dem-abschluss/" "Mozilla/5.0 (Windows NT 6.1) AppleWebKit/534.57.2 (KHTML, like Gecko) Version/5.1.7 Safari/534.57.2"
217.186.231.31 - - [13/Aug/2012:02:56:53 +0200] "GET /img_icon/75421764_ehemalige_2_15.jpg HTTP/1.1" 200 5705 "http://www.ecosign.net/allgemein/studium/nach-dem-abschluss/" "Mozilla/5.0 (Windows NT 6.1) AppleWebKit/534.57.2 (KHTML, like Gecko) Version/5.1.7 Safari/534.57.2"
217.186.231.31 - - [13/Aug/2012:02:56:53 +0200] "GET /img_icon/10072783_komsign_fluegel.jpg HTTP/1.1" 200 6101 "http://www.ecosign.net/allgemein/studium/nach-dem-abschluss/" "Mozilla/5.0 (Windows NT 6.1) AppleWebKit/534.57.2 (KHTML, like Gecko) Version/5.1.7 Safari/534.57.2"
217.186.231.31 - - [13/Aug/2012:02:56:53 +0200] "GET /img_icon/79245131_ehemalige_02_17.jpg HTTP/1.1" 200 8564 "http://www.ecosign.net/allgemein/studium/nach-dem-abschluss/" "Mozilla/5.0 (Windows NT 6.1) AppleWebKit/534.57.2 (KHTML, like Gecko) Version/5.1.7 Safari/534.57.2"
217.186.231.31 - - [13/Aug/2012:02:56:53 +0200] "GET /img_icon/95088366_ehemalige_2_19.jpg HTTP/1.1" 200 5379 "http://www.ecosign.net/allgemein/studium/nach-dem-abschluss/" "Mozilla/5.0 (Windows NT 6.1) AppleWebKit/534.57.2 (KHTML, like Gecko) Version/5.1.7 Safari/534.57.2"
217.186.231.31 - - [13/Aug/2012:02:56:54 +0200] "GET /img_icon/59092718_Icon_Elmar_klein.jpg HTTP/1.1" 200 11432 "http://www.ecosign.net/allgemein/studium/nach-dem-abschluss/" "Mozilla/5.0 (Windows NT 6.1) AppleWebKit/534.57.2 (KHTML, like Gecko) Version/5.1.7 Safari/534.57.2"
217.186.231.31 - - [13/Aug/2012:02:56:54 +0200] "GET /img_icon/53116375_ehemalige_2_20.jpg HTTP/1.1" 200 5187 "http://www.ecosign.net/allgemein/studium/nach-dem-abschluss/" "Mozilla/5.0 (Windows NT 6.1) AppleWebKit/534.57.2 (KHTML, like Gecko) Version/5.1.7 Safari/534.57.2"
217.186.231.31 - - [13/Aug/2012:02:56:54 +0200] "GET /img_icon/51715179_meike_hill.jpg HTTP/1.1" 200 2527 "http://www.ecosign.net/allgemein/studium/nach-dem-abschluss/" "Mozilla/5.0 (Windows NT 6.1) AppleWebKit/534.57.2 (KHTML, like Gecko) Version/5.1.7 Safari/534.57.2"
217.186.231.31 - - [13/Aug/2012:02:56:54 +0200] "GET /img_icon/47188742_ehemalige_2_21.jpg HTTP/1.1" 200 4528 "http://www.ecosign.net/allgemein/studium/nach-dem-abschluss/" "Mozilla/5.0 (Windows NT 6.1) AppleWebKit/534.57.2 (KHTML, like Gecko) Version/5.1.7 Safari/534.57.2"
217.186.231.31 - - [13/Aug/2012:02:56:54 +0200] "GET /img_icon/50243787_Icon_Hartmann_klein.jpg HTTP/1.1" 200 16066 "http://www.ecosign.net/allgemein/studium/nach-dem-abschluss/" "Mozilla/5.0 (Windows NT 6.1) AppleWebKit/534.57.2 (KHTML, like Gecko) Version/5.1.7 Safari/534.57.2"
217.186.231.31 - - [13/Aug/2012:02:56:54 +0200] "GET /img_icon/28450322_ehemalige_2_23.jpg HTTP/1.1" 200 3766 "http://www.ecosign.net/allgemein/studium/nach-dem-abschluss/" "Mozilla/5.0 (Windows NT 6.1) AppleWebKit/534.57.2 (KHTML, like Gecko) Version/5.1.7 Safari/534.57.2"
217.186.231.31 - - [13/Aug/2012:02:56:54 +0200] "GET /img_icon/55908957_ehemalige_2_22.jpg HTTP/1.1" 200 3975 "http://www.ecosign.net/allgemein/studium/nach-dem-abschluss/" "Mozilla/5.0 (Windows NT 6.1) AppleWebKit/534.57.2 (KHTML, like Gecko) Version/5.1.7 Safari/534.57.2"
217.186.231.31 - - [13/Aug/2012:02:56:54 +0200] "GET /img_icon/34219110_Icon_Max_klein.jpg HTTP/1.1" 200 11298 "http://www.ecosign.net/allgemein/studium/nach-dem-abschluss/" "Mozilla/5.0 (Windows NT 6.1) AppleWebKit/534.57.2 (KHTML, like Gecko) Version/5.1.7 Safari/534.57.2"
217.186.231.31 - - [13/Aug/2012:02:56:54 +0200] "GET /img_icon/34841936_ehemalige_siggelkow_kl.jpg HTTP/1.1" 200 4995 "http://www.ecosign.net/allgemein/studium/nach-dem-abschluss/" "Mozilla/5.0 (Windows NT 6.1) AppleWebKit/534.57.2 (KHTML, like Gecko) Version/5.1.7 Safari/534.57.2"
217.186.231.31 - - [13/Aug/2012:02:56:54 +0200] "GET /img_icon/82924320_Icon_Windmann_klein.jpg HTTP/1.1" 200 14116 "http://www.ecosign.net/allgemein/studium/nach-dem-abschluss/" "Mozilla/5.0 (Windows NT 6.1) AppleWebKit/534.57.2 (KHTML, like Gecko) Version/5.1.7 Safari/534.57.2"
217.186.231.31 - - [13/Aug/2012:02:56:54 +0200] "GET /img_icon/7946648_Icon_Battenberg_klein.jpg HTTP/1.1" 200 16603 "http://www.ecosign.net/allgemein/studium/nach-dem-abschluss/" "Mozilla/5.0 (Windows NT 6.1) AppleWebKit/534.57.2 (KHTML, like Gecko) Version/5.1.7 Safari/534.57.2"
217.186.231.31 - - [13/Aug/2012:02:56:58 +0200] "GET /index.php?id=135&arbeit=4 HTTP/1.1" 301 26 "http://www.ecosign.net/allgemein/studium/nach-dem-abschluss/" "Mozilla/5.0 (Windows NT 6.1) AppleWebKit/534.57.2 (KHTML, like Gecko) Version/5.1.7 Safari/534.57.2"
217.186.231.31 - - [13/Aug/2012:02:56:58 +0200] "GET /allgemein/studium/nach-dem-abschluss/detail/?arbeit=4 HTTP/1.1" 200 5549 "http://www.ecosign.net/allgemein/studium/nach-dem-abschluss/" "Mozilla/5.0 (Windows NT 6.1) AppleWebKit/534.57.2 (KHTML, like Gecko) Version/5.1.7 Safari/534.57.2"
217.186.231.31 - - [13/Aug/2012:02:56:58 +0200] "GET /fileadmin/templates/bilder/icon-bt-zurueck.png HTTP/1.1" 200 567 "http://www.ecosign.net/allgemein/studium/nach-dem-abschluss/detail/?arbeit=4" "Mozilla/5.0 (Windows NT 6.1) AppleWebKit/534.57.2 (KHTML, like Gecko) Version/5.1.7 Safari/534.57.2"
217.186.231.31 - - [13/Aug/2012:02:56:58 +0200] "GET /img_icon/77540198_ehemalige_04.jpg HTTP/1.1" 200 14363 "http://www.ecosign.net/allgemein/studium/nach-dem-abschluss/detail/?arbeit=4" "Mozilla/5.0 (Windows NT 6.1) AppleWebKit/534.57.2 (KHTML, like Gecko) Version/5.1.7 Safari/534.57.2"
217.186.231.31 - - [13/Aug/2012:02:56:59 +0200] "GET /fileadmin/templates/skripte/jplayer/Jplayer.swf HTTP/1.1" 200 8452 "http://www.ecosign.net/allgemein/studium/nach-dem-abschluss/detail/?arbeit=4" "Mozilla/5.0 (Windows NT 6.1) AppleWebKit/534.57.2 (KHTML, like Gecko) Version/5.1.7 Safari/534.57.2"
217.186.231.31 - - [13/Aug/2012:02:57:00 +0200] "GET /img_jobs/ HTTP/1.1" 403 243 "http://www.ecosign.net/allgemein/studium/nach-dem-abschluss/detail/?arbeit=4" "Mozilla/5.0 (Windows NT 6.1) AppleWebKit/534.57.2 (KHTML, like Gecko) Version/5.1.7 Safari/534.57.2"
109.91.254.116 - - [13/Aug/2012:02:57:04 +0200] "GET /allgemein/oekologie-design/literaturhinweise/ HTTP/1.1" 200 7549 "http://www.ecosign.net/allgemein/oekologie-design/nachhaltiges-design/" "Mozilla/5.0 (Windows NT 5.1; rv:14.0) Gecko/20100101 Firefox/14.0.1"
109.91.254.116 - - [13/Aug/2012:02:57:04 +0200] "GET /uploads/pics/logo_m7.jpg HTTP/1.1" 200 3496 "http://www.ecosign.net/allgemein/oekologie-design/literaturhinweise/" "Mozilla/5.0 (Windows NT 5.1; rv:14.0) Gecko/20100101 Firefox/14.0.1"
109.91.254.116 - - [13/Aug/2012:02:57:05 +0200] "GET /fileadmin/templates/bilder/bookmarks-facebook.png HTTP/1.1" 304 - "http://www.ecosign.net/allgemein/oekologie-design/literaturhinweise/" "Mozilla/5.0 (Windows NT 5.1; rv:14.0) Gecko/20100101 Firefox/14.0.1"
109.91.254.116 - - [13/Aug/2012:02:57:05 +0200] "GET /fileadmin/templates/bilder/bookmarks-google.png HTTP/1.1" 304 - "http://www.ecosign.net/allgemein/oekologie-design/literaturhinweise/" "Mozilla/5.0 (Windows NT 5.1; rv:14.0) Gecko/20100101 Firefox/14.0.1"
109.91.254.116 - - [13/Aug/2012:02:57:05 +0200] "GET /fileadmin/templates/bilder/nav.png HTTP/1.1" 304 - "http://www.ecosign.net/fileadmin/templates/css/content.css?1344605828" "Mozilla/5.0 (Windows NT 5.1; rv:14.0) Gecko/20100101 Firefox/14.0.1"
217.186.231.31 - - [13/Aug/2012:02:57:08 +0200] "GET /allgemein/studium/nach-dem-abschluss/ HTTP/1.1" 200 5259 "http://www.ecosign.net/allgemein/studium/gebuehren/" "Mozilla/5.0 (Windows NT 6.1) AppleWebKit/534.57.2 (KHTML, like Gecko) Version/5.1.7 Safari/534.57.2"
217.186.231.31 - - [13/Aug/2012:02:57:11 +0200] "GET /index.php?id=135&arbeit=1 HTTP/1.1" 301 26 "http://www.ecosign.net/allgemein/studium/nach-dem-abschluss/" "Mozilla/5.0 (Windows NT 6.1) AppleWebKit/534.57.2 (KHTML, like Gecko) Version/5.1.7 Safari/534.57.2"
217.186.231.31 - - [13/Aug/2012:02:57:11 +0200] "GET /allgemein/studium/nach-dem-abschluss/detail/?arbeit=1 HTTP/1.1" 200 5850 "http://www.ecosign.net/allgemein/studium/nach-dem-abschluss/" "Mozilla/5.0 (Windows NT 6.1) AppleWebKit/534.57.2 (KHTML, like Gecko) Version/5.1.7 Safari/534.57.2"
217.186.231.31 - - [13/Aug/2012:02:57:12 +0200] "GET /img_icon/53363862_brandt_alleine.jpg HTTP/1.1" 200 16360 "http://www.ecosign.net/allgemein/studium/nach-dem-abschluss/detail/?arbeit=1" "Mozilla/5.0 (Windows NT 6.1) AppleWebKit/534.57.2 (KHTML, like Gecko) Version/5.1.7 Safari/534.57.2"
217.186.231.31 - - [13/Aug/2012:02:57:13 +0200] "GET /img_jobs/ HTTP/1.1" 403 243 "http://www.ecosign.net/allgemein/studium/nach-dem-abschluss/detail/?arbeit=1" "Mozilla/5.0 (Windows NT 6.1) AppleWebKit/534.57.2 (KHTML, like Gecko) Version/5.1.7 Safari/534.57.2"
217.186.231.31 - - [13/Aug/2012:02:57:14 +0200] "GET /allgemein/studium/nach-dem-abschluss/ HTTP/1.1" 200 5259 "http://www.ecosign.net/allgemein/studium/gebuehren/" "Mozilla/5.0 (Windows NT 6.1) AppleWebKit/534.57.2 (KHTML, like Gecko) Version/5.1.7 Safari/534.57.2"
217.186.231.31 - - [13/Aug/2012:02:57:22 +0200] "GET /index.php?id=135&arbeit=7 HTTP/1.1" 301 26 "http://www.ecosign.net/allgemein/studium/nach-dem-abschluss/" "Mozilla/5.0 (Windows NT 6.1) AppleWebKit/534.57.2 (KHTML, like Gecko) Version/5.1.7 Safari/534.57.2"
217.186.231.31 - - [13/Aug/2012:02:57:22 +0200] "GET /allgemein/studium/nach-dem-abschluss/detail/?arbeit=7 HTTP/1.1" 200 5570 "http://www.ecosign.net/allgemein/studium/nach-dem-abschluss/" "Mozilla/5.0 (Windows NT 6.1) AppleWebKit/534.57.2 (KHTML, like Gecko) Version/5.1.7 Safari/534.57.2"
217.186.231.31 - - [13/Aug/2012:02:57:23 +0200] "GET /img_icon/56003459_nonmodo_1.jpg HTTP/1.1" 200 9882 "http://www.ecosign.net/allgemein/studium/nach-dem-abschluss/detail/?arbeit=7" "Mozilla/5.0 (Windows NT 6.1) AppleWebKit/534.57.2 (KHTML, like Gecko) Version/5.1.7 Safari/534.57.2"
217.186.231.31 - - [13/Aug/2012:02:57:24 +0200] "GET /img_jobs/ HTTP/1.1" 403 243 "http://www.ecosign.net/allgemein/studium/nach-dem-abschluss/detail/?arbeit=7" "Mozilla/5.0 (Windows NT 6.1) AppleWebKit/534.57.2 (KHTML, like Gecko) Version/5.1.7 Safari/534.57.2"
77.233.225.110 - - [13/Aug/2012:02:57:28 +0200] "GET /html/__en/international/austauschschule.php HTTP/1.1" 404 26 "-" "Mozilla/5.0 (compatible; Abonti/0.91 - http://www.abonti.com)"
217.186.231.31 - - [13/Aug/2012:02:57:28 +0200] "GET /allgemein/studium/nach-dem-abschluss/ HTTP/1.1" 200 5259 "http://www.ecosign.net/allgemein/studium/gebuehren/" "Mozilla/5.0 (Windows NT 6.1) AppleWebKit/534.57.2 (KHTML, like Gecko) Version/5.1.7 Safari/534.57.2"
66.249.66.121 - - [13/Aug/2012:02:57:33 +0200] "GET /95/_module_flash/10/16/Versuchskaninchen+fuer+den+Peru+Austausch+-+Austausch+2002/15/Meine+Erfahrung+war+doppelt+befriedigend+-+Austausch+2003/14/Bereichernde+Gelegenheit+-+Austausch+2003/15/Meine+Erfahrung+war+doppelt+befriedigend+-+Austausch+2003/12/12/16/Versuchskaninchen+fuer+den+Peru+Austausch+-+Austausch+2002/11/11/Arriba+Peru+carajo!+-+Austausch+2006 HTTP/1.1" 404 51 "-" "Mozilla/5.0 (compatible; Googlebot/2.1; +http://www.google.com/bot.html)"
217.186.231.31 - - [13/Aug/2012:02:57:34 +0200] "GET /index.php?id=135&arbeit=9 HTTP/1.1" 301 26 "http://www.ecosign.net/allgemein/studium/nach-dem-abschluss/" "Mozilla/5.0 (Windows NT 6.1) AppleWebKit/534.57.2 (KHTML, like Gecko) Version/5.1.7 Safari/534.57.2"
217.186.231.31 - - [13/Aug/2012:02:57:34 +0200] "GET /allgemein/studium/nach-dem-abschluss/detail/?arbeit=9 HTTP/1.1" 200 5468 "http://www.ecosign.net/allgemein/studium/nach-dem-abschluss/" "Mozilla/5.0 (Windows NT 6.1) AppleWebKit/534.57.2 (KHTML, like Gecko) Version/5.1.7 Safari/534.57.2"
217.186.231.31 - - [13/Aug/2012:02:57:35 +0200] "GET /img_icon/26401672_ehemalige_09.jpg HTTP/1.1" 200 16705 "http://www.ecosign.net/allgemein/studium/nach-dem-abschluss/detail/?arbeit=9" "Mozilla/5.0 (Windows NT 6.1) AppleWebKit/534.57.2 (KHTML, like Gecko) Version/5.1.7 Safari/534.57.2"
66.249.66.171 - - [13/Aug/2012:02:57:35 +0200] "GET /allgemein/studentische-arbeiten/archiv/detail/?arbeit=7 HTTP/1.1" 301 281 "-" "Mozilla/5.0 (compatible; Googlebot/2.1; +http://www.google.com/bot.html)"
217.186.231.31 - - [13/Aug/2012:02:57:36 +0200] "GET /img_jobs/ HTTP/1.1" 403 243 "http://www.ecosign.net/allgemein/studium/nach-dem-abschluss/detail/?arbeit=9" "Mozilla/5.0 (Windows NT 6.1) AppleWebKit/534.57.2 (KHTML, like Gecko) Version/5.1.7 Safari/534.57.2"
217.186.231.31 - - [13/Aug/2012:02:57:38 +0200] "GET /allgemein/studium/nach-dem-abschluss/ HTTP/1.1" 200 5259 "http://www.ecosign.net/allgemein/studium/gebuehren/" "Mozilla/5.0 (Windows NT 6.1) AppleWebKit/534.57.2 (KHTML, like Gecko) Version/5.1.7 Safari/534.57.2"
109.91.254.116 - - [13/Aug/2012:02:57:42 +0200] "GET /allgemein/aktuelles/ HTTP/1.1" 200 14450 "http://www.ecosign.net/allgemein/oekologie-design/literaturhinweise/" "Mozilla/5.0 (Windows NT 5.1; rv:14.0) Gecko/20100101 Firefox/14.0.1"
109.91.254.116 - - [13/Aug/2012:02:57:43 +0200] "GET /fileadmin/templates/bilder/bookmarks-facebook.png HTTP/1.1" 304 - "http://www.ecosign.net/allgemein/aktuelles/" "Mozilla/5.0 (Windows NT 5.1; rv:14.0) Gecko/20100101 Firefox/14.0.1"
109.91.254.116 - - [13/Aug/2012:02:57:43 +0200] "GET /fileadmin/templates/bilder/bookmarks-google.png HTTP/1.1" 304 - "http://www.ecosign.net/allgemein/aktuelles/" "Mozilla/5.0 (Windows NT 5.1; rv:14.0) Gecko/20100101 Firefox/14.0.1"
109.91.254.116 - - [13/Aug/2012:02:57:43 +0200] "GET /fileadmin/templates/bilder/nav.png HTTP/1.1" 304 - "http://www.ecosign.net/fileadmin/templates/css/content.css?1344605828" "Mozilla/5.0 (Windows NT 5.1; rv:14.0) Gecko/20100101 Firefox/14.0.1"
109.91.254.116 - - [13/Aug/2012:02:57:43 +0200] "GET //allgemein/aktuelles/3b427712683a8076188ebeebc8a52fb2/?tx_ttnews%5Byear%5D=2012 HTTP/1.1" 200 7926 "http://www.ecosign.net/allgemein/aktuelles/" "Mozilla/5.0 (Windows NT 5.1; rv:14.0) Gecko/20100101 Firefox/14.0.1"
217.186.231.31 - - [13/Aug/2012:02:57:48 +0200] "GET /index.php?id=135&arbeit=35 HTTP/1.1" 301 26 "http://www.ecosign.net/allgemein/studium/nach-dem-abschluss/" "Mozilla/5.0 (Windows NT 6.1) AppleWebKit/534.57.2 (KHTML, like Gecko) Version/5.1.7 Safari/534.57.2"
217.186.231.31 - - [13/Aug/2012:02:57:48 +0200] "GET /allgemein/studium/nach-dem-abschluss/detail/?arbeit=35 HTTP/1.1" 200 6054 "http://www.ecosign.net/allgemein/studium/nach-dem-abschluss/" "Mozilla/5.0 (Windows NT 6.1) AppleWebKit/534.57.2 (KHTML, like Gecko) Version/5.1.7 Safari/534.57.2"
217.186.231.31 - - [13/Aug/2012:02:57:48 +0200] "GET /img_icon/89492323_ehemalige_gerlachs_gr.jpg HTTP/1.1" 200 14860 "http://www.ecosign.net/allgemein/studium/nach-dem-abschluss/detail/?arbeit=35" "Mozilla/5.0 (Windows NT 6.1) AppleWebKit/534.57.2 (KHTML, like Gecko) Version/5.1.7 Safari/534.57.2"
217.186.231.31 - - [13/Aug/2012:02:57:50 +0200] "GET /img_jobs/ HTTP/1.1" 403 243 "http://www.ecosign.net/allgemein/studium/nach-dem-abschluss/detail/?arbeit=35" "Mozilla/5.0 (Windows NT 6.1) AppleWebKit/534.57.2 (KHTML, like Gecko) Version/5.1.7 Safari/534.57.2"
217.186.231.31 - - [13/Aug/2012:02:57:55 +0200] "GET /allgemein/studium/studienverlauf/ HTTP/1.1" 200 4417 "http://www.ecosign.net/allgemein/studium/nach-dem-abschluss/detail/?arbeit=35" "Mozilla/5.0 (Windows NT 6.1) AppleWebKit/534.57.2 (KHTML, like Gecko) Version/5.1.7 Safari/534.57.2"
217.186.231.31 - - [13/Aug/2012:02:57:56 +0200] "GET /typo3temp/stylesheet_6bf39800b7.css?1341586993 HTTP/1.1" 304 - "http://www.ecosign.net/allgemein/studium/studienverlauf/" "Mozilla/5.0 (Windows NT 6.1) AppleWebKit/534.57.2 (KHTML, like Gecko) Version/5.1.7 Safari/534.57.2"
109.91.254.116 - - [13/Aug/2012:02:58:00 +0200] "GET /allgemein/studium/studienverlauf/ HTTP/1.1" 200 4417 "http://www.ecosign.net//allgemein/aktuelles/3b427712683a8076188ebeebc8a52fb2/?tx_ttnews%5Byear%5D=2012" "Mozilla/5.0 (Windows NT 5.1; rv:14.0) Gecko/20100101 Firefox/14.0.1"
109.91.254.116 - - [13/Aug/2012:02:58:00 +0200] "GET /fileadmin/templates/bilder/bookmarks-facebook.png HTTP/1.1" 304 - "http://www.ecosign.net/allgemein/studium/studienverlauf/" "Mozilla/5.0 (Windows NT 5.1; rv:14.0) Gecko/20100101 Firefox/14.0.1"
109.91.254.116 - - [13/Aug/2012:02:58:00 +0200] "GET /fileadmin/templates/bilder/bookmarks-google.png HTTP/1.1" 304 - "http://www.ecosign.net/allgemein/studium/studienverlauf/" "Mozilla/5.0 (Windows NT 5.1; rv:14.0) Gecko/20100101 Firefox/14.0.1"
109.91.254.116 - - [13/Aug/2012:02:58:00 +0200] "GET /fileadmin/templates/bilder/nav.png HTTP/1.1" 304 - "http://www.ecosign.net/fileadmin/templates/css/content.css?1344605828" "Mozilla/5.0 (Windows NT 5.1; rv:14.0) Gecko/20100101 Firefox/14.0.1"
109.91.254.116 - - [13/Aug/2012:02:58:00 +0200] "GET /uploads/pics/Studienverlauf_ecodiplom.jpg HTTP/1.1" 200 198364 "http://www.ecosign.net/allgemein/studium/studienverlauf/" "Mozilla/5.0 (Windows NT 5.1; rv:14.0) Gecko/20100101 Firefox/14.0.1"
217.186.231.31 - - [13/Aug/2012:02:58:17 +0200] "GET /allgemein/international/austauschschule/ HTTP/1.1" 200 5300 "http://www.ecosign.net/allgemein/studium/studienverlauf/" "Mozilla/5.0 (Windows NT 6.1) AppleWebKit/534.57.2 (KHTML, like Gecko) Version/5.1.7 Safari/534.57.2"
217.186.231.31 - - [13/Aug/2012:02:58:17 +0200] "GET /skripte/jplayer/jquery.jplayer.min.js HTTP/1.1" 404 51 "http://www.ecosign.net/allgemein/international/austauschschule/" "Mozilla/5.0 (Windows NT 6.1) AppleWebKit/534.57.2 (KHTML, like Gecko) Version/5.1.7 Safari/534.57.2"
217.186.231.31 - - [13/Aug/2012:02:58:17 +0200] "GET /fileadmin/templates/skripte/flexslider/jquery.flexslider.js HTTP/1.1" 304 - "http://www.ecosign.net/allgemein/international/austauschschule/" "Mozilla/5.0 (Windows NT 6.1) AppleWebKit/534.57.2 (KHTML, like Gecko) Version/5.1.7 Safari/534.57.2"
217.186.231.31 - - [13/Aug/2012:02:58:17 +0200] "GET /fileadmin/templates/skripte/flexslider/flexslider.css HTTP/1.1" 304 - "http://www.ecosign.net/allgemein/international/austauschschule/" "Mozilla/5.0 (Windows NT 6.1) AppleWebKit/534.57.2 (KHTML, like Gecko) Version/5.1.7 Safari/534.57.2"
217.186.231.31 - - [13/Aug/2012:02:58:17 +0200] "GET /eco_include/detail.js HTTP/1.1" 304 - "http://www.ecosign.net/allgemein/international/austauschschule/" "Mozilla/5.0 (Windows NT 6.1) AppleWebKit/534.57.2 (KHTML, like Gecko) Version/5.1.7 Safari/534.57.2"
217.186.231.31 - - [13/Aug/2012:02:58:17 +0200] "GET /img_jobs/89984450_austauschschule.jpg HTTP/1.1" 304 - "http://www.ecosign.net/allgemein/international/austauschschule/" "Mozilla/5.0 (Windows NT 6.1) AppleWebKit/534.57.2 (KHTML, like Gecko) Version/5.1.7 Safari/534.57.2"
217.186.231.31 - - [13/Aug/2012:02:58:17 +0200] "GET /fileadmin/templates/bilder/icon-videoplayer.png HTTP/1.1" 304 - "http://www.ecosign.net/allgemein/international/austauschschule/" "Mozilla/5.0 (Windows NT 6.1) AppleWebKit/534.57.2 (KHTML, like Gecko) Version/5.1.7 Safari/534.57.2"
217.186.231.31 - - [13/Aug/2012:02:58:19 +0200] "GET /img_jobs/46534137_austauschschule.mp3 HTTP/1.1" 200 641174 "http://www.ecosign.net/allgemein/international/austauschschule/" "Mozilla/5.0 (Windows NT 6.1) AppleWebKit/534.57.2 (KHTML, like Gecko) Version/5.1.7 Safari/534.57.2"
217.186.231.31 - - [13/Aug/2012:02:58:22 +0200] "GET /allgemein/partner/ HTTP/1.1" 200 5458 "http://www.ecosign.net/allgemein/international/austauschschule/" "Mozilla/5.0 (Windows NT 6.1) AppleWebKit/534.57.2 (KHTML, like Gecko) Version/5.1.7 Safari/534.57.2"
109.91.254.116 - - [13/Aug/2012:02:58:23 +0200] "POST /suchergebnisse/ HTTP/1.1" 200 4870 "http://www.ecosign.net/allgemein/studium/studienverlauf/" "Mozilla/5.0 (Windows NT 5.1; rv:14.0) Gecko/20100101 Firefox/14.0.1"
109.91.254.116 - - [13/Aug/2012:02:58:24 +0200] "GET /fileadmin/templates/bilder/bookmarks-facebook.png HTTP/1.1" 304 - "http://www.ecosign.net/suchergebnisse/" "Mozilla/5.0 (Windows NT 5.1; rv:14.0) Gecko/20100101 Firefox/14.0.1"
109.91.254.116 - - [13/Aug/2012:02:58:24 +0200] "GET /fileadmin/templates/bilder/bookmarks-google.png HTTP/1.1" 304 - "http://www.ecosign.net/suchergebnisse/" "Mozilla/5.0 (Windows NT 5.1; rv:14.0) Gecko/20100101 Firefox/14.0.1"
217.186.231.31 - - [13/Aug/2012:02:58:25 +0200] "GET /allgemein/oekologie-design/nachhaltiges-design/ HTTP/1.1" 200 5442 "http://www.ecosign.net/allgemein/partner/" "Mozilla/5.0 (Windows NT 6.1) AppleWebKit/534.57.2 (KHTML, like Gecko) Version/5.1.7 Safari/534.57.2"
217.186.231.31 - - [13/Aug/2012:02:58:29 +0200] "GET /allgemein/oekologie-design/zukunftsfaehigkeit/ HTTP/1.1" 200 4849 "http://www.ecosign.net/allgemein/oekologie-design/nachhaltiges-design/" "Mozilla/5.0 (Windows NT 6.1) AppleWebKit/534.57.2 (KHTML, like Gecko) Version/5.1.7 Safari/534.57.2"
217.186.231.31 - - [13/Aug/2012:02:58:33 +0200] "GET /allgemein/oekologie-design/nachhaltiges-design/ HTTP/1.1" 200 5442 "http://www.ecosign.net/allgemein/oekologie-design/zukunftsfaehigkeit/" "Mozilla/5.0 (Windows NT 6.1) AppleWebKit/534.57.2 (KHTML, like Gecko) Version/5.1.7 Safari/534.57.2"
217.186.231.31 - - [13/Aug/2012:02:58:43 +0200] "GET /allgemein/partner/ HTTP/1.1" 200 5458 "http://www.ecosign.net/allgemein/oekologie-design/nachhaltiges-design/" "Mozilla/5.0 (Windows NT 6.1) AppleWebKit/534.57.2 (KHTML, like Gecko) Version/5.1.7 Safari/534.57.2"
66.249.66.141 - - [13/Aug/2012:02:59:05 +0200] "GET /allgemein/die-ecosign/dozenten/detail/?arbeit=34 HTTP/1.1" 301 279 "-" "Mozilla/5.0 (compatible; Googlebot/2.1; +http://www.google.com/bot.html)"
173.192.238.40 - - [13/Aug/2012:02:59:58 +0200] "GET /rssdata/news.rss HTTP/1.1" 304 - "-" "Mozilla/5.0 (X11; U; Linux x86_64; en-US; rv:1.9.0.19; aggregator:Spinn3r (Spinn3r 3.1); http://spinn3r.com/robot) Gecko/2010040121 Firefox/3.0.19"
77.233.225.110 - - [13/Aug/2012:03:00:43 +0200] "GET /index.php HTTP/1.1" 301 - "-" "Mozilla/5.0 (compatible; Abonti/0.91 - http://www.abonti.com)"
77.233.225.110 - - [13/Aug/2012:03:00:43 +0200] "GET /datenspeicher/ HTTP/1.1" 404 1543 "-" "Mozilla/5.0 (compatible; Abonti/0.91 - http://www.abonti.com)"
66.249.66.171 - - [13/Aug/2012:03:01:25 +0200] "GET /allgemein/aktuelles/news-detail/ecosign-unterstuetzt-bushmeat-aid/839a85ce7c57ac0b6f9b30fa472869e4/ HTTP/1.1" 301 315 "-" "Mozilla/5.0 (compatible; Googlebot/2.1; +http://www.google.com/bot.html)"
