188.102.52.249 - - [13/Aug/2012:01:42:38 +0200] "GET /img_jobs/26350397_bild_12.jpg HTTP/1.1" 200 219304 "http://www.ecosign.net/allgemein/studentische-arbeiten/abschlussarbeiten/detail/?arbeit=8" "Mozilla/5.0 (Macintosh; Intel Mac OS X 10_8) AppleWebKit/536.25 (KHTML, like Gecko) Version/6.0 Safari/536.25"
188.102.52.249 - - [13/Aug/2012:01:42:47 +0200] "GET /allgemein/studentische-arbeiten/abschlussarbeiten/ HTTP/1.1" 200 5199 "http://www.ecosign.net/allgemein/studentische-arbeiten/semesterarbeiten/" "Mozilla/5.0 (Macintosh; Intel Mac OS X 10_8) AppleWebKit/536.25 (KHTML, like Gecko) Version/6.0 Safari/536.25"
188.102.52.249 - - [13/Aug/2012:01:42:50 +0200] "GET /index.php?id=132&arbeit=10 HTTP/1.1" 301 26 "http://www.ecosign.net/allgemein/studentische-arbeiten/abschlussarbeiten/" "Mozilla/5.0 (Macintosh; Intel Mac OS X 10_8) AppleWebKit/536.25 (KHTML, like Gecko) Version/6.0 Safari/536.25"
188.102.52.249 - - [13/Aug/2012:01:42:50 +0200] "GET /allgemein/studentische-arbeiten/abschlussarbeiten/detail/?arbeit=10 HTTP/1.1" 200 5584 "http://www.ecosign.net/allgemein/studentische-arbeiten/abschlussarbeiten/" "Mozilla/5.0 (Macintosh; Intel Mac OS X 10_8) AppleWebKit/536.25 (KHTML, like Gecko) Version/6.0 Safari/536.25"
188.102.52.249 - - [13/Aug/2012:01:42:50 +0200] "GET /skripte/jplayer/jquery.jplayer.min.js HTTP/1.1" 404 51 "http://www.ecosign.net/allgemein/studentische-arbeiten/abschlussarbeiten/detail/?arbeit=10" "Mozilla/5.0 (Macintosh; Intel Mac OS X 10_8) AppleWebKit/536.25 (KHTML, like Gecko) Version/6.0 Safari/536.25"
188.102.52.249 - - [13/Aug/2012:01:42:50 +0200] "GET /img_jobs/82873523_gogichaishvili_3.jpg HTTP/1.1" 200 76364 "http://www.ecosign.net/allgemein/studentische-arbeiten/abschlussarbeiten/detail/?arbeit=10" "Mozilla/5.0 (Macintosh; Intel Mac OS X 10_8) AppleWebKit/536.25 (KHTML, like Gecko) Version/6.0 Safari/536.25"
188.102.52.249 - - [13/Aug/2012:01:42:50 +0200] "GET /img_jobs/99935235_gogichaishvili_5.jpg HTTP/1.1" 200 68571 "http://www.ecosign.net/allgemein/studentische-arbeiten/abschlussarbeiten/detail/?arbeit=10" "Mozilla/5.0 (Macintosh; Intel Mac OS X 10_8) AppleWebKit/536.25 (KHTML, like Gecko) Version/6.0 Safari/536.25"
188.102.52.249 - - [13/Aug/2012:01:42:50 +0200] "GET /img_jobs/8667118_gogichaishvili_1.jpg HTTP/1.1" 200 77969 "http://www.ecosign.net/allgemein/studentische-arbeiten/abschlussarbeiten/detail/?arbeit=10" "Mozilla/5.0 (Macintosh; Intel Mac OS X 10_8) AppleWebKit/536.25 (KHTML, like Gecko) Version/6.0 Safari/536.25"
188.102.52.249 - - [13/Aug/2012:01:42:50 +0200] "GET /img_jobs/24493905_gogichaishvili_2.jpg HTTP/1.1" 200 81229 "http://www.ecosign.net/allgemein/studentische-arbeiten/abschlussarbeiten/detail/?arbeit=10" "Mozilla/5.0 (Macintosh; Intel Mac OS X 10_8) AppleWebKit/536.25 (KHTML, like Gecko) Version/6.0 Safari/536.25"
188.102.52.249 - - [13/Aug/2012:01:42:50 +0200] "GET /img_jobs/27330096_gogichaishvili_4.jpg HTTP/1.1" 200 88525 "http://www.ecosign.net/allgemein/studentische-arbeiten/abschlussarbeiten/detail/?arbeit=10" "Mozilla/5.0 (Macintosh; Intel Mac OS X 10_8) AppleWebKit/536.25 (KHTML, like Gecko) Version/6.0 Safari/536.25"
188.102.52.249 - - [13/Aug/2012:01:42:50 +0200] "GET /img_jobs/93634853_gogichaishvili_6.jpg HTTP/1.1" 200 87311 "http://www.ecosign.net/allgemein/studentische-arbeiten/abschlussarbeiten/detail/?arbeit=10" "Mozilla/5.0 (Macintosh; Intel Mac OS X 10_8) AppleWebKit/536.25 (KHTML, like Gecko) Version/6.0 Safari/536.25"
188.102.52.249 - - [13/Aug/2012:01:42:51 +0200] "GET /img_jobs/16670940_gogichaishvili_7.jpg HTTP/1.1" 200 73907 "http://www.ecosign.net/allgemein/studentische-arbeiten/abschlussarbeiten/detail/?arbeit=10" "Mozilla/5.0 (Macintosh; Intel Mac OS X 10_8) AppleWebKit/536.25 (KHTML, like Gecko) Version/6.0 Safari/536.25"
188.102.52.249 - - [13/Aug/2012:01:42:51 +0200] "GET /img_jobs/58884132_Teona.mp3 HTTP/1.1" 206 2 "http://www.ecosign.net/allgemein/studentische-arbeiten/abschlussarbeiten/detail/?arbeit=10" "Mozilla/5.0 (Macintosh; Intel Mac OS X 10_8) AppleWebKit/536.25 (KHTML, like Gecko) Version/6.0 Safari/536.25"
188.102.52.249 - - [13/Aug/2012:01:42:52 +0200] "GET /img_jobs/58884132_Teona.mp3 HTTP/1.1" 206 1373856 "http://www.ecosign.net/allgemein/studentische-arbeiten/abschlussarbeiten/detail/?arbeit=10" "Mozilla/5.0 (Macintosh; Intel Mac OS X 10_8) AppleWebKit/536.25 (KHTML, like Gecko) Version/6.0 Safari/536.25"
188.102.52.249 - - [13/Aug/2012:01:42:52 +0200] "GET /img_jobs/58884132_Teona.mp3 HTTP/1.1" 206 1249632 "http://www.ecosign.net/allgemein/studentische-arbeiten/abschlussarbeiten/detail/?arbeit=10" "Mozilla/5.0 (Macintosh; Intel Mac OS X 10_8) AppleWebKit/536.25 (KHTML, like Gecko) Version/6.0 Safari/536.25"
84.135.219.98 - - [13/Aug/2012:01:43:06 +0200] "GET /www/rssdata/news.rss HTTP/1.1" 404 51 "-" "Apple-PubSub/65.28"
84.135.219.98 - - [13/Aug/2012:01:43:06 +0200] "GET /www/rssdata/abschluss.rss HTTP/1.1" 404 51 "-" "Apple-PubSub/65.28"
84.135.219.98 - - [13/Aug/2012:01:43:06 +0200] "GET /www/rssdata/froschkoenig.rss HTTP/1.1" 404 51 "-" "Apple-PubSub/65.28"
84.135.219.98 - - [13/Aug/2012:01:43:06 +0200] "GET /www/rssdata/info.rss HTTP/1.1" 404 51 "-" "Apple-PubSub/65.28"
84.135.219.98 - - [13/Aug/2012:01:43:06 +0200] "GET /www/rssdata/arbeiten.rss HTTP/1.1" 404 51 "-" "Apple-PubSub/65.28"
188.102.52.249 - - [13/Aug/2012:01:43:14 +0200] "GET /allgemein/studentische-arbeiten/abschlussarbeiten/ HTTP/1.1" 200 5199 "http://www.ecosign.net/allgemein/studentische-arbeiten/semesterarbeiten/" "Mozilla/5.0 (Macintosh; Intel Mac OS X 10_8) AppleWebKit/536.25 (KHTML, like Gecko) Version/6.0 Safari/536.25"
188.102.52.249 - - [13/Aug/2012:01:43:25 +0200] "GET /index.php?id=132&arbeit=1 HTTP/1.1" 301 26 "http://www.ecosign.net/allgemein/studentische-arbeiten/abschlussarbeiten/" "Mozilla/5.0 (Macintosh; Intel Mac OS X 10_8) AppleWebKit/536.25 (KHTML, like Gecko) Version/6.0 Safari/536.25"
188.102.52.249 - - [13/Aug/2012:01:43:25 +0200] "GET /allgemein/studentische-arbeiten/abschlussarbeiten/detail/?arbeit=1 HTTP/1.1" 200 5640 "http://www.ecosign.net/allgemein/studentische-arbeiten/abschlussarbeiten/" "Mozilla/5.0 (Macintosh; Intel Mac OS X 10_8) AppleWebKit/536.25 (KHTML, like Gecko) Version/6.0 Safari/536.25"
188.102.52.249 - - [13/Aug/2012:01:43:26 +0200] "GET /skripte/jplayer/jquery.jplayer.min.js HTTP/1.1" 404 51 "http://www.ecosign.net/allgemein/studentische-arbeiten/abschlussarbeiten/detail/?arbeit=1" "Mozilla/5.0 (Macintosh; Intel Mac OS X 10_8) AppleWebKit/536.25 (KHTML, like Gecko) Version/6.0 Safari/536.25"
188.102.52.249 - - [13/Aug/2012:01:43:26 +0200] "GET /img_jobs/18805972_siggelkow_3.jpg HTTP/1.1" 200 70005 "http://www.ecosign.net/allgemein/studentische-arbeiten/abschlussarbeiten/detail/?arbeit=1" "Mozilla/5.0 (Macintosh; Intel Mac OS X 10_8) AppleWebKit/536.25 (KHTML, like Gecko) Version/6.0 Safari/536.25"
188.102.52.249 - - [13/Aug/2012:01:43:26 +0200] "GET /img_jobs/73715011_siggelkow_1.jpg HTTP/1.1" 200 76908 "http://www.ecosign.net/allgemein/studentische-arbeiten/abschlussarbeiten/detail/?arbeit=1" "Mozilla/5.0 (Macintosh; Intel Mac OS X 10_8) AppleWebKit/536.25 (KHTML, like Gecko) Version/6.0 Safari/536.25"
188.102.52.249 - - [13/Aug/2012:01:43:26 +0200] "GET /img_jobs/82220926_siggelkow_2.jpg HTTP/1.1" 200 185889 "http://www.ecosign.net/allgemein/studentische-arbeiten/abschlussarbeiten/detail/?arbeit=1" "Mozilla/5.0 (Macintosh; Intel Mac OS X 10_8) AppleWebKit/536.25 (KHTML, like Gecko) Version/6.0 Safari/536.25"
188.102.52.249 - - [13/Aug/2012:01:43:26 +0200] "GET /img_jobs/86897779_siggelkow_5.jpg HTTP/1.1" 200 81751 "http://www.ecosign.net/allgemein/studentische-arbeiten/abschlussarbeiten/detail/?arbeit=1" "Mozilla/5.0 (Macintosh; Intel Mac OS X 10_8) AppleWebKit/536.25 (KHTML, like Gecko) Version/6.0 Safari/536.25"
188.102.52.249 - - [13/Aug/2012:01:43:27 +0200] "GET /img_jobs/53554745_siggelkow_7.jpg HTTP/1.1" 200 63333 "http://www.ecosign.net/allgemein/studentische-arbeiten/abschlussarbeiten/detail/?arbeit=1" "Mozilla/5.0 (Macintosh; Intel Mac OS X 10_8) AppleWebKit/536.25 (KHTML, like Gecko) Version/6.0 Safari/536.25"
188.102.52.249 - - [13/Aug/2012:01:43:27 +0200] "GET /img_jobs/40286456_siggelkow_8.jpg HTTP/1.1" 200 67575 "http://www.ecosign.net/allgemein/studentische-arbeiten/abschlussarbeiten/detail/?arbeit=1" "Mozilla/5.0 (Macintosh; Intel Mac OS X 10_8) AppleWebKit/536.25 (KHTML, like Gecko) Version/6.0 Safari/536.25"
188.102.52.249 - - [13/Aug/2012:01:43:27 +0200] "GET /img_jobs/11657729_Siggelkow.mp3 HTTP/1.1" 206 2 "http://www.ecosign.net/allgemein/studentische-arbeiten/abschlussarbeiten/detail/?arbeit=1" "Mozilla/5.0 (Macintosh; Intel Mac OS X 10_8) AppleWebKit/536.25 (KHTML, like Gecko) Version/6.0 Safari/536.25"
188.102.52.249 - - [13/Aug/2012:01:43:26 +0200] "GET /img_jobs/99879331_siggelkow_4.jpg HTTP/1.1" 200 217954 "http://www.ecosign.net/allgemein/studentische-arbeiten/abschlussarbeiten/detail/?arbeit=1" "Mozilla/5.0 (Macintosh; Intel Mac OS X 10_8) AppleWebKit/536.25 (KHTML, like Gecko) Version/6.0 Safari/536.25"
188.102.52.249 - - [13/Aug/2012:01:43:26 +0200] "GET /img_jobs/66823781_siggelkow_6.jpg HTTP/1.1" 200 281092 "http://www.ecosign.net/allgemein/studentische-arbeiten/abschlussarbeiten/detail/?arbeit=1" "Mozilla/5.0 (Macintosh; Intel Mac OS X 10_8) AppleWebKit/536.25 (KHTML, like Gecko) Version/6.0 Safari/536.25"
188.102.52.249 - - [13/Aug/2012:01:43:27 +0200] "GET /img_jobs/11657729_Siggelkow.mp3 HTTP/1.1" 206 1345435 "http://www.ecosign.net/allgemein/studentische-arbeiten/abschlussarbeiten/detail/?arbeit=1" "Mozilla/5.0 (Macintosh; Intel Mac OS X 10_8) AppleWebKit/536.25 (KHTML, like Gecko) Version/6.0 Safari/536.25"
66.249.66.141 - - [13/Aug/2012:01:43:45 +0200] "GET /index.php?id=136&arbeit=86 HTTP/1.1" 301 274 "-" "Mozilla/5.0 (compatible; Googlebot/2.1; +http://www.google.com/bot.html)"
66.249.72.209 - - [13/Aug/2012:01:43:46 +0200] "GET /index.php?id=136&arbeit=86 HTTP/1.1" 301 26 "-" "Mozilla/5.0 (compatible; Googlebot/2.1; +http://www.google.com/bot.html)"
188.102.52.249 - - [13/Aug/2012:01:44:02 +0200] "GET /allgemein/studentische-arbeiten/abschlussarbeiten/ HTTP/1.1" 200 5199 "http://www.ecosign.net/allgemein/studentische-arbeiten/semesterarbeiten/" "Mozilla/5.0 (Macintosh; Intel Mac OS X 10_8) AppleWebKit/536.25 (KHTML, like Gecko) Version/6.0 Safari/536.25"
212.8.206.172 - - [13/Aug/2012:01:44:03 +0200] "HEAD /uploads/media/Essstaebchen_01.pdf HTTP/1.1" 200 - "-" "-"
77.180.255.115 - - [13/Aug/2012:01:44:03 +0200] "GET /rss-feed/?type=100 HTTP/1.1" 200 11012 "-" "Apple-PubSub/65.28"
188.102.52.249 - - [13/Aug/2012:01:44:10 +0200] "GET /index.php?id=132&arbeit=22 HTTP/1.1" 301 26 "http://www.ecosign.net/allgemein/studentische-arbeiten/abschlussarbeiten/" "Mozilla/5.0 (Macintosh; Intel Mac OS X 10_8) AppleWebKit/536.25 (KHTML, like Gecko) Version/6.0 Safari/536.25"
188.102.52.249 - - [13/Aug/2012:01:44:10 +0200] "GET /allgemein/studentische-arbeiten/abschlussarbeiten/detail/?arbeit=22 HTTP/1.1" 200 5485 "http://www.ecosign.net/allgemein/studentische-arbeiten/abschlussarbeiten/" "Mozilla/5.0 (Macintosh; Intel Mac OS X 10_8) AppleWebKit/536.25 (KHTML, like Gecko) Version/6.0 Safari/536.25"
188.102.52.249 - - [13/Aug/2012:01:44:10 +0200] "GET /skripte/jplayer/jquery.jplayer.min.js HTTP/1.1" 404 51 "http://www.ecosign.net/allgemein/studentische-arbeiten/abschlussarbeiten/detail/?arbeit=22" "Mozilla/5.0 (Macintosh; Intel Mac OS X 10_8) AppleWebKit/536.25 (KHTML, like Gecko) Version/6.0 Safari/536.25"
188.102.52.249 - - [13/Aug/2012:01:44:10 +0200] "GET /img_jobs/41106397_Abschlussarbeit_Sauer_02.jpg HTTP/1.1" 200 213235 "http://www.ecosign.net/allgemein/studentische-arbeiten/abschlussarbeiten/detail/?arbeit=22" "Mozilla/5.0 (Macintosh; Intel Mac OS X 10_8) AppleWebKit/536.25 (KHTML, like Gecko) Version/6.0 Safari/536.25"
188.102.52.249 - - [13/Aug/2012:01:44:10 +0200] "GET /img_jobs/13443261_Abschlussarbeit_Sauer_04.jpg HTTP/1.1" 200 206152 "http://www.ecosign.net/allgemein/studentische-arbeiten/abschlussarbeiten/detail/?arbeit=22" "Mozilla/5.0 (Macintosh; Intel Mac OS X 10_8) AppleWebKit/536.25 (KHTML, like Gecko) Version/6.0 Safari/536.25"
188.102.52.249 - - [13/Aug/2012:01:44:10 +0200] "GET /img_jobs/62168093_Abschlussarbeit_Sauer_07.jpg HTTP/1.1" 200 238085 "http://www.ecosign.net/allgemein/studentische-arbeiten/abschlussarbeiten/detail/?arbeit=22" "Mozilla/5.0 (Macintosh; Intel Mac OS X 10_8) AppleWebKit/536.25 (KHTML, like Gecko) Version/6.0 Safari/536.25"
188.102.52.249 - - [13/Aug/2012:01:44:12 +0200] "GET /img_jobs/ HTTP/1.1" 403 292 "http://www.ecosign.net/allgemein/studentische-arbeiten/abschlussarbeiten/detail/?arbeit=22" "Mozilla/5.0 (Macintosh; Intel Mac OS X 10_8) AppleWebKit/536.25 (KHTML, like Gecko) Version/6.0 Safari/536.25"
188.102.52.249 - - [13/Aug/2012:01:44:12 +0200] "GET /img_jobs/ HTTP/1.1" 403 292 "-" "AppleCoreMedia/1.0.0.12A269 (Macintosh; U; Intel Mac OS X 10_8; de_de)"
188.102.52.249 - - [13/Aug/2012:01:44:10 +0200] "GET /img_jobs/88348775_Abschlussarbeit_Sauer_03.jpg HTTP/1.1" 200 211402 "http://www.ecosign.net/allgemein/studentische-arbeiten/abschlussarbeiten/detail/?arbeit=22" "Mozilla/5.0 (Macintosh; Intel Mac OS X 10_8) AppleWebKit/536.25 (KHTML, like Gecko) Version/6.0 Safari/536.25"
188.102.52.249 - - [13/Aug/2012:01:44:10 +0200] "GET /img_jobs/68382128_Abschlussarbeit_Sauer_05.jpg HTTP/1.1" 200 232919 "http://www.ecosign.net/allgemein/studentische-arbeiten/abschlussarbeiten/detail/?arbeit=22" "Mozilla/5.0 (Macintosh; Intel Mac OS X 10_8) AppleWebKit/536.25 (KHTML, like Gecko) Version/6.0 Safari/536.25"
188.102.52.249 - - [13/Aug/2012:01:44:12 +0200] "GET /img_jobs/ HTTP/1.1" 403 243 "-" "AppleCoreMedia/1.0.0.12A269 (Macintosh; U; Intel Mac OS X 10_8; de_de)"
188.102.52.249 - - [13/Aug/2012:01:44:10 +0200] "GET /img_jobs/31561987_Abschlussarbeit_Sauer_01.jpg HTTP/1.1" 200 286265 "http://www.ecosign.net/allgemein/studentische-arbeiten/abschlussarbeiten/detail/?arbeit=22" "Mozilla/5.0 (Macintosh; Intel Mac OS X 10_8) AppleWebKit/536.25 (KHTML, like Gecko) Version/6.0 Safari/536.25"
188.102.52.249 - - [13/Aug/2012:01:44:12 +0200] "GET /img_jobs/ HTTP/1.1" 403 292 "-" "QuickTime/7.7.1 (qtver=7.7.1;cpu=IA32;os=Mac 10.8)"
188.102.52.249 - - [13/Aug/2012:01:44:12 +0200] "GET /img_jobs/17840263_Abschlussarbeit_Sauer_06.jpg HTTP/1.1" 200 229162 "http://www.ecosign.net/allgemein/studentische-arbeiten/abschlussarbeiten/detail/?arbeit=22" "Mozilla/5.0 (Macintosh; Intel Mac OS X 10_8) AppleWebKit/536.25 (KHTML, like Gecko) Version/6.0 Safari/536.25"
188.102.52.249 - - [13/Aug/2012:01:44:11 +0200] "GET /img_jobs/36785666_Abschlussarbeit_Sauer_08.jpg HTTP/1.1" 200 225186 "http://www.ecosign.net/allgemein/studentische-arbeiten/abschlussarbeiten/detail/?arbeit=22" "Mozilla/5.0 (Macintosh; Intel Mac OS X 10_8) AppleWebKit/536.25 (KHTML, like Gecko) Version/6.0 Safari/536.25"
188.102.52.249 - - [13/Aug/2012:01:45:02 +0200] "GET /allgemein/studentische-arbeiten/abschlussarbeiten/ HTTP/1.1" 200 5199 "http://www.ecosign.net/allgemein/studentische-arbeiten/abschlussarbeiten/detail/?arbeit=22" "Mozilla/5.0 (Macintosh; Intel Mac OS X 10_8) AppleWebKit/536.25 (KHTML, like Gecko) Version/6.0 Safari/536.25"
188.102.52.249 - - [13/Aug/2012:01:45:03 +0200] "GET /fileadmin/templates/bilder/bookmarks-twitter.png HTTP/1.1" 304 - "http://www.ecosign.net/allgemein/studentische-arbeiten/abschlussarbeiten/" "Mozilla/5.0 (Macintosh; Intel Mac OS X 10_8) AppleWebKit/536.25 (KHTML, like Gecko) Version/6.0 Safari/536.25"
188.102.52.249 - - [13/Aug/2012:01:45:03 +0200] "GET /fileadmin/templates/bilder/bookmarks-google.png HTTP/1.1" 304 - "http://www.ecosign.net/allgemein/studentische-arbeiten/abschlussarbeiten/" "Mozilla/5.0 (Macintosh; Intel Mac OS X 10_8) AppleWebKit/536.25 (KHTML, like Gecko) Version/6.0 Safari/536.25"
188.102.52.249 - - [13/Aug/2012:01:45:24 +0200] "GET /index.php?id=132&arbeit=34 HTTP/1.1" 301 26 "http://www.ecosign.net/allgemein/studentische-arbeiten/abschlussarbeiten/" "Mozilla/5.0 (Macintosh; Intel Mac OS X 10_8) AppleWebKit/536.25 (KHTML, like Gecko) Version/6.0 Safari/536.25"
188.102.52.249 - - [13/Aug/2012:01:45:24 +0200] "GET /allgemein/studentische-arbeiten/abschlussarbeiten/detail/?arbeit=34 HTTP/1.1" 200 5793 "http://www.ecosign.net/allgemein/studentische-arbeiten/abschlussarbeiten/" "Mozilla/5.0 (Macintosh; Intel Mac OS X 10_8) AppleWebKit/536.25 (KHTML, like Gecko) Version/6.0 Safari/536.25"
188.102.52.249 - - [13/Aug/2012:01:45:24 +0200] "GET /skripte/jplayer/jquery.jplayer.min.js HTTP/1.1" 404 51 "http://www.ecosign.net/allgemein/studentische-arbeiten/abschlussarbeiten/detail/?arbeit=34" "Mozilla/5.0 (Macintosh; Intel Mac OS X 10_8) AppleWebKit/536.25 (KHTML, like Gecko) Version/6.0 Safari/536.25"
188.102.52.249 - - [13/Aug/2012:01:45:24 +0200] "GET /img_jobs/29497906_Abschlussarbeit_Bunke_01.jpg HTTP/1.1" 200 41891 "http://www.ecosign.net/allgemein/studentische-arbeiten/abschlussarbeiten/detail/?arbeit=34" "Mozilla/5.0 (Macintosh; Intel Mac OS X 10_8) AppleWebKit/536.25 (KHTML, like Gecko) Version/6.0 Safari/536.25"
188.102.52.249 - - [13/Aug/2012:01:45:24 +0200] "GET /img_jobs/88304461_Abschlussarbeit_Bunke_03.jpg HTTP/1.1" 200 111716 "http://www.ecosign.net/allgemein/studentische-arbeiten/abschlussarbeiten/detail/?arbeit=34" "Mozilla/5.0 (Macintosh; Intel Mac OS X 10_8) AppleWebKit/536.25 (KHTML, like Gecko) Version/6.0 Safari/536.25"
188.102.52.249 - - [13/Aug/2012:01:45:24 +0200] "GET /img_jobs/16347889_Abschlussarbeit_Bunke_02.jpg HTTP/1.1" 200 118754 "http://www.ecosign.net/allgemein/studentische-arbeiten/abschlussarbeiten/detail/?arbeit=34" "Mozilla/5.0 (Macintosh; Intel Mac OS X 10_8) AppleWebKit/536.25 (KHTML, like Gecko) Version/6.0 Safari/536.25"
188.102.52.249 - - [13/Aug/2012:01:45:24 +0200] "GET /img_jobs/33491494_Abschlussarbeit_Bunke_05.jpg HTTP/1.1" 200 103111 "http://www.ecosign.net/allgemein/studentische-arbeiten/abschlussarbeiten/detail/?arbeit=34" "Mozilla/5.0 (Macintosh; Intel Mac OS X 10_8) AppleWebKit/536.25 (KHTML, like Gecko) Version/6.0 Safari/536.25"
188.102.52.249 - - [13/Aug/2012:01:45:24 +0200] "GET /img_jobs/10700838_Abschlussarbeit_Bunke_04.jpg HTTP/1.1" 200 85546 "http://www.ecosign.net/allgemein/studentische-arbeiten/abschlussarbeiten/detail/?arbeit=34" "Mozilla/5.0 (Macintosh; Intel Mac OS X 10_8) AppleWebKit/536.25 (KHTML, like Gecko) Version/6.0 Safari/536.25"
188.102.52.249 - - [13/Aug/2012:01:45:25 +0200] "GET /img_jobs/57469558_Abschlussarbeit_Bunke_07.jpg HTTP/1.1" 200 124438 "http://www.ecosign.net/allgemein/studentische-arbeiten/abschlussarbeiten/detail/?arbeit=34" "Mozilla/5.0 (Macintosh; Intel Mac OS X 10_8) AppleWebKit/536.25 (KHTML, like Gecko) Version/6.0 Safari/536.25"
188.102.52.249 - - [13/Aug/2012:01:45:25 +0200] "GET /img_jobs/27762017_Abschlussarbeit_Bunke_06.jpg HTTP/1.1" 200 129808 "http://www.ecosign.net/allgemein/studentische-arbeiten/abschlussarbeiten/detail/?arbeit=34" "Mozilla/5.0 (Macintosh; Intel Mac OS X 10_8) AppleWebKit/536.25 (KHTML, like Gecko) Version/6.0 Safari/536.25"
188.102.52.249 - - [13/Aug/2012:01:45:25 +0200] "GET /img_jobs/ HTTP/1.1" 403 292 "http://www.ecosign.net/allgemein/studentische-arbeiten/abschlussarbeiten/detail/?arbeit=34" "Mozilla/5.0 (Macintosh; Intel Mac OS X 10_8) AppleWebKit/536.25 (KHTML, like Gecko) Version/6.0 Safari/536.25"
188.102.52.249 - - [13/Aug/2012:01:45:25 +0200] "GET /img_jobs/31945674_Abschlussarbeit_Bunke_09.jpg HTTP/1.1" 200 113763 "http://www.ecosign.net/allgemein/studentische-arbeiten/abschlussarbeiten/detail/?arbeit=34" "Mozilla/5.0 (Macintosh; Intel Mac OS X 10_8) AppleWebKit/536.25 (KHTML, like Gecko) Version/6.0 Safari/536.25"
188.102.52.249 - - [13/Aug/2012:01:45:25 +0200] "GET /img_jobs/66123718_Abschlussarbeit_Bunke_08.jpg HTTP/1.1" 200 110736 "http://www.ecosign.net/allgemein/studentische-arbeiten/abschlussarbeiten/detail/?arbeit=34" "Mozilla/5.0 (Macintosh; Intel Mac OS X 10_8) AppleWebKit/536.25 (KHTML, like Gecko) Version/6.0 Safari/536.25"
188.102.52.249 - - [13/Aug/2012:01:45:25 +0200] "GET /img_jobs/90565261_Abschlussarbeit_Bunke_10.jpg HTTP/1.1" 200 115263 "http://www.ecosign.net/allgemein/studentische-arbeiten/abschlussarbeiten/detail/?arbeit=34" "Mozilla/5.0 (Macintosh; Intel Mac OS X 10_8) AppleWebKit/536.25 (KHTML, like Gecko) Version/6.0 Safari/536.25"
188.102.52.249 - - [13/Aug/2012:01:45:26 +0200] "GET /img_jobs/ HTTP/1.1" 403 292 "-" "AppleCoreMedia/1.0.0.12A269 (Macintosh; U; Intel Mac OS X 10_8; de_de)"
188.102.52.249 - - [13/Aug/2012:01:45:25 +0200] "GET /img_jobs/20102945_Abschlussarbeit_Bunke_11.jpg HTTP/1.1" 200 119658 "http://www.ecosign.net/allgemein/studentische-arbeiten/abschlussarbeiten/detail/?arbeit=34" "Mozilla/5.0 (Macintosh; Intel Mac OS X 10_8) AppleWebKit/536.25 (KHTML, like Gecko) Version/6.0 Safari/536.25"
188.102.52.249 - - [13/Aug/2012:01:45:26 +0200] "GET /img_jobs/ HTTP/1.1" 403 243 "-" "AppleCoreMedia/1.0.0.12A269 (Macintosh; U; Intel Mac OS X 10_8; de_de)"
188.102.52.249 - - [13/Aug/2012:01:45:26 +0200] "GET /img_jobs/82278858_Abschlussarbeit_Bunke_12.jpg HTTP/1.1" 200 102208 "http://www.ecosign.net/allgemein/studentische-arbeiten/abschlussarbeiten/detail/?arbeit=34" "Mozilla/5.0 (Macintosh; Intel Mac OS X 10_8) AppleWebKit/536.25 (KHTML, like Gecko) Version/6.0 Safari/536.25"
188.102.52.249 - - [13/Aug/2012:01:45:26 +0200] "GET /img_jobs/58822959_Abschlussarbeit_Bunke_14.jpg HTTP/1.1" 200 118085 "http://www.ecosign.net/allgemein/studentische-arbeiten/abschlussarbeiten/detail/?arbeit=34" "Mozilla/5.0 (Macintosh; Intel Mac OS X 10_8) AppleWebKit/536.25 (KHTML, like Gecko) Version/6.0 Safari/536.25"
188.102.52.249 - - [13/Aug/2012:01:45:26 +0200] "GET /img_jobs/ HTTP/1.1" 403 292 "-" "QuickTime/7.7.1 (qtver=7.7.1;cpu=IA32;os=Mac 10.8)"
188.102.52.249 - - [13/Aug/2012:01:45:26 +0200] "GET /img_jobs/84169477_Abschlussarbeit_Bunke_13.jpg HTTP/1.1" 200 126374 "http://www.ecosign.net/allgemein/studentische-arbeiten/abschlussarbeiten/detail/?arbeit=34" "Mozilla/5.0 (Macintosh; Intel Mac OS X 10_8) AppleWebKit/536.25 (KHTML, like Gecko) Version/6.0 Safari/536.25"
188.102.52.249 - - [13/Aug/2012:01:45:58 +0200] "GET /img_jobs/52472558_Semesterarbeit_Bunke_Freud_01.jpg HTTP/1.1" 304 - "http://www.google.de/imgres?q=abschlussarbeiten+fotografie&start=180&hl=de&client=safari&rls=en&biw=1440&bih=756&tbm=isch&tbnid=GL1cqtdaTsrchM:&imgrefurl=http://www.ecosign.net/allgemein/studentische-arbeiten/semesterarbeiten/detail/%3Farbeit%3D117&docid=fVPls20I5AAQ6M&imgurl=http://www.ecosign.net/img_jobs/52472558_Semesterarbeit_Bunke_Freud_01.jpg&w=600&h=400&ei=FDooUNvsBcrMsgb694CACw&zoom=1&iact=hc&vpx=667&vpy=190&dur=1006&hovh=183&hovw=275&tx=157&ty=85&sig=116429323380484198207&page=6&tbnh=140&tbnw=186&ndsp=37&ved=1t:429,r:32,s:180,i:106" "Mozilla/5.0 (Macintosh; Intel Mac OS X 10_8) AppleWebKit/536.25 (KHTML, like Gecko) Version/6.0 Safari/536.25"
65.52.110.152 - - [13/Aug/2012:01:46:15 +0200] "GET /index.php?id=131&arbeit=90 HTTP/1.1" 301 26 "-" "Mozilla/5.0 (compatible; bingbot/2.0; +http://www.bing.com/bingbot.htm)"
66.249.66.121 - - [13/Aug/2012:01:48:56 +0200] "GET /index.php?id=40 HTTP/1.1" 301 26 "-" "Mozilla/5.0 (compatible; Googlebot/2.1; +http://www.google.com/bot.html)"
66.249.66.141 - - [13/Aug/2012:01:51:32 +0200] "GET /allgemein/studentische-arbeiten/archiv/detail/?arbeit=7 HTTP/1.1" 301 284 "-" "Mozilla/5.0 (compatible; Googlebot/2.1; +http://www.google.com/bot.html)"
94.23.220.161 - - [13/Aug/2012:01:52:20 +0200] "GET /html/__de/news/archiv_neu.php?id=95 HTTP/1.1" 404 26 "-" "Mozilla/5.0 (X11; Linux i686; rv:6.0) Gecko/20100101 Firefox/6.0"
66.249.66.141 - - [13/Aug/2012:01:52:23 +0200] "GET /index.php?id=136&arbeit=95 HTTP/1.1" 301 275 "-" "Mozilla/5.0 (compatible; Googlebot/2.1; +http://www.google.com/bot.html)"
66.249.66.121 - - [13/Aug/2012:01:52:24 +0200] "GET /index.php?id=136&arbeit=95 HTTP/1.1" 301 26 "-" "Mozilla/5.0 (compatible; Googlebot/2.1; +http://www.google.com/bot.html)"
78.34.251.232 - - [13/Aug/2012:01:52:57 +0200] "GET /www/rssdata/froschkoenig.rss HTTP/1.1" 404 51 "-" "Apple-PubSub/65.28"
94.228.34.210 - - [13/Aug/2012:01:53:23 +0200] "GET /rssdata/arbeiten.rss HTTP/1.1" 304 - "-" "magpie-crawler/1.1 (U; Linux amd64; en-GB; +http://www.brandwatch.net)"
94.228.34.210 - - [13/Aug/2012:01:53:23 +0200] "GET /rssdata/froschkoenig.rss HTTP/1.1" 304 - "-" "magpie-crawler/1.1 (U; Linux amd64; en-GB; +http://www.brandwatch.net)"
66.249.66.121 - - [13/Aug/2012:01:54:08 +0200] "GET /95/_module_flash/12/11/10/13/14/Bereichernde+Gelegenheit+-+Austausch+2003/04 HTTP/1.1" 404 51 "-" "Mozilla/5.0 (compatible; Googlebot/2.1; +http://www.google.com/bot.html)"
66.249.66.171 - - [13/Aug/2012:01:56:46 +0200] "GET /allgemein/die-ecosign/dozenten/detail/?arbeit=34 HTTP/1.1" 301 276 "-" "Mozilla/5.0 (compatible; Googlebot/2.1; +http://www.google.com/bot.html)"
66.249.66.121 - - [13/Aug/2012:01:57:31 +0200] "GET /95/_module_flash/12/12/13/11/10/Neun+Gruende+-+Austausch+10 HTTP/1.1" 404 51 "-" "Mozilla/5.0 (compatible; Googlebot/2.1; +http://www.google.com/bot.html)"
174.36.228.156 - - [13/Aug/2012:01:59:50 +0200] "GET /rssdata/news.rss HTTP/1.1" 304 - "-" "Mozilla/5.0 (X11; U; Linux x86_64; en-US; rv:1.9.0.19; aggregator:Spinn3r (Spinn3r 3.1); http://spinn3r.com/robot) Gecko/2010040121 Firefox/3.0.19"
66.249.66.141 - - [13/Aug/2012:02:01:57 +0200] "GET /allgemein/studentische-arbeiten/archiv/detail/?arbeit=93 HTTP/1.1" 301 284 "-" "Mozilla/5.0 (compatible; Googlebot/2.1; +http://www.google.com/bot.html)"
66.249.66.141 - - [13/Aug/2012:02:03:36 +0200] "GET /allgemein/studentische-arbeiten/archiv/detail/?arbeit=12 HTTP/1.1" 301 284 "-" "Mozilla/5.0 (compatible; Googlebot/2.1; +http://www.google.com/bot.html)"
66.249.66.121 - - [13/Aug/2012:02:03:36 +0200] "GET /allgemein/studentische-arbeiten/archiv/detail/?arbeit=12 HTTP/1.1" 200 5322 "-" "Mozilla/5.0 (compatible; Googlebot/2.1; +http://www.google.com/bot.html)"
66.249.72.41 - - [13/Aug/2012:02:04:32 +0200] "GET /allgemein/aktuelles/news-detail/zu-gast-bei-1live/df73e062020b104924fb66ea0d245651/ HTTP/1.1" 301 309 "-" "Mozilla/5.0 (compatible; Googlebot/2.1; +http://www.google.com/bot.html)"
66.249.66.141 - - [13/Aug/2012:02:05:26 +0200] "GET /index.php?id=136&arbeit=80 HTTP/1.1" 301 274 "-" "Mozilla/5.0 (compatible; Googlebot/2.1; +http://www.google.com/bot.html)"
66.249.72.209 - - [13/Aug/2012:02:05:28 +0200] "GET /index.php?id=136&arbeit=80 HTTP/1.1" 301 26 "-" "Mozilla/5.0 (compatible; Googlebot/2.1; +http://www.google.com/bot.html)"
66.249.66.121 - - [13/Aug/2012:02:05:29 +0200] "GET /allgemein/studentische-arbeiten/archiv/detail/?arbeit=80 HTTP/1.1" 200 5210 "-" "Mozilla/5.0 (compatible; Googlebot/2.1; +http://www.google.com/bot.html)"
94.228.34.210 - - [13/Aug/2012:02:07:03 +0200] "GET /rssdata/news.rss HTTP/1.1" 304 - "-" "magpie-crawler/1.1 (U; Linux amd64; en-GB; +http://www.brandwatch.net)"
66.249.66.141 - - [13/Aug/2012:02:07:07 +0200] "GET /allgemein/studium/studieninhalt/ HTTP/1.1" 301 267 "-" "Mozilla/5.0 (compatible; Googlebot/2.1; +http://www.google.com/bot.html)"
66.249.66.121 - - [13/Aug/2012:02:07:08 +0200] "GET /allgemein/studium/studieninhalt/ HTTP/1.1" 200 4410 "-" "Mozilla/5.0 (compatible; Googlebot/2.1; +http://www.google.com/bot.html)"
77.233.225.110 - - [13/Aug/2012:02:10:29 +0200] "GET /robots.txt HTTP/1.1" 200 386 "-" "Mozilla/5.0 (compatible; Abonti/0.91 - http://www.abonti.com)"
77.233.225.110 - - [13/Aug/2012:02:10:29 +0200] "GET /91/News?pg=&optVal=__de/news/ HTTP/1.1" 404 26 "-" "Mozilla/5.0 (compatible; Abonti/0.91 - http://www.abonti.com)"
77.233.225.110 - - [13/Aug/2012:02:10:49 +0200] "GET /html/__de/philosophie/2_umwelt_zukunft.php HTTP/1.1" 404 26 "-" "Mozilla/5.0 (compatible; Abonti/0.91 - http://www.abonti.com)"
77.233.225.110 - - [13/Aug/2012:02:11:05 +0200] "GET /html/__en/informationen/neue_jobs.php HTTP/1.1" 404 26 "-" "Mozilla/5.0 (compatible; Abonti/0.91 - http://www.abonti.com)"
77.233.225.110 - - [13/Aug/2012:02:11:28 +0200] "GET /html/__en/arbeiten/semester_archiv.php HTTP/1.1" 404 26 "-" "Mozilla/5.0 (compatible; Abonti/0.91 - http://www.abonti.com)"
178.255.215.72 - - [13/Aug/2012:02:11:32 +0200] "GET /69/Dozenten HTTP/1.1" 404 51 "-" "Mozilla/5.0 (compatible; Exabot/3.0; +http://www.exabot.com/go/robot)"
77.233.225.110 - - [13/Aug/2012:02:11:51 +0200] "GET /html/__en/informationen/praktikum.php HTTP/1.1" 404 26 "-" "Mozilla/5.0 (compatible; Abonti/0.91 - http://www.abonti.com)"
77.233.225.110 - - [13/Aug/2012:02:12:12 +0200] "GET /html/__en/arbeiten/impressionen.php HTTP/1.1" 404 26 "-" "Mozilla/5.0 (compatible; Abonti/0.91 - http://www.abonti.com)"
66.249.66.171 - - [13/Aug/2012:02:12:21 +0200] "GET /allgemein/die-ecosign/dozenten/detail/?arbeit=47 HTTP/1.1" 301 277 "-" "Mozilla/5.0 (compatible; Googlebot/2.1; +http://www.google.com/bot.html)"
66.249.66.121 - - [13/Aug/2012:02:12:22 +0200] "GET /allgemein/die-ecosign/dozenten/detail/?arbeit=47 HTTP/1.1" 200 4960 "-" "Mozilla/5.0 (compatible; Googlebot/2.1; +http://www.google.com/bot.html)"
178.255.215.72 - - [13/Aug/2012:02:13:21 +0200] "GET / HTTP/1.1" 200 7255 "-" "Mozilla/5.0 (compatible; Exabot/3.0; +http://www.exabot.com/go/robot)"
77.180.255.115 - - [13/Aug/2012:02:14:05 +0200] "GET /rss-feed/?type=100 HTTP/1.1" 200 11012 "-" "Apple-PubSub/65.28"
66.249.66.121 - - [13/Aug/2012:02:14:56 +0200] "GET /allgemein/aktuelles/f96fc71d4a3e590549ae5d496e05cd1f/?tx_ttnews%255Byear%255D=2009 HTTP/1.1" 200 9281 "-" "Mozilla/5.0 (compatible; Googlebot/2.1; +http://www.google.com/bot.html)"
94.23.220.161 - - [13/Aug/2012:02:16:51 +0200] "GET /211/ HTTP/1.1" 404 26 "-" "Mozilla/5.0 (X11; Linux i686; rv:6.0) Gecko/20100101 Firefox/6.0"
66.249.66.171 - - [13/Aug/2012:02:17:32 +0200] "GET /index.php?id=136&arbeit=9 HTTP/1.1" 301 270 "-" "Mozilla/5.0 (compatible; Googlebot/2.1; +http://www.google.com/bot.html)"
66.249.66.121 - - [13/Aug/2012:02:17:33 +0200] "GET /index.php?id=136&arbeit=9 HTTP/1.1" 301 26 "-" "Mozilla/5.0 (compatible; Googlebot/2.1; +http://www.google.com/bot.html)"
66.249.66.121 - - [13/Aug/2012:02:17:33 +0200] "GET /allgemein/studentische-arbeiten/archiv/detail/?arbeit=9 HTTP/1.1" 200 5621 "-" "Mozilla/5.0 (compatible; Googlebot/2.1; +http://www.google.com/bot.html)"
66.249.66.141 - - [13/Aug/2012:02:18:29 +0200] "GET /index.php?id=136&arbeit=35 HTTP/1.1" 301 274 "-" "Mozilla/5.0 (compatible; Googlebot/2.1; +http://www.google.com/bot.html)"
141.15.33.1 - - [13/Aug/2012:02:18:29 +0200] "GET /fileadmin/templates/pressespiegel/ksta_fernsehsessel.pdf HTTP/1.1" 200 726834 "http://www.google.de/url?sa=t&rct=j&q=sitz%20stra%C3%9Fenbahn&source=web&cd=13&sqi=2&ved=0CHIQFjAM&url=http%3A%2F%2Fwww.ecosign.net%2Ffileadmin%2Ftemplates%2Fpressespiegel%2Fksta_fernsehsessel.pdf&ei=CEcoUN3_B8rltQaLgIG4DQ&usg=AFQjCNH58GjRipz0VeApRMlPhSSfkNn4Qw" "Mozilla/4.0 (compatible; MSIE 8.0; Windows NT 5.1; Trident/4.0; .NET CLR 2.0.50727; .NET CLR 3.0.4506.2152; .NET CLR 3.5.30729; InfoPath.2; .NET4.0C; .NET4.0E; OfficeLiveConnector.1.5; OfficeLivePatch.1.3)"
141.15.33.1 - - [13/Aug/2012:02:18:40 +0200] "GET /fileadmin/templates/pressespiegel/ksta_fernsehsessel.pdf HTTP/1.1" 200 726834 "http://www.google.de/url?sa=t&rct=j&q=sitz%20stra%C3%9Fenbahn&source=web&cd=13&sqi=2&ved=0CHIQFjAM&url=http%3A%2F%2Fwww.ecosign.net%2Ffileadmin%2Ftemplates%2Fpressespiegel%2Fksta_fernsehsessel.pdf&ei=CEcoUN3_B8rltQaLgIG4DQ&usg=AFQjCNH58GjRipz0VeApRMlPhSSfkNn4Qw" "Mozilla/4.0 (compatible; MSIE 8.0; Windows NT 5.1; Trident/4.0; .NET CLR 2.0.50727; .NET CLR 3.0.4506.2152; .NET CLR 3.5.30729; InfoPath.2; .NET4.0C; .NET4.0E; OfficeLiveConnector.1.5; OfficeLivePatch.1.3)"
66.249.66.121 - - [13/Aug/2012:02:20:07 +0200] "GET /img_icon/16630695_report-K_abschluss.pdf HTTP/1.1" 200 152045 "-" "Mozilla/5.0 (compatible; Googlebot/2.1; +http://www.google.com/bot.html)"
123.126.50.76 - - [13/Aug/2012:02:21:26 +0200] "GET / HTTP/1.1" 301 253 "-" "Sogou web spider/4.0(+http://www.sogou.com/docs/help/webmasters.htm#07)"
66.249.66.141 - - [13/Aug/2012:02:22:44 +0200] "GET /allgemein/studentische-arbeiten/archiv/detail/?arbeit=84 HTTP/1.1" 301 285 "-" "Mozilla/5.0 (compatible; Googlebot/2.1; +http://www.google.com/bot.html)"
78.34.251.232 - - [13/Aug/2012:02:23:00 +0200] "GET /www/rssdata/froschkoenig.rss HTTP/1.1" 404 51 "-" "Apple-PubSub/65.28"
123.126.50.76 - - [13/Aug/2012:02:24:19 +0200] "GET / HTTP/1.1" 200 7255 "-" "Sogou web spider/4.0(+http://www.sogou.com/docs/help/webmasters.htm#07)"
77.233.225.110 - - [13/Aug/2012:02:24:52 +0200] "GET /html/__de/international/senegal.php HTTP/1.1" 404 26 "-" "Mozilla/5.0 (compatible; Abonti/0.91 - http://www.abonti.com)"
66.249.66.141 - - [13/Aug/2012:02:25:19 +0200] "GET /allgemein/studentische-arbeiten/archiv/detail/?arbeit=86 HTTP/1.1" 301 285 "-" "Mozilla/5.0 (compatible; Googlebot/2.1; +http://www.google.com/bot.html)"
85.0.101.93 - - [13/Aug/2012:02:25:24 +0200] "GET /allgemein/studentische-arbeiten/semesterarbeiten/detail/?arbeit=152 HTTP/1.1" 200 5193 "http://www.facebook.com/l/6AQFBOvtE/www.ecosign.net/allgemein/studentische-arbeiten/semesterarbeiten/detail/?arbeit=152" "Mozilla/5.0 (iPhone; CPU iPhone OS 5_0_1 like Mac OS X) AppleWebKit/534.46 (KHTML, like Gecko) Version/5.1 Mobile/9A405 Safari/7534.48.3"
85.0.101.93 - - [13/Aug/2012:02:25:24 +0200] "GET /fileadmin/templates/css/content.css?1344605828 HTTP/1.1" 200 25020 "http://www.ecosign.net/allgemein/studentische-arbeiten/semesterarbeiten/detail/?arbeit=152" "Mozilla/5.0 (iPhone; CPU iPhone OS 5_0_1 like Mac OS X) AppleWebKit/534.46 (KHTML, like Gecko) Version/5.1 Mobile/9A405 Safari/7534.48.3"
85.0.101.93 - - [13/Aug/2012:02:25:25 +0200] "GET /typo3temp/stylesheet_fab097ae4c.css?1341584161 HTTP/1.1" 200 13208 "http://www.ecosign.net/allgemein/studentische-arbeiten/semesterarbeiten/detail/?arbeit=152" "Mozilla/5.0 (iPhone; CPU iPhone OS 5_0_1 like Mac OS X) AppleWebKit/534.46 (KHTML, like Gecko) Version/5.1 Mobile/9A405 Safari/7534.48.3"
85.0.101.93 - - [13/Aug/2012:02:25:25 +0200] "GET /fileadmin/templates/skripte/flexslider/flexslider.css HTTP/1.1" 200 3251 "http://www.ecosign.net/allgemein/studentische-arbeiten/semesterarbeiten/detail/?arbeit=152" "Mozilla/5.0 (iPhone; CPU iPhone OS 5_0_1 like Mac OS X) AppleWebKit/534.46 (KHTML, like Gecko) Version/5.1 Mobile/9A405 Safari/7534.48.3"
85.0.101.93 - - [13/Aug/2012:02:25:25 +0200] "GET /fileadmin/templates/skripte/uniform/css/uniform.default.css HTTP/1.1" 200 10637 "http://www.ecosign.net/allgemein/studentische-arbeiten/semesterarbeiten/detail/?arbeit=152" "Mozilla/5.0 (iPhone; CPU iPhone OS 5_0_1 like Mac OS X) AppleWebKit/534.46 (KHTML, like Gecko) Version/5.1 Mobile/9A405 Safari/7534.48.3"
85.0.101.93 - - [13/Aug/2012:02:25:25 +0200] "GET /fileadmin/templates/skripte/css_browser_selector.js?1340543385 HTTP/1.1" 200 1320 "http://www.ecosign.net/allgemein/studentische-arbeiten/semesterarbeiten/detail/?arbeit=152" "Mozilla/5.0 (iPhone; CPU iPhone OS 5_0_1 like Mac OS X) AppleWebKit/534.46 (KHTML, like Gecko) Version/5.1 Mobile/9A405 Safari/7534.48.3"
85.0.101.93 - - [13/Aug/2012:02:25:25 +0200] "GET /fileadmin/templates/skripte/jquery-1.4.2.min.js?1340543476 HTTP/1.1" 200 72173 "http://www.ecosign.net/allgemein/studentische-arbeiten/semesterarbeiten/detail/?arbeit=152" "Mozilla/5.0 (iPhone; CPU iPhone OS 5_0_1 like Mac OS X) AppleWebKit/534.46 (KHTML, like Gecko) Version/5.1 Mobile/9A405 Safari/7534.48.3"
85.0.101.93 - - [13/Aug/2012:02:25:25 +0200] "GET /fileadmin/templates/skripte/yasp/jquery.yasp.js?1340543479 HTTP/1.1" 200 2529 "http://www.ecosign.net/allgemein/studentische-arbeiten/semesterarbeiten/detail/?arbeit=152" "Mozilla/5.0 (iPhone; CPU iPhone OS 5_0_1 like Mac OS X) AppleWebKit/534.46 (KHTML, like Gecko) Version/5.1 Mobile/9A405 Safari/7534.48.3"
85.0.101.93 - - [13/Aug/2012:02:25:25 +0200] "GET /fileadmin/templates/skripte/cursordivscroll.js HTTP/1.1" 200 12574 "http://www.ecosign.net/allgemein/studentische-arbeiten/semesterarbeiten/detail/?arbeit=152" "Mozilla/5.0 (iPhone; CPU iPhone OS 5_0_1 like Mac OS X) AppleWebKit/534.46 (KHTML, like Gecko) Version/5.1 Mobile/9A405 Safari/7534.48.3"
85.0.101.93 - - [13/Aug/2012:02:25:25 +0200] "GET /fileadmin/templates/skripte/uniform/jquery.uniform.min.js HTTP/1.1" 200 9323 "http://www.ecosign.net/allgemein/studentische-arbeiten/semesterarbeiten/detail/?arbeit=152" "Mozilla/5.0 (iPhone; CPU iPhone OS 5_0_1 like Mac OS X) AppleWebKit/534.46 (KHTML, like Gecko) Version/5.1 Mobile/9A405 Safari/7534.48.3"
85.0.101.93 - - [13/Aug/2012:02:25:25 +0200] "GET /fileadmin/templates/skripte/jplayer/jquery.jplayer.min.js HTTP/1.1" 200 42856 "http://www.ecosign.net/allgemein/studentische-arbeiten/semesterarbeiten/detail/?arbeit=152" "Mozilla/5.0 (iPhone; CPU iPhone OS 5_0_1 like Mac OS X) AppleWebKit/534.46 (KHTML, like Gecko) Version/5.1 Mobile/9A405 Safari/7534.48.3"
85.0.101.93 - - [13/Aug/2012:02:25:25 +0200] "GET /fileadmin/templates/skripte/iscroll.js HTTP/1.1" 200 33551 "http://www.ecosign.net/allgemein/studentische-arbeiten/semesterarbeiten/detail/?arbeit=152" "Mozilla/5.0 (iPhone; CPU iPhone OS 5_0_1 like Mac OS X) AppleWebKit/534.46 (KHTML, like Gecko) Version/5.1 Mobile/9A405 Safari/7534.48.3"
85.0.101.93 - - [13/Aug/2012:02:25:25 +0200] "GET /fileadmin/templates/skripte/flexslider/jquery.flexslider.js HTTP/1.1" 200 39763 "http://www.ecosign.net/allgemein/studentische-arbeiten/semesterarbeiten/detail/?arbeit=152" "Mozilla/5.0 (iPhone; CPU iPhone OS 5_0_1 like Mac OS X) AppleWebKit/534.46 (KHTML, like Gecko) Version/5.1 Mobile/9A405 Safari/7534.48.3"
85.0.101.93 - - [13/Aug/2012:02:25:25 +0200] "GET /eco_include/detail.js HTTP/1.1" 200 3235 "http://www.ecosign.net/allgemein/studentische-arbeiten/semesterarbeiten/detail/?arbeit=152" "Mozilla/5.0 (iPhone; CPU iPhone OS 5_0_1 like Mac OS X) AppleWebKit/534.46 (KHTML, like Gecko) Version/5.1 Mobile/9A405 Safari/7534.48.3"
85.0.101.93 - - [13/Aug/2012:02:25:25 +0200] "GET /skripte/jplayer/jquery.jplayer.min.js HTTP/1.1" 404 51 "http://www.ecosign.net/allgemein/studentische-arbeiten/semesterarbeiten/detail/?arbeit=152" "Mozilla/5.0 (iPhone; CPU iPhone OS 5_0_1 like Mac OS X) AppleWebKit/534.46 (KHTML, like Gecko) Version/5.1 Mobile/9A405 Safari/7534.48.3"
85.0.101.93 - - [13/Aug/2012:02:25:25 +0200] "GET /typo3temp/javascript_757c080409.js?1339334818 HTTP/1.1" 200 446 "http://www.ecosign.net/allgemein/studentische-arbeiten/semesterarbeiten/detail/?arbeit=152" "Mozilla/5.0 (iPhone; CPU iPhone OS 5_0_1 like Mac OS X) AppleWebKit/534.46 (KHTML, like Gecko) Version/5.1 Mobile/9A405 Safari/7534.48.3"
85.0.101.93 - - [13/Aug/2012:02:25:25 +0200] "GET /fileadmin/templates/skripte/js_jquery.js HTTP/1.1" 200 2509 "http://www.ecosign.net/allgemein/studentische-arbeiten/semesterarbeiten/detail/?arbeit=152" "Mozilla/5.0 (iPhone; CPU iPhone OS 5_0_1 like Mac OS X) AppleWebKit/534.46 (KHTML, like Gecko) Version/5.1 Mobile/9A405 Safari/7534.48.3"
85.0.101.93 - - [13/Aug/2012:02:25:25 +0200] "GET /fileadmin/templates/skripte/gen_validatorv31.js?1340543474 HTTP/1.1" 200 19654 "http://www.ecosign.net/allgemein/studentische-arbeiten/semesterarbeiten/detail/?arbeit=152" "Mozilla/5.0 (iPhone; CPU iPhone OS 5_0_1 like Mac OS X) AppleWebKit/534.46 (KHTML, like Gecko) Version/5.1 Mobile/9A405 Safari/7534.48.3"
85.0.101.93 - - [13/Aug/2012:02:25:25 +0200] "GET /fileadmin/templates/bilder/logo-ecosign-koeln.png HTTP/1.1" 200 2176 "http://www.ecosign.net/allgemein/studentische-arbeiten/semesterarbeiten/detail/?arbeit=152" "Mozilla/5.0 (iPhone; CPU iPhone OS 5_0_1 like Mac OS X) AppleWebKit/534.46 (KHTML, like Gecko) Version/5.1 Mobile/9A405 Safari/7534.48.3"
85.0.101.93 - - [13/Aug/2012:02:25:25 +0200] "GET /img_jobs/37888313_Semesterarbeit_Ehrat_06.jpg HTTP/1.1" 200 238936 "http://www.ecosign.net/allgemein/studentische-arbeiten/semesterarbeiten/detail/?arbeit=152" "Mozilla/5.0 (iPhone; CPU iPhone OS 5_0_1 like Mac OS X) AppleWebKit/534.46 (KHTML, like Gecko) Version/5.1 Mobile/9A405 Safari/7534.48.3"
85.0.101.93 - - [13/Aug/2012:02:25:26 +0200] "GET /fileadmin/templates/bilder/bookmarks-facebook.png HTTP/1.1" 200 476 "http://www.ecosign.net/allgemein/studentische-arbeiten/semesterarbeiten/detail/?arbeit=152" "Mozilla/5.0 (iPhone; CPU iPhone OS 5_0_1 like Mac OS X) AppleWebKit/534.46 (KHTML, like Gecko) Version/5.1 Mobile/9A405 Safari/7534.48.3"
85.0.101.93 - - [13/Aug/2012:02:25:26 +0200] "GET /fileadmin/templates/bilder/bookmarks-twitter.png HTTP/1.1" 200 553 "http://www.ecosign.net/allgemein/studentische-arbeiten/semesterarbeiten/detail/?arbeit=152" "Mozilla/5.0 (iPhone; CPU iPhone OS 5_0_1 like Mac OS X) AppleWebKit/534.46 (KHTML, like Gecko) Version/5.1 Mobile/9A405 Safari/7534.48.3"
85.0.101.93 - - [13/Aug/2012:02:25:25 +0200] "GET /img_jobs/72179113_Semesterarbeit_Ehrat_05.jpg HTTP/1.1" 200 199216 "http://www.ecosign.net/allgemein/studentische-arbeiten/semesterarbeiten/detail/?arbeit=152" "Mozilla/5.0 (iPhone; CPU iPhone OS 5_0_1 like Mac OS X) AppleWebKit/534.46 (KHTML, like Gecko) Version/5.1 Mobile/9A405 Safari/7534.48.3"
85.0.101.93 - - [13/Aug/2012:02:25:25 +0200] "GET /img_jobs/51976135_Semesterarbeit_Ehrat_02.jpg HTTP/1.1" 200 151310 "http://www.ecosign.net/allgemein/studentische-arbeiten/semesterarbeiten/detail/?arbeit=152" "Mozilla/5.0 (iPhone; CPU iPhone OS 5_0_1 like Mac OS X) AppleWebKit/534.46 (KHTML, like Gecko) Version/5.1 Mobile/9A405 Safari/7534.48.3"
85.0.101.93 - - [13/Aug/2012:02:25:25 +0200] "GET /img_jobs/75019461_Semesterarbeit_Ehrat_03.jpg HTTP/1.1" 200 364355 "http://www.ecosign.net/allgemein/studentische-arbeiten/semesterarbeiten/detail/?arbeit=152" "Mozilla/5.0 (iPhone; CPU iPhone OS 5_0_1 like Mac OS X) AppleWebKit/534.46 (KHTML, like Gecko) Version/5.1 Mobile/9A405 Safari/7534.48.3"
85.0.101.93 - - [13/Aug/2012:02:25:25 +0200] "GET /img_jobs/71994476_Semesterarbeit_Ehrat_01.jpg HTTP/1.1" 200 256505 "http://www.ecosign.net/allgemein/studentische-arbeiten/semesterarbeiten/detail/?arbeit=152" "Mozilla/5.0 (iPhone; CPU iPhone OS 5_0_1 like Mac OS X) AppleWebKit/534.46 (KHTML, like Gecko) Version/5.1 Mobile/9A405 Safari/7534.48.3"
85.0.101.93 - - [13/Aug/2012:02:25:26 +0200] "GET /fileadmin/templates/bilder/bookmarks-google.png HTTP/1.1" 200 612 "http://www.ecosign.net/allgemein/studentische-arbeiten/semesterarbeiten/detail/?arbeit=152" "Mozilla/5.0 (iPhone; CPU iPhone OS 5_0_1 like Mac OS X) AppleWebKit/534.46 (KHTML, like Gecko) Version/5.1 Mobile/9A405 Safari/7534.48.3"
85.0.101.93 - - [13/Aug/2012:02:25:25 +0200] "GET /img_jobs/48375856_Semesterarbeit_Ehrat_04.jpg HTTP/1.1" 200 378687 "http://www.ecosign.net/allgemein/studentische-arbeiten/semesterarbeiten/detail/?arbeit=152" "Mozilla/5.0 (iPhone; CPU iPhone OS 5_0_1 like Mac OS X) AppleWebKit/534.46 (KHTML, like Gecko) Version/5.1 Mobile/9A405 Safari/7534.48.3"
85.0.101.93 - - [13/Aug/2012:02:25:27 +0200] "GET /fileadmin/templates/bilder/nav.png HTTP/1.1" 200 291 "http://www.ecosign.net/allgemein/studentische-arbeiten/semesterarbeiten/detail/?arbeit=152" "Mozilla/5.0 (iPhone; CPU iPhone OS 5_0_1 like Mac OS X) AppleWebKit/534.46 (KHTML, like Gecko) Version/5.1 Mobile/9A405 Safari/7534.48.3"
85.0.101.93 - - [13/Aug/2012:02:25:27 +0200] "GET /fileadmin/templates/bilder/icon-bt-zurueck.png HTTP/1.1" 200 567 "http://www.ecosign.net/allgemein/studentische-arbeiten/semesterarbeiten/detail/?arbeit=152" "Mozilla/5.0 (iPhone; CPU iPhone OS 5_0_1 like Mac OS X) AppleWebKit/534.46 (KHTML, like Gecko) Version/5.1 Mobile/9A405 Safari/7534.48.3"
85.0.101.93 - - [13/Aug/2012:02:25:27 +0200] "GET /fileadmin/templates/bilder/icon-videoplayer.png HTTP/1.1" 200 5158 "http://www.ecosign.net/allgemein/studentische-arbeiten/semesterarbeiten/detail/?arbeit=152" "Mozilla/5.0 (iPhone; CPU iPhone OS 5_0_1 like Mac OS X) AppleWebKit/534.46 (KHTML, like Gecko) Version/5.1 Mobile/9A405 Safari/7534.48.3"
85.0.101.93 - - [13/Aug/2012:02:25:27 +0200] "GET /fileadmin/templates/bilder/icon-link-pfeil.png HTTP/1.1" 200 408 "http://www.ecosign.net/allgemein/studentische-arbeiten/semesterarbeiten/detail/?arbeit=152" "Mozilla/5.0 (iPhone; CPU iPhone OS 5_0_1 like Mac OS X) AppleWebKit/534.46 (KHTML, like Gecko) Version/5.1 Mobile/9A405 Safari/7534.48.3"
85.0.101.93 - - [13/Aug/2012:02:25:29 +0200] "GET /fileadmin/templates/skripte/flexslider/images/bg_control_nav.png HTTP/1.1" 200 1260 "http://www.ecosign.net/allgemein/studentische-arbeiten/semesterarbeiten/detail/?arbeit=152" "Mozilla/5.0 (iPhone; CPU iPhone OS 5_0_1 like Mac OS X) AppleWebKit/534.46 (KHTML, like Gecko) Version/5.1 Mobile/9A405 Safari/7534.48.3"
85.0.101.93 - - [13/Aug/2012:02:25:29 +0200] "GET /fileadmin/templates/skripte/flexslider/images/bg_direction_nav.png HTTP/1.1" 200 2597 "http://www.ecosign.net/allgemein/studentische-arbeiten/semesterarbeiten/detail/?arbeit=152" "Mozilla/5.0 (iPhone; CPU iPhone OS 5_0_1 like Mac OS X) AppleWebKit/534.46 (KHTML, like Gecko) Version/5.1 Mobile/9A405 Safari/7534.48.3"
85.0.101.93 - - [13/Aug/2012:02:25:30 +0200] "GET /img_jobs/ HTTP/1.1" 403 292 "-" "AppleCoreMedia/1.0.0.9A405 (iPhone; U; CPU OS 5_0_1 like Mac OS X; de_de)"
85.0.101.93 - - [13/Aug/2012:02:25:30 +0200] "GET /img_jobs/ HTTP/1.1" 403 243 "-" "AppleCoreMedia/1.0.0.9A405 (iPhone; U; CPU OS 5_0_1 like Mac OS X; de_de)"
66.249.72.155 - - [13/Aug/2012:02:26:18 +0200] "GET /robots.txt HTTP/1.1" 301 258 "-" "Mozilla/5.0 (compatible; Googlebot/2.1; +http://www.google.com/bot.html)"
66.249.66.121 - - [13/Aug/2012:02:26:18 +0200] "GET /robots.txt HTTP/1.1" 200 161 "-" "Mozilla/5.0 (compatible; Googlebot/2.1; +http://www.google.com/bot.html)"
66.249.66.232 - - [13/Aug/2012:02:26:18 +0200] "GET / HTTP/1.1" 301 252 "-" "Mozilla/5.0 (compatible; Googlebot/2.1; +http://www.google.com/bot.html)"
94.228.34.210 - - [13/Aug/2012:02:26:22 +0200] "GET /rssdata/abschluss.rss HTTP/1.1" 304 - "-" "magpie-crawler/1.1 (U; Linux amd64; en-GB; +http://www.brandwatch.net)"
66.249.66.171 - - [13/Aug/2012:02:27:55 +0200] "GET /index.php?id=136&arbeit=93 HTTP/1.1" 301 271 "-" "Mozilla/5.0 (compatible; Googlebot/2.1; +http://www.google.com/bot.html)"
77.233.225.110 - - [13/Aug/2012:02:28:14 +0200] "GET /39/Foerderverein HTTP/1.1" 404 26 "-" "Mozilla/5.0 (compatible; Abonti/0.91 - http://www.abonti.com)"
174.37.205.76 - - [13/Aug/2012:02:29:54 +0200] "GET /rssdata/news.rss HTTP/1.1" 304 - "-" "Mozilla/5.0 (X11; U; Linux x86_64; en-US; rv:1.9.0.19; aggregator:Spinn3r (Spinn3r 3.1); http://spinn3r.com/robot) Gecko/2010040121 Firefox/3.0.19"
66.249.66.141 - - [13/Aug/2012:02:30:30 +0200] "GET /allgemein/studentische-arbeiten/archiv/detail/?arbeit=95 HTTP/1.1" 301 285 "-" "Mozilla/5.0 (compatible; Googlebot/2.1; +http://www.google.com/bot.html)"
77.233.225.110 - - [13/Aug/2012:02:31:31 +0200] "GET /117/fuer+Journalisten HTTP/1.1" 404 26 "-" "Mozilla/5.0 (compatible; Abonti/0.91 - http://www.abonti.com)"
66.249.66.141 - - [13/Aug/2012:02:31:31 +0200] "GET /index.php?id=136&arbeit=20 HTTP/1.1" 301 273 "-" "Mozilla/5.0 (compatible; Googlebot/2.1; +http://www.google.com/bot.html)"
74.125.183.23 - - [13/Aug/2012:02:32:36 +0200] "GET / HTTP/1.1" 200 7255 "http://www.google.com/url?sa=t&rct=j&q=ecosign&source=web&cd=2&ved=0CCMQFjAB&url=http%3A%2F%2Fwww.ecosign.net%2F&ei=c0ooUJGyG7DxkgX_Lw&usg=AFQjCNFKtMiFKwljVzFG-hERpHbZGO7RgQ" "Mozilla/4.0 (compatible; MSIE 7.0; Windows NT 5.1; .NET CLR 1.1.4322)"
74.125.183.23 - - [13/Aug/2012:02:32:37 +0200] "GET /fileadmin/templates/css/content.css?1344605828 HTTP/1.1" 200 25020 "http://www.ecosign.net/" "Mozilla/4.0 (compatible; MSIE 7.0; Windows NT 5.1; .NET CLR 1.1.4322)"
74.125.183.27 - - [13/Aug/2012:02:32:37 +0200] "GET /fileadmin/templates/skripte/dualSlider/css/jquery.dualSlider.0.2.css HTTP/1.1" 404 51 "http://www.ecosign.net/" "Mozilla/4.0 (compatible; MSIE 7.0; Windows NT 5.1; .NET CLR 1.1.4322)"
74.125.183.27 - - [13/Aug/2012:02:32:38 +0200] "GET /typo3temp/stylesheet_fab097ae4c.css?1341584161 HTTP/1.1" 200 13208 "http://www.ecosign.net/" "Mozilla/4.0 (compatible; MSIE 7.0; Windows NT 5.1; .NET CLR 1.1.4322)"
74.125.183.23 - - [13/Aug/2012:02:32:38 +0200] "GET /fileadmin/templates/skripte/jquery-1.4.2.min.js?1340543476 HTTP/1.1" 200 72173 "http://www.ecosign.net/" "Mozilla/4.0 (compatible; MSIE 7.0; Windows NT 5.1; .NET CLR 1.1.4322)"
74.125.183.23 - - [13/Aug/2012:02:32:39 +0200] "GET /fileadmin/templates/skripte/css_browser_selector.js?1340543385 HTTP/1.1" 200 1320 "http://www.ecosign.net/" "Mozilla/4.0 (compatible; MSIE 7.0; Windows NT 5.1; .NET CLR 1.1.4322)"
74.125.183.23 - - [13/Aug/2012:02:32:39 +0200] "GET /fileadmin/templates/skripte/yasp/jquery.yasp.js?1340543479 HTTP/1.1" 200 2529 "http://www.ecosign.net/" "Mozilla/4.0 (compatible; MSIE 7.0; Windows NT 5.1; .NET CLR 1.1.4322)"
74.125.183.23 - - [13/Aug/2012:02:32:39 +0200] "GET /fileadmin/templates/skripte/gen_validatorv31.js?1340543474 HTTP/1.1" 200 19654 "http://www.ecosign.net/" "Mozilla/4.0 (compatible; MSIE 7.0; Windows NT 5.1; .NET CLR 1.1.4322)"
74.125.183.23 - - [13/Aug/2012:02:32:40 +0200] "GET /fileadmin/templates/skripte/dualSlider/scripts/jquery.easing.1.3.js HTTP/1.1" 404 51 "http://www.ecosign.net/" "Mozilla/4.0 (compatible; MSIE 7.0; Windows NT 5.1; .NET CLR 1.1.4322)"
74.125.183.23 - - [13/Aug/2012:02:32:40 +0200] "GET /fileadmin/templates/skripte/dualSlider/scripts/jquery.timers-1.2.js HTTP/1.1" 404 51 "http://www.ecosign.net/" "Mozilla/4.0 (compatible; MSIE 7.0; Windows NT 5.1; .NET CLR 1.1.4322)"
74.125.183.23 - - [13/Aug/2012:02:32:40 +0200] "GET /fileadmin/templates/skripte/dualSlider/scripts/jquery.dualSlider.0.3.min.js HTTP/1.1" 404 51 "http://www.ecosign.net/" "Mozilla/4.0 (compatible; MSIE 7.0; Windows NT 5.1; .NET CLR 1.1.4322)"
74.125.183.23 - - [13/Aug/2012:02:32:40 +0200] "GET /fileadmin/templates/skripte/cursordivscroll.js?1343046645 HTTP/1.1" 200 12574 "http://www.ecosign.net/" "Mozilla/4.0 (compatible; MSIE 7.0; Windows NT 5.1; .NET CLR 1.1.4322)"
74.125.183.23 - - [13/Aug/2012:02:32:41 +0200] "GET /fileadmin/templates/skripte/jplayer/jquery.jplayer.min.js?1340543475 HTTP/1.1" 200 42856 "http://www.ecosign.net/" "Mozilla/4.0 (compatible; MSIE 7.0; Windows NT 5.1; .NET CLR 1.1.4322)"
