74.125.183.23 - - [13/Aug/2012:02:32:41 +0200] "GET /typo3temp/javascript_757c080409.js?1339334818 HTTP/1.1" 200 446 "http://www.ecosign.net/" "Mozilla/4.0 (compatible; MSIE 7.0; Windows NT 5.1; .NET CLR 1.1.4322)"
74.125.183.23 - - [13/Aug/2012:02:32:41 +0200] "GET /fileadmin/templates/skripte/iscroll.js HTTP/1.1" 200 33551 "http://www.ecosign.net/" "Mozilla/4.0 (compatible; MSIE 7.0; Windows NT 5.1; .NET CLR 1.1.4322)"
74.125.183.23 - - [13/Aug/2012:02:32:46 +0200] "GET /fileadmin/templates/skripte/uniform/jquery.uniform.min.js HTTP/1.1" 200 9323 "http://www.ecosign.net/" "Mozilla/4.0 (compatible; MSIE 7.0; Windows NT 5.1; .NET CLR 1.1.4322)"
74.125.183.23 - - [13/Aug/2012:02:32:46 +0200] "GET /fileadmin/templates/skripte/uniform/css/uniform.default.css HTTP/1.1" 200 10637 "http://www.ecosign.net/" "Mozilla/4.0 (compatible; MSIE 7.0; Windows NT 5.1; .NET CLR 1.1.4322)"
74.125.183.21 - - [13/Aug/2012:02:32:46 +0200] "GET /fileadmin/templates/skripte/cursordivscroll.js HTTP/1.1" 200 12574 "http://www.ecosign.net/" "Mozilla/4.0 (compatible; MSIE 7.0; Windows NT 5.1; .NET CLR 1.1.4322)"
74.125.183.21 - - [13/Aug/2012:02:32:47 +0200] "GET /fileadmin/templates/skripte/jplayer/jquery.jplayer.min.js HTTP/1.1" 200 42856 "http://www.ecosign.net/" "Mozilla/4.0 (compatible; MSIE 7.0; Windows NT 5.1; .NET CLR 1.1.4322)"
74.125.183.21 - - [13/Aug/2012:02:32:47 +0200] "GET /fileadmin/templates/skripte/mobile.js HTTP/1.1" 200 2060 "http://www.ecosign.net/" "Mozilla/4.0 (compatible; MSIE 7.0; Windows NT 5.1; .NET CLR 1.1.4322)"
74.125.183.21 - - [13/Aug/2012:02:32:48 +0200] "GET /fileadmin/templates/bilder_startseite/streifen1/b1.jpg HTTP/1.1" 200 6463 "http://www.ecosign.net/" "Mozilla/4.0 (compatible; MSIE 7.0; Windows NT 5.1; .NET CLR 1.1.4322)"
74.125.183.23 - - [13/Aug/2012:02:32:48 +0200] "GET /fileadmin/templates/bilder_startseite/streifen1/b2.jpg HTTP/1.1" 200 12293 "http://www.ecosign.net/" "Mozilla/4.0 (compatible; MSIE 7.0; Windows NT 5.1; .NET CLR 1.1.4322)"
74.125.183.23 - - [13/Aug/2012:02:32:48 +0200] "GET /fileadmin/templates/bilder_startseite/streifen1/b5.jpg HTTP/1.1" 200 8329 "http://www.ecosign.net/" "Mozilla/4.0 (compatible; MSIE 7.0; Windows NT 5.1; .NET CLR 1.1.4322)"
74.125.183.23 - - [13/Aug/2012:02:32:48 +0200] "GET /fileadmin/templates/bilder_startseite/streifen1/b4.jpg HTTP/1.1" 200 19986 "http://www.ecosign.net/" "Mozilla/4.0 (compatible; MSIE 7.0; Windows NT 5.1; .NET CLR 1.1.4322)"
74.125.183.21 - - [13/Aug/2012:02:32:48 +0200] "GET /fileadmin/templates/bilder_startseite/streifen1/b3.jpg HTTP/1.1" 200 16521 "http://www.ecosign.net/" "Mozilla/4.0 (compatible; MSIE 7.0; Windows NT 5.1; .NET CLR 1.1.4322)"
74.125.183.21 - - [13/Aug/2012:02:32:49 +0200] "GET /fileadmin/templates/bilder_startseite/streifen1/b6.jpg HTTP/1.1" 200 5460 "http://www.ecosign.net/" "Mozilla/4.0 (compatible; MSIE 7.0; Windows NT 5.1; .NET CLR 1.1.4322)"
74.125.183.23 - - [13/Aug/2012:02:32:49 +0200] "GET /fileadmin/templates/bilder_startseite/streifen1/b7.jpg HTTP/1.1" 200 6584 "http://www.ecosign.net/" "Mozilla/4.0 (compatible; MSIE 7.0; Windows NT 5.1; .NET CLR 1.1.4322)"
74.125.183.21 - - [13/Aug/2012:02:32:49 +0200] "GET /fileadmin/templates/bilder_startseite/streifen1/b8.jpg HTTP/1.1" 200 6276 "http://www.ecosign.net/" "Mozilla/4.0 (compatible; MSIE 7.0; Windows NT 5.1; .NET CLR 1.1.4322)"
74.125.183.23 - - [13/Aug/2012:02:32:49 +0200] "GET /fileadmin/templates/bilder_startseite/streifen1/b9.jpg HTTP/1.1" 200 6619 "http://www.ecosign.net/" "Mozilla/4.0 (compatible; MSIE 7.0; Windows NT 5.1; .NET CLR 1.1.4322)"
74.125.183.23 - - [13/Aug/2012:02:32:50 +0200] "GET /fileadmin/templates/bilder_startseite/streifen1/b11.jpg HTTP/1.1" 200 6726 "http://www.ecosign.net/" "Mozilla/4.0 (compatible; MSIE 7.0; Windows NT 5.1; .NET CLR 1.1.4322)"
74.125.183.21 - - [13/Aug/2012:02:32:50 +0200] "GET /fileadmin/templates/bilder_startseite/streifen1/b10.jpg HTTP/1.1" 200 14393 "http://www.ecosign.net/" "Mozilla/4.0 (compatible; MSIE 7.0; Windows NT 5.1; .NET CLR 1.1.4322)"
74.125.183.23 - - [13/Aug/2012:02:32:50 +0200] "GET /fileadmin/templates/bilder_startseite/streifen1/b12.jpg HTTP/1.1" 200 5406 "http://www.ecosign.net/" "Mozilla/4.0 (compatible; MSIE 7.0; Windows NT 5.1; .NET CLR 1.1.4322)"
74.125.183.23 - - [13/Aug/2012:02:32:50 +0200] "GET /fileadmin/templates/bilder/logo-ecosign-koeln.png HTTP/1.1" 200 2176 "http://www.ecosign.net/" "Mozilla/4.0 (compatible; MSIE 7.0; Windows NT 5.1; .NET CLR 1.1.4322)"
74.125.183.21 - - [13/Aug/2012:02:32:50 +0200] "GET /fileadmin/templates/bilder_startseite/streifen1/b13.jpg HTTP/1.1" 200 6185 "http://www.ecosign.net/" "Mozilla/4.0 (compatible; MSIE 7.0; Windows NT 5.1; .NET CLR 1.1.4322)"
74.125.183.21 - - [13/Aug/2012:02:32:51 +0200] "GET /fileadmin/templates/bilder/bookmarks-facebook.png HTTP/1.1" 200 476 "http://www.ecosign.net/" "Mozilla/4.0 (compatible; MSIE 7.0; Windows NT 5.1; .NET CLR 1.1.4322)"
74.125.183.23 - - [13/Aug/2012:02:32:51 +0200] "GET /fileadmin/templates/bilder/bookmarks-twitter.png HTTP/1.1" 200 553 "http://www.ecosign.net/" "Mozilla/4.0 (compatible; MSIE 7.0; Windows NT 5.1; .NET CLR 1.1.4322)"
74.125.183.23 - - [13/Aug/2012:02:32:51 +0200] "GET /fileadmin/templates/skripte/js_jquery.js HTTP/1.1" 200 2509 "http://www.ecosign.net/" "Mozilla/4.0 (compatible; MSIE 7.0; Windows NT 5.1; .NET CLR 1.1.4322)"
74.125.183.21 - - [13/Aug/2012:02:32:51 +0200] "GET /fileadmin/templates/bilder/bookmarks-google.png HTTP/1.1" 200 612 "http://www.ecosign.net/" "Mozilla/4.0 (compatible; MSIE 7.0; Windows NT 5.1; .NET CLR 1.1.4322)"
74.125.183.21 - - [13/Aug/2012:02:32:51 +0200] "GET /fileadmin/templates/bilder/nav-linie.png HTTP/1.1" 200 182 "http://www.ecosign.net/" "Mozilla/4.0 (compatible; MSIE 7.0; Windows NT 5.1; .NET CLR 1.1.4322)"
74.125.183.23 - - [13/Aug/2012:02:32:51 +0200] "GET /fileadmin/templates/bilder/icon-link-pfeil.png HTTP/1.1" 200 408 "http://www.ecosign.net/" "Mozilla/4.0 (compatible; MSIE 7.0; Windows NT 5.1; .NET CLR 1.1.4322)"
74.125.183.23 - - [13/Aug/2012:02:32:51 +0200] "GET /fileadmin/templates/bilder/icon-rss-feed.png HTTP/1.1" 200 1554 "http://www.ecosign.net/" "Mozilla/4.0 (compatible; MSIE 7.0; Windows NT 5.1; .NET CLR 1.1.4322)"
74.125.183.30 - - [13/Aug/2012:02:32:57 +0200] "GET /fileadmin/templates/skripte/jplayer/Jplayer.swf HTTP/1.1" 200 8452 "http://www.ecosign.net/" "Mozilla/4.0 (compatible; MSIE 7.0; Windows NT 5.1; .NET CLR 1.1.4322)"
66.249.72.237 - - [13/Aug/2012:02:33:07 +0200] "GET /allgemein/studentische-arbeiten/archiv/detail/?arbeit=80 HTTP/1.1" 301 284 "-" "Mozilla/5.0 (compatible; Googlebot/2.1; +http://www.google.com/bot.html)"
77.233.225.110 - - [13/Aug/2012:02:34:42 +0200] "GET /html/__de/informationen/dozenten/Bernd_Draser.php HTTP/1.1" 404 26 "-" "Mozilla/5.0 (compatible; Abonti/0.91 - http://www.abonti.com)"
66.249.66.141 - - [13/Aug/2012:02:35:42 +0200] "GET /allgemein/die-ecosign/dozenten/detail/?arbeit=35 HTTP/1.1" 301 279 "-" "Mozilla/5.0 (compatible; Googlebot/2.1; +http://www.google.com/bot.html)"
157.55.16.56 - - [13/Aug/2012:02:36:01 +0200] "GET /datenspeicher/ HTTP/1.1" 404 854 "-" "Mozilla/5.0 (compatible; bingbot/2.0; +http://www.bing.com/bingbot.htm)"
178.255.215.72 - - [13/Aug/2012:02:37:14 +0200] "GET /91/215/ecosigner+gewinnt+1.+Platz+bei+Fotowettbewerb HTTP/1.1" 404 51 "-" "Mozilla/5.0 (compatible; Exabot/3.0; +http://www.exabot.com/go/robot)"
77.233.225.110 - - [13/Aug/2012:02:38:06 +0200] "GET /html/__de/inhalt.php HTTP/1.1" 404 26 "-" "Mozilla/5.0 (compatible; Abonti/0.91 - http://www.abonti.com)"
66.249.66.121 - - [13/Aug/2012:02:38:19 +0200] "GET /www/html/__de/philosophie/3_ecosign_akademie.php HTTP/1.1" 404 51 "-" "Mozilla/5.0 (compatible; Googlebot/2.1; +http://www.google.com/bot.html)"
66.249.66.121 - - [13/Aug/2012:02:40:55 +0200] "GET /img_icon/91404662_Feature_Tendence_talents.pdf HTTP/1.1" 200 1483138 "-" "Mozilla/5.0 (compatible; Googlebot/2.1; +http://www.google.com/bot.html)"
77.233.225.110 - - [13/Aug/2012:02:41:20 +0200] "GET /html/__en/philosophie/3_ecosign_akademie.php HTTP/1.1" 404 26 "-" "Mozilla/5.0 (compatible; Abonti/0.91 - http://www.abonti.com)"
207.172.209.16 - - [13/Aug/2012:02:43:02 +0200] "GET / HTTP/1.1" 200 7255 "-" "Mozilla/5.0 (Windows NT 6.1; WOW64; rv:12.0) Gecko/20100101 Firefox/12.0"
66.249.66.171 - - [13/Aug/2012:02:43:30 +0200] "GET /index.php?id=136&arbeit=7 HTTP/1.1" 301 270 "-" "Mozilla/5.0 (compatible; Googlebot/2.1; +http://www.google.com/bot.html)"
212.8.206.172 - - [13/Aug/2012:02:44:07 +0200] "HEAD /uploads/media/Essstaebchen_01.pdf HTTP/1.1" 200 - "-" "-"
77.180.255.115 - - [13/Aug/2012:02:44:07 +0200] "GET /rss-feed/?type=100 HTTP/1.1" 200 11012 "-" "Apple-PubSub/65.28"
77.233.225.110 - - [13/Aug/2012:02:44:25 +0200] "GET /html/__en/service_oekologie_design/literatur.php HTTP/1.1" 404 26 "-" "Mozilla/5.0 (compatible; Abonti/0.91 - http://www.abonti.com)"
66.249.66.141 - - [13/Aug/2012:02:44:34 +0200] "GET /index.php?id=134&arbeit=47 HTTP/1.1" 301 274 "-" "Mozilla/5.0 (compatible; Googlebot/2.1; +http://www.google.com/bot.html)"
66.249.66.121 - - [13/Aug/2012:02:44:34 +0200] "GET /index.php?id=134&arbeit=47 HTTP/1.1" 301 26 "-" "Mozilla/5.0 (compatible; Googlebot/2.1; +http://www.google.com/bot.html)"
66.249.66.121 - - [13/Aug/2012:02:46:05 +0200] "GET /www/html/__de/philosophie/4_ecosign-historie.php HTTP/1.1" 404 51 "-" "Mozilla/5.0 (compatible; Googlebot/2.1; +http://www.google.com/bot.html)"
217.186.231.31 - - [13/Aug/2012:02:46:19 +0200] "GET /allgemein/oekologie-design/nachhaltiges-design/ HTTP/1.1" 200 5442 "http://www.google.de/url?sa=t&rct=j&q=nachhaltiges%20design&source=web&cd=22&ved=0CEgQFjABOBQ&url=http%3A%2F%2Fwww.ecosign.net%2Fallgemein%2Foekologie-design%2Fnachhaltiges-design%2F&ei=rk0oULWLC9TO4QTaj4DIAw&usg=AFQjCNFyjCLOA_osWrvEhm7k2wstItlfXw" "Mozilla/5.0 (Windows NT 6.1) AppleWebKit/534.57.2 (KHTML, like Gecko) Version/5.1.7 Safari/534.57.2"
217.186.231.31 - - [13/Aug/2012:02:46:19 +0200] "GET /fileadmin/templates/skripte/uniform/css/uniform.default.css HTTP/1.1" 200 10637 "http://www.ecosign.net/allgemein/oekologie-design/nachhaltiges-design/" "Mozilla/5.0 (Windows NT 6.1) AppleWebKit/534.57.2 (KHTML, like Gecko) Version/5.1.7 Safari/534.57.2"
217.186.231.31 - - [13/Aug/2012:02:46:19 +0200] "GET /typo3temp/stylesheet_fab097ae4c.css?1341584161 HTTP/1.1" 200 13208 "http://www.ecosign.net/allgemein/oekologie-design/nachhaltiges-design/" "Mozilla/5.0 (Windows NT 6.1) AppleWebKit/534.57.2 (KHTML, like Gecko) Version/5.1.7 Safari/534.57.2"
217.186.231.31 - - [13/Aug/2012:02:46:19 +0200] "GET /fileadmin/templates/skripte/css_browser_selector.js?1340543385 HTTP/1.1" 200 1320 "http://www.ecosign.net/allgemein/oekologie-design/nachhaltiges-design/" "Mozilla/5.0 (Windows NT 6.1) AppleWebKit/534.57.2 (KHTML, like Gecko) Version/5.1.7 Safari/534.57.2"
217.186.231.31 - - [13/Aug/2012:02:46:19 +0200] "GET /fileadmin/templates/skripte/yasp/jquery.yasp.js?1340543479 HTTP/1.1" 200 2529 "http://www.ecosign.net/allgemein/oekologie-design/nachhaltiges-design/" "Mozilla/5.0 (Windows NT 6.1) AppleWebKit/534.57.2 (KHTML, like Gecko) Version/5.1.7 Safari/534.57.2"
217.186.231.31 - - [13/Aug/2012:02:46:20 +0200] "GET /fileadmin/templates/css/content.css?1344605828 HTTP/1.1" 200 25020 "http://www.ecosign.net/allgemein/oekologie-design/nachhaltiges-design/" "Mozilla/5.0 (Windows NT 6.1) AppleWebKit/534.57.2 (KHTML, like Gecko) Version/5.1.7 Safari/534.57.2"
217.186.231.31 - - [13/Aug/2012:02:46:20 +0200] "GET /fileadmin/templates/skripte/gen_validatorv31.js?1340543474 HTTP/1.1" 200 19654 "http://www.ecosign.net/allgemein/oekologie-design/nachhaltiges-design/" "Mozilla/5.0 (Windows NT 6.1) AppleWebKit/534.57.2 (KHTML, like Gecko) Version/5.1.7 Safari/534.57.2"
217.186.231.31 - - [13/Aug/2012:02:46:20 +0200] "GET /typo3temp/javascript_757c080409.js?1339334818 HTTP/1.1" 200 446 "http://www.ecosign.net/allgemein/oekologie-design/nachhaltiges-design/" "Mozilla/5.0 (Windows NT 6.1) AppleWebKit/534.57.2 (KHTML, like Gecko) Version/5.1.7 Safari/534.57.2"
217.186.231.31 - - [13/Aug/2012:02:46:20 +0200] "GET /fileadmin/templates/skripte/uniform/jquery.uniform.min.js HTTP/1.1" 200 9323 "http://www.ecosign.net/allgemein/oekologie-design/nachhaltiges-design/" "Mozilla/5.0 (Windows NT 6.1) AppleWebKit/534.57.2 (KHTML, like Gecko) Version/5.1.7 Safari/534.57.2"
217.186.231.31 - - [13/Aug/2012:02:46:20 +0200] "GET /fileadmin/templates/skripte/cursordivscroll.js HTTP/1.1" 200 12574 "http://www.ecosign.net/allgemein/oekologie-design/nachhaltiges-design/" "Mozilla/5.0 (Windows NT 6.1) AppleWebKit/534.57.2 (KHTML, like Gecko) Version/5.1.7 Safari/534.57.2"
217.186.231.31 - - [13/Aug/2012:02:46:19 +0200] "GET /fileadmin/templates/skripte/jquery-1.4.2.min.js?1340543476 HTTP/1.1" 200 72173 "http://www.ecosign.net/allgemein/oekologie-design/nachhaltiges-design/" "Mozilla/5.0 (Windows NT 6.1) AppleWebKit/534.57.2 (KHTML, like Gecko) Version/5.1.7 Safari/534.57.2"
217.186.231.31 - - [13/Aug/2012:02:46:20 +0200] "GET /fileadmin/templates/skripte/jplayer/jquery.jplayer.min.js HTTP/1.1" 200 42856 "http://www.ecosign.net/allgemein/oekologie-design/nachhaltiges-design/" "Mozilla/5.0 (Windows NT 6.1) AppleWebKit/534.57.2 (KHTML, like Gecko) Version/5.1.7 Safari/534.57.2"
217.186.231.31 - - [13/Aug/2012:02:46:20 +0200] "GET /fileadmin/templates/skripte/iscroll.js HTTP/1.1" 200 33551 "http://www.ecosign.net/allgemein/oekologie-design/nachhaltiges-design/" "Mozilla/5.0 (Windows NT 6.1) AppleWebKit/534.57.2 (KHTML, like Gecko) Version/5.1.7 Safari/534.57.2"
217.186.231.31 - - [13/Aug/2012:02:46:20 +0200] "GET /fileadmin/templates/skripte/js_jquery.js HTTP/1.1" 200 2509 "http://www.ecosign.net/allgemein/oekologie-design/nachhaltiges-design/" "Mozilla/5.0 (Windows NT 6.1) AppleWebKit/534.57.2 (KHTML, like Gecko) Version/5.1.7 Safari/534.57.2"
217.186.231.31 - - [13/Aug/2012:02:46:21 +0200] "GET /fileadmin/templates/bilder/logo-ecosign-koeln.png HTTP/1.1" 200 2176 "http://www.ecosign.net/allgemein/oekologie-design/nachhaltiges-design/" "Mozilla/5.0 (Windows NT 6.1) AppleWebKit/534.57.2 (KHTML, like Gecko) Version/5.1.7 Safari/534.57.2"
217.186.231.31 - - [13/Aug/2012:02:46:21 +0200] "GET /fileadmin/templates/bilder/bookmarks-facebook.png HTTP/1.1" 200 476 "http://www.ecosign.net/allgemein/oekologie-design/nachhaltiges-design/" "Mozilla/5.0 (Windows NT 6.1) AppleWebKit/534.57.2 (KHTML, like Gecko) Version/5.1.7 Safari/534.57.2"
217.186.231.31 - - [13/Aug/2012:02:46:21 +0200] "GET /fileadmin/templates/bilder/bookmarks-twitter.png HTTP/1.1" 200 553 "http://www.ecosign.net/allgemein/oekologie-design/nachhaltiges-design/" "Mozilla/5.0 (Windows NT 6.1) AppleWebKit/534.57.2 (KHTML, like Gecko) Version/5.1.7 Safari/534.57.2"
217.186.231.31 - - [13/Aug/2012:02:46:21 +0200] "GET /fileadmin/templates/bilder/bookmarks-google.png HTTP/1.1" 200 612 "http://www.ecosign.net/allgemein/oekologie-design/nachhaltiges-design/" "Mozilla/5.0 (Windows NT 6.1) AppleWebKit/534.57.2 (KHTML, like Gecko) Version/5.1.7 Safari/534.57.2"
217.186.231.31 - - [13/Aug/2012:02:46:21 +0200] "GET /fileadmin/templates/bilder/nav.png HTTP/1.1" 200 291 "http://www.ecosign.net/allgemein/oekologie-design/nachhaltiges-design/" "Mozilla/5.0 (Windows NT 6.1) AppleWebKit/534.57.2 (KHTML, like Gecko) Version/5.1.7 Safari/534.57.2"
217.186.231.31 - - [13/Aug/2012:02:46:21 +0200] "GET /fileadmin/templates/bilder/icon-link-pfeil.png HTTP/1.1" 200 408 "http://www.ecosign.net/allgemein/oekologie-design/nachhaltiges-design/" "Mozilla/5.0 (Windows NT 6.1) AppleWebKit/534.57.2 (KHTML, like Gecko) Version/5.1.7 Safari/534.57.2"
217.186.231.31 - - [13/Aug/2012:02:46:30 +0200] "GET /allgemein/oekologie-design/zukunftsfaehigkeit/ HTTP/1.1" 200 4849 "http://www.ecosign.net/allgemein/oekologie-design/nachhaltiges-design/" "Mozilla/5.0 (Windows NT 6.1) AppleWebKit/534.57.2 (KHTML, like Gecko) Version/5.1.7 Safari/534.57.2"
174.129.228.67 - - [13/Aug/2012:02:47:20 +0200] "GET /robots.txt HTTP/1.0" 200 386 "-" "ia_archiver (+http://www.alexa.com/site/help/webmasters; crawler@alexa.com)"
217.186.231.31 - - [13/Aug/2012:02:47:36 +0200] "GET /allgemein/akademiegeschehen/einladung/ HTTP/1.1" 200 4778 "http://www.ecosign.net/allgemein/oekologie-design/zukunftsfaehigkeit/" "Mozilla/5.0 (Windows NT 6.1) AppleWebKit/534.57.2 (KHTML, like Gecko) Version/5.1.7 Safari/534.57.2"
217.186.231.31 - - [13/Aug/2012:02:47:36 +0200] "GET /typo3temp/stylesheet_6bf39800b7.css?1341586993 HTTP/1.1" 200 13423 "http://www.ecosign.net/allgemein/akademiegeschehen/einladung/" "Mozilla/5.0 (Windows NT 6.1) AppleWebKit/534.57.2 (KHTML, like Gecko) Version/5.1.7 Safari/534.57.2"
217.186.231.31 - - [13/Aug/2012:02:47:37 +0200] "GET /uploads/pics/einladung_01.jpg HTTP/1.1" 200 52000 "http://www.ecosign.net/allgemein/akademiegeschehen/einladung/" "Mozilla/5.0 (Windows NT 6.1) AppleWebKit/534.57.2 (KHTML, like Gecko) Version/5.1.7 Safari/534.57.2"
77.233.225.110 - - [13/Aug/2012:02:47:41 +0200] "GET /35/wer+wir+sind HTTP/1.1" 404 26 "-" "Mozilla/5.0 (compatible; Abonti/0.91 - http://www.abonti.com)"
217.186.231.31 - - [13/Aug/2012:02:47:52 +0200] "GET /allgemein/international/austauschschule/ HTTP/1.1" 200 5300 "http://www.ecosign.net/allgemein/akademiegeschehen/einladung/" "Mozilla/5.0 (Windows NT 6.1) AppleWebKit/534.57.2 (KHTML, like Gecko) Version/5.1.7 Safari/534.57.2"
217.186.231.31 - - [13/Aug/2012:02:47:52 +0200] "GET /skripte/jplayer/jquery.jplayer.min.js HTTP/1.1" 404 51 "http://www.ecosign.net/allgemein/international/austauschschule/" "Mozilla/5.0 (Windows NT 6.1) AppleWebKit/534.57.2 (KHTML, like Gecko) Version/5.1.7 Safari/534.57.2"
217.186.231.31 - - [13/Aug/2012:02:47:52 +0200] "GET /fileadmin/templates/skripte/flexslider/flexslider.css HTTP/1.1" 200 3251 "http://www.ecosign.net/allgemein/international/austauschschule/" "Mozilla/5.0 (Windows NT 6.1) AppleWebKit/534.57.2 (KHTML, like Gecko) Version/5.1.7 Safari/534.57.2"
217.186.231.31 - - [13/Aug/2012:02:47:52 +0200] "GET /fileadmin/templates/skripte/flexslider/jquery.flexslider.js HTTP/1.1" 200 39763 "http://www.ecosign.net/allgemein/international/austauschschule/" "Mozilla/5.0 (Windows NT 6.1) AppleWebKit/534.57.2 (KHTML, like Gecko) Version/5.1.7 Safari/534.57.2"
217.186.231.31 - - [13/Aug/2012:02:47:52 +0200] "GET /eco_include/detail.js HTTP/1.1" 200 3235 "http://www.ecosign.net/allgemein/international/austauschschule/" "Mozilla/5.0 (Windows NT 6.1) AppleWebKit/534.57.2 (KHTML, like Gecko) Version/5.1.7 Safari/534.57.2"
217.186.231.31 - - [13/Aug/2012:02:47:52 +0200] "GET /img_jobs/89984450_austauschschule.jpg HTTP/1.1" 200 26163 "http://www.ecosign.net/allgemein/international/austauschschule/" "Mozilla/5.0 (Windows NT 6.1) AppleWebKit/534.57.2 (KHTML, like Gecko) Version/5.1.7 Safari/534.57.2"
217.186.231.31 - - [13/Aug/2012:02:47:53 +0200] "GET /fileadmin/templates/bilder/icon-videoplayer.png HTTP/1.1" 200 5158 "http://www.ecosign.net/allgemein/international/austauschschule/" "Mozilla/5.0 (Windows NT 6.1) AppleWebKit/534.57.2 (KHTML, like Gecko) Version/5.1.7 Safari/534.57.2"
217.186.231.31 - - [13/Aug/2012:02:47:54 +0200] "GET /fileadmin/templates/skripte/jplayer/Jplayer.swf HTTP/1.1" 200 8452 "http://www.ecosign.net/allgemein/international/austauschschule/" "Mozilla/5.0 (Windows NT 6.1) AppleWebKit/534.57.2 (KHTML, like Gecko) Version/5.1.7 Safari/534.57.2"
217.186.231.31 - - [13/Aug/2012:02:47:54 +0200] "GET /img_jobs/46534137_austauschschule.mp3 HTTP/1.1" 200 641174 "http://www.ecosign.net/allgemein/international/austauschschule/" "Mozilla/5.0 (Windows NT 6.1) AppleWebKit/534.57.2 (KHTML, like Gecko) Version/5.1.7 Safari/534.57.2"
217.186.231.31 - - [13/Aug/2012:02:48:11 +0200] "GET /allgemein/partner/ HTTP/1.1" 200 5458 "http://www.ecosign.net/allgemein/international/austauschschule/" "Mozilla/5.0 (Windows NT 6.1) AppleWebKit/534.57.2 (KHTML, like Gecko) Version/5.1.7 Safari/534.57.2"
94.228.34.210 - - [13/Aug/2012:02:48:13 +0200] "GET /rssdata/info.rss HTTP/1.1" 304 - "-" "magpie-crawler/1.1 (U; Linux amd64; en-GB; +http://www.brandwatch.net)"
66.249.66.171 - - [13/Aug/2012:02:48:42 +0200] "GET /index.php?id=136&arbeit=95 HTTP/1.1" 301 271 "-" "Mozilla/5.0 (compatible; Googlebot/2.1; +http://www.google.com/bot.html)"
217.186.231.31 - - [13/Aug/2012:02:49:23 +0200] "GET /allgemein/international/austauschschule/ HTTP/1.1" 200 5300 "http://www.ecosign.net/allgemein/akademiegeschehen/einladung/" "Mozilla/5.0 (Windows NT 6.1) AppleWebKit/534.57.2 (KHTML, like Gecko) Version/5.1.7 Safari/534.57.2"
217.186.231.31 - - [13/Aug/2012:02:49:25 +0200] "GET /allgemein/akademiegeschehen/einladung/ HTTP/1.1" 200 4778 "http://www.ecosign.net/allgemein/oekologie-design/zukunftsfaehigkeit/" "Mozilla/5.0 (Windows NT 6.1) AppleWebKit/534.57.2 (KHTML, like Gecko) Version/5.1.7 Safari/534.57.2"
217.186.231.31 - - [13/Aug/2012:02:49:28 +0200] "GET /allgemein/oekologie-design/zukunftsfaehigkeit/ HTTP/1.1" 200 4849 "http://www.ecosign.net/allgemein/oekologie-design/nachhaltiges-design/" "Mozilla/5.0 (Windows NT 6.1) AppleWebKit/534.57.2 (KHTML, like Gecko) Version/5.1.7 Safari/534.57.2"
217.186.231.31 - - [13/Aug/2012:02:49:32 +0200] "GET /allgemein/oekologie-design/nachhaltiges-design/ HTTP/1.1" 200 5442 "http://www.ecosign.net/allgemein/oekologie-design/zukunftsfaehigkeit/" "Mozilla/5.0 (Windows NT 6.1) AppleWebKit/534.57.2 (KHTML, like Gecko) Version/5.1.7 Safari/534.57.2"
217.186.231.31 - - [13/Aug/2012:02:49:39 +0200] "GET /allgemein/oekologie-design/literaturhinweise/ HTTP/1.1" 200 7549 "http://www.ecosign.net/allgemein/oekologie-design/nachhaltiges-design/" "Mozilla/5.0 (Windows NT 6.1) AppleWebKit/534.57.2 (KHTML, like Gecko) Version/5.1.7 Safari/534.57.2"
217.186.231.31 - - [13/Aug/2012:02:49:40 +0200] "GET /uploads/pics/logo_m7.jpg HTTP/1.1" 200 3496 "http://www.ecosign.net/allgemein/oekologie-design/literaturhinweise/" "Mozilla/5.0 (Windows NT 6.1) AppleWebKit/534.57.2 (KHTML, like Gecko) Version/5.1.7 Safari/534.57.2"
77.233.225.110 - - [13/Aug/2012:02:50:56 +0200] "GET /html/__en/news/ HTTP/1.1" 404 26 "-" "Mozilla/5.0 (compatible; Abonti/0.91 - http://www.abonti.com)"
66.249.66.171 - - [13/Aug/2012:02:51:17 +0200] "GET /index.php?id=136&arbeit=84 HTTP/1.1" 301 271 "-" "Mozilla/5.0 (compatible; Googlebot/2.1; +http://www.google.com/bot.html)"
208.115.113.89 - - [13/Aug/2012:02:51:18 +0200] "GET /133/16/ HTTP/1.1" 404 26 "-" "Mozilla/5.0 (compatible; Ezooms/1.0; ezooms.bot@gmail.com)"
208.115.113.89 - - [13/Aug/2012:02:51:22 +0200] "GET /133/59/Yaez+Magazin HTTP/1.1" 404 26 "-" "Mozilla/5.0 (compatible; Ezooms/1.0; ezooms.bot@gmail.com)"
217.186.231.31 - - [13/Aug/2012:02:51:26 +0200] "GET /allgemein/oekologie-design/links/ HTTP/1.1" 200 6104 "http://www.ecosign.net/allgemein/oekologie-design/literaturhinweise/" "Mozilla/5.0 (Windows NT 6.1) AppleWebKit/534.57.2 (KHTML, like Gecko) Version/5.1.7 Safari/534.57.2"
208.115.113.89 - - [13/Aug/2012:02:51:27 +0200] "GET /133/62/ HTTP/1.1" 404 26 "-" "Mozilla/5.0 (compatible; Ezooms/1.0; ezooms.bot@gmail.com)"
217.186.231.31 - - [13/Aug/2012:02:51:27 +0200] "GET /fileadmin/templates/skripte/uniform/images/sprite.png HTTP/1.1" 200 34229 "http://www.ecosign.net/allgemein/oekologie-design/links/" "Mozilla/5.0 (Windows NT 6.1) AppleWebKit/534.57.2 (KHTML, like Gecko) Version/5.1.7 Safari/534.57.2"
208.115.113.89 - - [13/Aug/2012:02:51:29 +0200] "GET /133/90/K%F6lner+Stadt-Anzeiger HTTP/1.1" 404 26 "-" "Mozilla/5.0 (compatible; Ezooms/1.0; ezooms.bot@gmail.com)"
208.115.113.89 - - [13/Aug/2012:02:51:34 +0200] "GET /74/3/Vom+Fruehstueckstisch+zum+Ministertisch+-+Nachhaltig+Konsumieren+und+Produzieren HTTP/1.1" 404 26 "-" "Mozilla/5.0 (compatible; Ezooms/1.0; ezooms.bot@gmail.com)"
208.115.113.89 - - [13/Aug/2012:02:51:37 +0200] "GET /97/12/Ingo+Wick+%7C+Manila+Philippinen HTTP/1.1" 404 26 "-" "Mozilla/5.0 (compatible; Ezooms/1.0; ezooms.bot@gmail.com)"
217.186.231.31 - - [13/Aug/2012:02:51:46 +0200] "GET /allgemein/oekologie-design/zukunftsfaehigkeit/ HTTP/1.1" 200 4849 "http://www.ecosign.net/allgemein/oekologie-design/links/" "Mozilla/5.0 (Windows NT 6.1) AppleWebKit/534.57.2 (KHTML, like Gecko) Version/5.1.7 Safari/534.57.2"
217.186.231.31 - - [13/Aug/2012:02:51:48 +0200] "GET /allgemein/oekologie-design/links/ HTTP/1.1" 200 6104 "http://www.ecosign.net/allgemein/oekologie-design/literaturhinweise/" "Mozilla/5.0 (Windows NT 6.1) AppleWebKit/534.57.2 (KHTML, like Gecko) Version/5.1.7 Safari/534.57.2"
217.186.231.31 - - [13/Aug/2012:02:51:56 +0200] "GET /index.php?id=118 HTTP/1.1" 301 26 "http://www.ecosign.net/allgemein/oekologie-design/links/" "Mozilla/5.0 (Windows NT 6.1) AppleWebKit/534.57.2 (KHTML, like Gecko) Version/5.1.7 Safari/534.57.2"
217.186.231.31 - - [13/Aug/2012:02:51:56 +0200] "GET /allgemein/oekologie-design/links/institute-und-forschungszentren/ HTTP/1.1" 200 6178 "http://www.ecosign.net/allgemein/oekologie-design/links/" "Mozilla/5.0 (Windows NT 6.1) AppleWebKit/534.57.2 (KHTML, like Gecko) Version/5.1.7 Safari/534.57.2"
78.34.251.232 - - [13/Aug/2012:02:53:01 +0200] "GET /www/rssdata/froschkoenig.rss HTTP/1.1" 404 51 "-" "Apple-PubSub/65.28"
217.186.231.31 - - [13/Aug/2012:02:53:38 +0200] "GET /allgemein/oekologie-design/links/institute-und-forschungszentren/ HTTP/1.1" 200 6178 "http://www.ecosign.net/allgemein/oekologie-design/links/" "Mozilla/5.0 (Windows NT 6.1) AppleWebKit/534.57.2 (KHTML, like Gecko) Version/5.1.7 Safari/534.57.2"
66.249.66.141 - - [13/Aug/2012:02:53:54 +0200] "GET /fuer-bewerber/ HTTP/1.1" 301 258 "-" "Mozilla/5.0 (compatible; Googlebot/2.1; +http://www.google.com/bot.html)"
66.249.66.121 - - [13/Aug/2012:02:53:55 +0200] "GET /fuer-bewerber/ HTTP/1.1" 301 26 "-" "Mozilla/5.0 (compatible; Googlebot/2.1; +http://www.google.com/bot.html)"
77.233.225.110 - - [13/Aug/2012:02:54:14 +0200] "GET /html/__en/studium/verlauf.php HTTP/1.1" 404 26 "-" "Mozilla/5.0 (compatible; Abonti/0.91 - http://www.abonti.com)"
217.186.231.31 - - [13/Aug/2012:02:54:25 +0200] "GET /index.php?id=122 HTTP/1.1" 301 26 "http://www.ecosign.net/allgemein/oekologie-design/links/institute-und-forschungszentren/" "Mozilla/5.0 (Windows NT 6.1) AppleWebKit/534.57.2 (KHTML, like Gecko) Version/5.1.7 Safari/534.57.2"
217.186.231.31 - - [13/Aug/2012:02:54:25 +0200] "GET /allgemein/oekologie-design/links/oekologisches-design/ HTTP/1.1" 200 5547 "http://www.ecosign.net/allgemein/oekologie-design/links/institute-und-forschungszentren/" "Mozilla/5.0 (Windows NT 6.1) AppleWebKit/534.57.2 (KHTML, like Gecko) Version/5.1.7 Safari/534.57.2"
217.186.231.31 - - [13/Aug/2012:02:54:47 +0200] "GET /allgemein/aktuelles/ HTTP/1.1" 200 14450 "http://www.ecosign.net/allgemein/oekologie-design/links/oekologisches-design/" "Mozilla/5.0 (Windows NT 6.1) AppleWebKit/534.57.2 (KHTML, like Gecko) Version/5.1.7 Safari/534.57.2"
217.186.231.31 - - [13/Aug/2012:02:54:48 +0200] "GET /typo3temp/pics/104096d96b.jpg HTTP/1.1" 200 10282 "http://www.ecosign.net/allgemein/aktuelles/" "Mozilla/5.0 (Windows NT 6.1) AppleWebKit/534.57.2 (KHTML, like Gecko) Version/5.1.7 Safari/534.57.2"
217.186.231.31 - - [13/Aug/2012:02:54:48 +0200] "GET /uploads/pics/Abschlussprase-standard.jpg HTTP/1.1" 200 22357 "http://www.ecosign.net/allgemein/aktuelles/" "Mozilla/5.0 (Windows NT 6.1) AppleWebKit/534.57.2 (KHTML, like Gecko) Version/5.1.7 Safari/534.57.2"
217.186.231.31 - - [13/Aug/2012:02:54:48 +0200] "GET /uploads/pics/Tage_der_offenen_breit.jpg HTTP/1.1" 200 57921 "http://www.ecosign.net/allgemein/aktuelles/" "Mozilla/5.0 (Windows NT 6.1) AppleWebKit/534.57.2 (KHTML, like Gecko) Version/5.1.7 Safari/534.57.2"
217.186.231.31 - - [13/Aug/2012:02:54:48 +0200] "GET /uploads/pics/Facebook.jpg HTTP/1.1" 200 37289 "http://www.ecosign.net/allgemein/aktuelles/" "Mozilla/5.0 (Windows NT 6.1) AppleWebKit/534.57.2 (KHTML, like Gecko) Version/5.1.7 Safari/534.57.2"
217.186.231.31 - - [13/Aug/2012:02:54:48 +0200] "GET /uploads/pics/Katalog_01.jpg HTTP/1.1" 200 20871 "http://www.ecosign.net/allgemein/aktuelles/" "Mozilla/5.0 (Windows NT 6.1) AppleWebKit/534.57.2 (KHTML, like Gecko) Version/5.1.7 Safari/534.57.2"
217.186.231.31 - - [13/Aug/2012:02:54:48 +0200] "GET /uploads/pics/summer-school_4th_01.jpg HTTP/1.1" 200 27538 "http://www.ecosign.net/allgemein/aktuelles/" "Mozilla/5.0 (Windows NT 6.1) AppleWebKit/534.57.2 (KHTML, like Gecko) Version/5.1.7 Safari/534.57.2"
217.186.231.31 - - [13/Aug/2012:02:54:48 +0200] "GET /uploads/pics/DADO.jpg HTTP/1.1" 200 7274 "http://www.ecosign.net/allgemein/aktuelles/" "Mozilla/5.0 (Windows NT 6.1) AppleWebKit/534.57.2 (KHTML, like Gecko) Version/5.1.7 Safari/534.57.2"
217.186.231.31 - - [13/Aug/2012:02:54:49 +0200] "GET /typo3temp/pics/a7f678f179.jpg HTTP/1.1" 200 9534 "http://www.ecosign.net/allgemein/aktuelles/" "Mozilla/5.0 (Windows NT 6.1) AppleWebKit/534.57.2 (KHTML, like Gecko) Version/5.1.7 Safari/534.57.2"
217.186.231.31 - - [13/Aug/2012:02:54:49 +0200] "GET /uploads/pics/ecopartments.jpg HTTP/1.1" 200 26448 "http://www.ecosign.net/allgemein/aktuelles/" "Mozilla/5.0 (Windows NT 6.1) AppleWebKit/534.57.2 (KHTML, like Gecko) Version/5.1.7 Safari/534.57.2"
217.186.231.31 - - [13/Aug/2012:02:54:49 +0200] "GET /uploads/pics/Katalog.jpg HTTP/1.1" 200 20871 "http://www.ecosign.net/allgemein/aktuelles/" "Mozilla/5.0 (Windows NT 6.1) AppleWebKit/534.57.2 (KHTML, like Gecko) Version/5.1.7 Safari/534.57.2"
217.186.231.31 - - [13/Aug/2012:02:54:49 +0200] "GET /typo3temp/pics/490a22125c.jpg HTTP/1.1" 200 11926 "http://www.ecosign.net/allgemein/aktuelles/" "Mozilla/5.0 (Windows NT 6.1) AppleWebKit/534.57.2 (KHTML, like Gecko) Version/5.1.7 Safari/534.57.2"
217.186.231.31 - - [13/Aug/2012:02:54:49 +0200] "GET /uploads/pics/Kaliszewski.jpg HTTP/1.1" 200 10430 "http://www.ecosign.net/allgemein/aktuelles/" "Mozilla/5.0 (Windows NT 6.1) AppleWebKit/534.57.2 (KHTML, like Gecko) Version/5.1.7 Safari/534.57.2"
217.186.231.31 - - [13/Aug/2012:02:54:49 +0200] "GET /uploads/pics/istanbul2.jpg HTTP/1.1" 200 26758 "http://www.ecosign.net/allgemein/aktuelles/" "Mozilla/5.0 (Windows NT 6.1) AppleWebKit/534.57.2 (KHTML, like Gecko) Version/5.1.7 Safari/534.57.2"
217.186.231.31 - - [13/Aug/2012:02:54:50 +0200] "GET /uploads/pics/mappe.jpg HTTP/1.1" 200 9931 "http://www.ecosign.net/allgemein/aktuelles/" "Mozilla/5.0 (Windows NT 6.1) AppleWebKit/534.57.2 (KHTML, like Gecko) Version/5.1.7 Safari/534.57.2"
217.186.231.31 - - [13/Aug/2012:02:54:50 +0200] "GET /typo3temp/pics/d189a3cfea.jpg HTTP/1.1" 200 11292 "http://www.ecosign.net/allgemein/aktuelles/" "Mozilla/5.0 (Windows NT 6.1) AppleWebKit/534.57.2 (KHTML, like Gecko) Version/5.1.7 Safari/534.57.2"
217.186.231.31 - - [13/Aug/2012:02:54:50 +0200] "GET /typo3temp/pics/ae1a88a82c.jpg HTTP/1.1" 200 10219 "http://www.ecosign.net/allgemein/aktuelles/" "Mozilla/5.0 (Windows NT 6.1) AppleWebKit/534.57.2 (KHTML, like Gecko) Version/5.1.7 Safari/534.57.2"
217.186.231.31 - - [13/Aug/2012:02:54:50 +0200] "GET /typo3temp/pics/69703eb291.jpg HTTP/1.1" 200 13970 "http://www.ecosign.net/allgemein/aktuelles/" "Mozilla/5.0 (Windows NT 6.1) AppleWebKit/534.57.2 (KHTML, like Gecko) Version/5.1.7 Safari/534.57.2"
217.186.231.31 - - [13/Aug/2012:02:54:50 +0200] "GET //allgemein/aktuelles/3b427712683a8076188ebeebc8a52fb2/?tx_ttnews%5Byear%5D=2012 HTTP/1.1" 200 7926 "http://www.ecosign.net/allgemein/aktuelles/" "Mozilla/5.0 (Windows NT 6.1) AppleWebKit/534.57.2 (KHTML, like Gecko) Version/5.1.7 Safari/534.57.2"
217.186.231.31 - - [13/Aug/2012:02:54:50 +0200] "GET /uploads/pics/Abschlussprase-standard.jpg HTTP/1.1" 200 22357 "http://www.ecosign.net//allgemein/aktuelles/3b427712683a8076188ebeebc8a52fb2/?tx_ttnews%5Byear%5D=2012" "Mozilla/5.0 (Windows NT 6.1) AppleWebKit/534.57.2 (KHTML, like Gecko) Version/5.1.7 Safari/534.57.2"
217.186.231.31 - - [13/Aug/2012:02:54:51 +0200] "GET /typo3temp/pics/ae1a88a82c.jpg HTTP/1.1" 200 10219 "http://www.ecosign.net//allgemein/aktuelles/3b427712683a8076188ebeebc8a52fb2/?tx_ttnews%5Byear%5D=2012" "Mozilla/5.0 (Windows NT 6.1) AppleWebKit/534.57.2 (KHTML, like Gecko) Version/5.1.7 Safari/534.57.2"
217.186.231.31 - - [13/Aug/2012:02:54:51 +0200] "GET /uploads/pics/mappe.jpg HTTP/1.1" 200 9931 "http://www.ecosign.net//allgemein/aktuelles/3b427712683a8076188ebeebc8a52fb2/?tx_ttnews%5Byear%5D=2012" "Mozilla/5.0 (Windows NT 6.1) AppleWebKit/534.57.2 (KHTML, like Gecko) Version/5.1.7 Safari/534.57.2"
217.186.231.31 - - [13/Aug/2012:02:54:51 +0200] "GET /typo3temp/pics/69703eb291.jpg HTTP/1.1" 200 13970 "http://www.ecosign.net//allgemein/aktuelles/3b427712683a8076188ebeebc8a52fb2/?tx_ttnews%5Byear%5D=2012" "Mozilla/5.0 (Windows NT 6.1) AppleWebKit/534.57.2 (KHTML, like Gecko) Version/5.1.7 Safari/534.57.2"
217.186.231.31 - - [13/Aug/2012:02:54:51 +0200] "GET /uploads/pics/Unbenannt-8.jpg HTTP/1.1" 200 12710 "http://www.ecosign.net//allgemein/aktuelles/3b427712683a8076188ebeebc8a52fb2/?tx_ttnews%5Byear%5D=2012" "Mozilla/5.0 (Windows NT 6.1) AppleWebKit/534.57.2 (KHTML, like Gecko) Version/5.1.7 Safari/534.57.2"
217.186.231.31 - - [13/Aug/2012:02:54:51 +0200] "GET /uploads/pics/istanbul2.jpg HTTP/1.1" 200 26758 "http://www.ecosign.net//allgemein/aktuelles/3b427712683a8076188ebeebc8a52fb2/?tx_ttnews%5Byear%5D=2012" "Mozilla/5.0 (Windows NT 6.1) AppleWebKit/534.57.2 (KHTML, like Gecko) Version/5.1.7 Safari/534.57.2"
217.186.231.31 - - [13/Aug/2012:02:54:51 +0200] "GET /typo3temp/pics/d189a3cfea.jpg HTTP/1.1" 200 11292 "http://www.ecosign.net//allgemein/aktuelles/3b427712683a8076188ebeebc8a52fb2/?tx_ttnews%5Byear%5D=2012" "Mozilla/5.0 (Windows NT 6.1) AppleWebKit/534.57.2 (KHTML, like Gecko) Version/5.1.7 Safari/534.57.2"
217.186.231.31 - - [13/Aug/2012:02:54:56 +0200] "GET /fuer-bewerber/bewerbung/ HTTP/1.1" 200 4428 "http://www.ecosign.net//allgemein/aktuelles/3b427712683a8076188ebeebc8a52fb2/?tx_ttnews%5Byear%5D=2012" "Mozilla/5.0 (Windows NT 6.1) AppleWebKit/534.57.2 (KHTML, like Gecko) Version/5.1.7 Safari/534.57.2"
217.186.231.31 - - [13/Aug/2012:02:55:02 +0200] "GET /fuer-bewerber/bewerbertag/ HTTP/1.1" 200 5470 "http://www.ecosign.net/fuer-bewerber/bewerbung/" "Mozilla/5.0 (Windows NT 6.1) AppleWebKit/534.57.2 (KHTML, like Gecko) Version/5.1.7 Safari/534.57.2"
91.201.64.24 - - [13/Aug/2012:02:55:13 +0200] "GET /html/__de/news/147/198/172/186/173/186/+ecosigner+gewinnen+I%3ACO+Award HTTP/1.1" 404 51 "-" "Mozilla/5.0 (X11; U; Linux i686; pl; rv:1.8.0.7) Gecko/20060914 Firefox/1.5.0.7 (Swiftfox)"
217.186.231.31 - - [13/Aug/2012:02:55:16 +0200] "GET /fuer-bewerber/aufnahmebedingungen/ HTTP/1.1" 200 4229 "http://www.ecosign.net/fuer-bewerber/bewerbertag/" "Mozilla/5.0 (Windows NT 6.1) AppleWebKit/534.57.2 (KHTML, like Gecko) Version/5.1.7 Safari/534.57.2"
217.186.231.31 - - [13/Aug/2012:02:55:33 +0200] "GET /fuer-bewerber/einladung/ HTTP/1.1" 200 4633 "http://www.ecosign.net/fuer-bewerber/aufnahmebedingungen/" "Mozilla/5.0 (Windows NT 6.1) AppleWebKit/534.57.2 (KHTML, like Gecko) Version/5.1.7 Safari/534.57.2"
217.186.231.31 - - [13/Aug/2012:02:55:38 +0200] "GET /fuer-journalisten/portrait-der-ecosign/ HTTP/1.1" 200 5407 "http://www.ecosign.net/fuer-bewerber/einladung/" "Mozilla/5.0 (Windows NT 6.1) AppleWebKit/534.57.2 (KHTML, like Gecko) Version/5.1.7 Safari/534.57.2"
217.186.231.31 - - [13/Aug/2012:02:55:39 +0200] "GET /uploads/pics/simone_fuhs_xl.jpg HTTP/1.1" 200 64752 "http://www.ecosign.net/fuer-journalisten/portrait-der-ecosign/" "Mozilla/5.0 (Windows NT 6.1) AppleWebKit/534.57.2 (KHTML, like Gecko) Version/5.1.7 Safari/534.57.2"
217.186.231.31 - - [13/Aug/2012:02:55:51 +0200] "GET /fuer-studenten/schwarzes-brett/ HTTP/1.1" 200 6278 "http://www.ecosign.net/fuer-journalisten/portrait-der-ecosign/" "Mozilla/5.0 (Windows NT 6.1) AppleWebKit/534.57.2 (KHTML, like Gecko) Version/5.1.7 Safari/534.57.2"
217.186.231.31 - - [13/Aug/2012:02:55:52 +0200] "GET /uploads/pics/77523574_Unimall_Banner_weiss.png HTTP/1.1" 200 5008 "http://www.ecosign.net/fuer-studenten/schwarzes-brett/" "Mozilla/5.0 (Windows NT 6.1) AppleWebKit/534.57.2 (KHTML, like Gecko) Version/5.1.7 Safari/534.57.2"
217.186.231.31 - - [13/Aug/2012:02:55:52 +0200] "GET /uploads/pics/17735366_MELTMEDIA_Logo.jpg HTTP/1.1" 200 3171 "http://www.ecosign.net/fuer-studenten/schwarzes-brett/" "Mozilla/5.0 (Windows NT 6.1) AppleWebKit/534.57.2 (KHTML, like Gecko) Version/5.1.7 Safari/534.57.2"
217.186.231.31 - - [13/Aug/2012:02:56:07 +0200] "GET /fuer-bewerber/bewerbung/ HTTP/1.1" 200 4428 "http://www.ecosign.net/fuer-studenten/schwarzes-brett/" "Mozilla/5.0 (Windows NT 6.1) AppleWebKit/534.57.2 (KHTML, like Gecko) Version/5.1.7 Safari/534.57.2"
109.91.254.116 - - [13/Aug/2012:02:56:11 +0200] "GET / HTTP/1.1" 200 7255 "http://www.google.de/url?sa=t&rct=j&q=&esrc=s&source=web&cd=10&ved=0CGEQFjAJ&url=http%3A%2F%2Fwww.ecosign.net%2F&ei=708oUJ3KK4jfsgaQiYAo&usg=AFQjCNFKtMiFKwljVzFG-hERpHbZGO7RgQ" "Mozilla/5.0 (Windows NT 5.1; rv:14.0) Gecko/20100101 Firefox/14.0.1"
109.91.254.116 - - [13/Aug/2012:02:56:12 +0200] "GET /fileadmin/templates/css/content.css?1344605828 HTTP/1.1" 200 25020 "http://www.ecosign.net/" "Mozilla/5.0 (Windows NT 5.1; rv:14.0) Gecko/20100101 Firefox/14.0.1"
109.91.254.116 - - [13/Aug/2012:02:56:12 +0200] "GET /fileadmin/templates/skripte/css_browser_selector.js?1340543385 HTTP/1.1" 200 1320 "http://www.ecosign.net/" "Mozilla/5.0 (Windows NT 5.1; rv:14.0) Gecko/20100101 Firefox/14.0.1"
109.91.254.116 - - [13/Aug/2012:02:56:12 +0200] "GET /typo3temp/stylesheet_fab097ae4c.css?1341584161 HTTP/1.1" 200 13208 "http://www.ecosign.net/" "Mozilla/5.0 (Windows NT 5.1; rv:14.0) Gecko/20100101 Firefox/14.0.1"
109.91.254.116 - - [13/Aug/2012:02:56:12 +0200] "GET /fileadmin/templates/skripte/jquery-1.4.2.min.js?1340543476 HTTP/1.1" 200 72173 "http://www.ecosign.net/" "Mozilla/5.0 (Windows NT 5.1; rv:14.0) Gecko/20100101 Firefox/14.0.1"
109.91.254.116 - - [13/Aug/2012:02:56:12 +0200] "GET /fileadmin/templates/skripte/yasp/jquery.yasp.js?1340543479 HTTP/1.1" 200 2529 "http://www.ecosign.net/" "Mozilla/5.0 (Windows NT 5.1; rv:14.0) Gecko/20100101 Firefox/14.0.1"
109.91.254.116 - - [13/Aug/2012:02:56:12 +0200] "GET /fileadmin/templates/skripte/gen_validatorv31.js?1340543474 HTTP/1.1" 200 19654 "http://www.ecosign.net/" "Mozilla/5.0 (Windows NT 5.1; rv:14.0) Gecko/20100101 Firefox/14.0.1"
109.91.254.116 - - [13/Aug/2012:02:56:12 +0200] "GET /fileadmin/templates/skripte/dualSlider/css/jquery.dualSlider.0.2.css HTTP/1.1" 404 51 "http://www.ecosign.net/" "Mozilla/5.0 (Windows NT 5.1; rv:14.0) Gecko/20100101 Firefox/14.0.1"
109.91.254.116 - - [13/Aug/2012:02:56:12 +0200] "GET /fileadmin/templates/skripte/dualSlider/scripts/jquery.easing.1.3.js HTTP/1.1" 404 51 "http://www.ecosign.net/" "Mozilla/5.0 (Windows NT 5.1; rv:14.0) Gecko/20100101 Firefox/14.0.1"
109.91.254.116 - - [13/Aug/2012:02:56:12 +0200] "GET /fileadmin/templates/skripte/jplayer/jquery.jplayer.min.js?1340543475 HTTP/1.1" 200 42856 "http://www.ecosign.net/" "Mozilla/5.0 (Windows NT 5.1; rv:14.0) Gecko/20100101 Firefox/14.0.1"
109.91.254.116 - - [13/Aug/2012:02:56:12 +0200] "GET /fileadmin/templates/skripte/cursordivscroll.js?1343046645 HTTP/1.1" 200 12574 "http://www.ecosign.net/" "Mozilla/5.0 (Windows NT 5.1; rv:14.0) Gecko/20100101 Firefox/14.0.1"
109.91.254.116 - - [13/Aug/2012:02:56:12 +0200] "GET /fileadmin/templates/skripte/dualSlider/scripts/jquery.dualSlider.0.3.min.js HTTP/1.1" 404 51 "http://www.ecosign.net/" "Mozilla/5.0 (Windows NT 5.1; rv:14.0) Gecko/20100101 Firefox/14.0.1"
109.91.254.116 - - [13/Aug/2012:02:56:12 +0200] "GET /typo3temp/javascript_757c080409.js?1339334818 HTTP/1.1" 200 446 "http://www.ecosign.net/" "Mozilla/5.0 (Windows NT 5.1; rv:14.0) Gecko/20100101 Firefox/14.0.1"
109.91.254.116 - - [13/Aug/2012:02:56:12 +0200] "GET /fileadmin/templates/skripte/dualSlider/scripts/jquery.timers-1.2.js HTTP/1.1" 404 51 "http://www.ecosign.net/" "Mozilla/5.0 (Windows NT 5.1; rv:14.0) Gecko/20100101 Firefox/14.0.1"
109.91.254.116 - - [13/Aug/2012:02:56:12 +0200] "GET /fileadmin/templates/skripte/iscroll.js HTTP/1.1" 200 33551 "http://www.ecosign.net/" "Mozilla/5.0 (Windows NT 5.1; rv:14.0) Gecko/20100101 Firefox/14.0.1"
109.91.254.116 - - [13/Aug/2012:02:56:12 +0200] "GET /fileadmin/templates/skripte/uniform/jquery.uniform.min.js HTTP/1.1" 200 9323 "http://www.ecosign.net/" "Mozilla/5.0 (Windows NT 5.1; rv:14.0) Gecko/20100101 Firefox/14.0.1"
109.91.254.116 - - [13/Aug/2012:02:56:12 +0200] "GET /fileadmin/templates/skripte/uniform/css/uniform.default.css HTTP/1.1" 200 10637 "http://www.ecosign.net/" "Mozilla/5.0 (Windows NT 5.1; rv:14.0) Gecko/20100101 Firefox/14.0.1"
109.91.254.116 - - [13/Aug/2012:02:56:12 +0200] "GET /fileadmin/templates/skripte/mobile.js HTTP/1.1" 200 2060 "http://www.ecosign.net/" "Mozilla/5.0 (Windows NT 5.1; rv:14.0) Gecko/20100101 Firefox/14.0.1"
109.91.254.116 - - [13/Aug/2012:02:56:12 +0200] "GET /fileadmin/templates/skripte/jplayer/jquery.jplayer.min.js HTTP/1.1" 200 42856 "http://www.ecosign.net/" "Mozilla/5.0 (Windows NT 5.1; rv:14.0) Gecko/20100101 Firefox/14.0.1"
109.91.254.116 - - [13/Aug/2012:02:56:12 +0200] "GET /fileadmin/templates/bilder_startseite/streifen1/b1.jpg HTTP/1.1" 200 6463 "http://www.ecosign.net/" "Mozilla/5.0 (Windows NT 5.1; rv:14.0) Gecko/20100101 Firefox/14.0.1"
109.91.254.116 - - [13/Aug/2012:02:56:12 +0200] "GET /fileadmin/templates/skripte/cursordivscroll.js HTTP/1.1" 200 12574 "http://www.ecosign.net/" "Mozilla/5.0 (Windows NT 5.1; rv:14.0) Gecko/20100101 Firefox/14.0.1"
109.91.254.116 - - [13/Aug/2012:02:56:12 +0200] "GET /fileadmin/templates/skripte/js_jquery.js HTTP/1.1" 200 2509 "http://www.ecosign.net/" "Mozilla/5.0 (Windows NT 5.1; rv:14.0) Gecko/20100101 Firefox/14.0.1"
109.91.254.116 - - [13/Aug/2012:02:56:12 +0200] "GET /fileadmin/templates/bilder_startseite/streifen1/b2.jpg HTTP/1.1" 200 12293 "http://www.ecosign.net/" "Mozilla/5.0 (Windows NT 5.1; rv:14.0) Gecko/20100101 Firefox/14.0.1"
109.91.254.116 - - [13/Aug/2012:02:56:12 +0200] "GET /fileadmin/templates/bilder_startseite/streifen1/b4.jpg HTTP/1.1" 200 19986 "http://www.ecosign.net/" "Mozilla/5.0 (Windows NT 5.1; rv:14.0) Gecko/20100101 Firefox/14.0.1"
109.91.254.116 - - [13/Aug/2012:02:56:12 +0200] "GET /fileadmin/templates/bilder_startseite/streifen1/b5.jpg HTTP/1.1" 200 8329 "http://www.ecosign.net/" "Mozilla/5.0 (Windows NT 5.1; rv:14.0) Gecko/20100101 Firefox/14.0.1"
109.91.254.116 - - [13/Aug/2012:02:56:12 +0200] "GET /fileadmin/templates/bilder_startseite/streifen1/b3.jpg HTTP/1.1" 200 16521 "http://www.ecosign.net/" "Mozilla/5.0 (Windows NT 5.1; rv:14.0) Gecko/20100101 Firefox/14.0.1"
109.91.254.116 - - [13/Aug/2012:02:56:12 +0200] "GET /fileadmin/templates/bilder_startseite/streifen1/b6.jpg HTTP/1.1" 200 5460 "http://www.ecosign.net/" "Mozilla/5.0 (Windows NT 5.1; rv:14.0) Gecko/20100101 Firefox/14.0.1"
109.91.254.116 - - [13/Aug/2012:02:56:12 +0200] "GET /fileadmin/templates/bilder_startseite/streifen1/b7.jpg HTTP/1.1" 200 6584 "http://www.ecosign.net/" "Mozilla/5.0 (Windows NT 5.1; rv:14.0) Gecko/20100101 Firefox/14.0.1"
109.91.254.116 - - [13/Aug/2012:02:56:12 +0200] "GET /fileadmin/templates/skripte/dualSlider/scripts/jquery.easing.1.3.js HTTP/1.1" 404 51 "http://www.ecosign.net/" "Mozilla/5.0 (Windows NT 5.1; rv:14.0) Gecko/20100101 Firefox/14.0.1"
109.91.254.116 - - [13/Aug/2012:02:56:12 +0200] "GET /fileadmin/templates/bilder_startseite/streifen1/b9.jpg HTTP/1.1" 200 6619 "http://www.ecosign.net/" "Mozilla/5.0 (Windows NT 5.1; rv:14.0) Gecko/20100101 Firefox/14.0.1"
109.91.254.116 - - [13/Aug/2012:02:56:12 +0200] "GET /fileadmin/templates/bilder_startseite/streifen1/b8.jpg HTTP/1.1" 200 6276 "http://www.ecosign.net/" "Mozilla/5.0 (Windows NT 5.1; rv:14.0) Gecko/20100101 Firefox/14.0.1"
109.91.254.116 - - [13/Aug/2012:02:56:12 +0200] "GET /fileadmin/templates/bilder_startseite/streifen1/b10.jpg HTTP/1.1" 200 14393 "http://www.ecosign.net/" "Mozilla/5.0 (Windows NT 5.1; rv:14.0) Gecko/20100101 Firefox/14.0.1"
109.91.254.116 - - [13/Aug/2012:02:56:12 +0200] "GET /fileadmin/templates/bilder_startseite/streifen1/b11.jpg HTTP/1.1" 200 6726 "http://www.ecosign.net/" "Mozilla/5.0 (Windows NT 5.1; rv:14.0) Gecko/20100101 Firefox/14.0.1"
109.91.254.116 - - [13/Aug/2012:02:56:12 +0200] "GET /fileadmin/templates/bilder_startseite/streifen1/b12.jpg HTTP/1.1" 200 5406 "http://www.ecosign.net/" "Mozilla/5.0 (Windows NT 5.1; rv:14.0) Gecko/20100101 Firefox/14.0.1"
109.91.254.116 - - [13/Aug/2012:02:56:12 +0200] "GET /fileadmin/templates/bilder_startseite/streifen1/b13.jpg HTTP/1.1" 200 6185 "http://www.ecosign.net/" "Mozilla/5.0 (Windows NT 5.1; rv:14.0) Gecko/20100101 Firefox/14.0.1"
109.91.254.116 - - [13/Aug/2012:02:56:12 +0200] "GET /fileadmin/templates/bilder/bookmarks-facebook.png HTTP/1.1" 200 476 "http://www.ecosign.net/" "Mozilla/5.0 (Windows NT 5.1; rv:14.0) Gecko/20100101 Firefox/14.0.1"
109.91.254.116 - - [13/Aug/2012:02:56:12 +0200] "GET /fileadmin/templates/bilder/logo-ecosign-koeln.png HTTP/1.1" 200 2176 "http://www.ecosign.net/" "Mozilla/5.0 (Windows NT 5.1; rv:14.0) Gecko/20100101 Firefox/14.0.1"
109.91.254.116 - - [13/Aug/2012:02:56:12 +0200] "GET /fileadmin/templates/bilder/bookmarks-twitter.png HTTP/1.1" 200 553 "http://www.ecosign.net/" "Mozilla/5.0 (Windows NT 5.1; rv:14.0) Gecko/20100101 Firefox/14.0.1"
109.91.254.116 - - [13/Aug/2012:02:56:12 +0200] "GET /fileadmin/templates/bilder/bookmarks-google.png HTTP/1.1" 200 612 "http://www.ecosign.net/" "Mozilla/5.0 (Windows NT 5.1; rv:14.0) Gecko/20100101 Firefox/14.0.1"
109.91.254.116 - - [13/Aug/2012:02:56:12 +0200] "GET /fileadmin/templates/skripte/dualSlider/scripts/jquery.timers-1.2.js HTTP/1.1" 404 51 "http://www.ecosign.net/" "Mozilla/5.0 (Windows NT 5.1; rv:14.0) Gecko/20100101 Firefox/14.0.1"
109.91.254.116 - - [13/Aug/2012:02:56:12 +0200] "GET /fileadmin/templates/skripte/dualSlider/scripts/jquery.dualSlider.0.3.min.js HTTP/1.1" 404 51 "http://www.ecosign.net/" "Mozilla/5.0 (Windows NT 5.1; rv:14.0) Gecko/20100101 Firefox/14.0.1"
109.91.254.116 - - [13/Aug/2012:02:56:12 +0200] "GET /fileadmin/templates/favicon.ico HTTP/1.1" 200 1150 "-" "Mozilla/5.0 (Windows NT 5.1; rv:14.0) Gecko/20100101 Firefox/14.0.1"
109.91.254.116 - - [13/Aug/2012:02:56:12 +0200] "GET /fileadmin/templates/bilder/icon-link-pfeil.png HTTP/1.1" 200 408 "http://www.ecosign.net/fileadmin/templates/css/content.css?1344605828" "Mozilla/5.0 (Windows NT 5.1; rv:14.0) Gecko/20100101 Firefox/14.0.1"
109.91.254.116 - - [13/Aug/2012:02:56:12 +0200] "GET /fileadmin/templates/bilder/nav-linie.png HTTP/1.1" 200 182 "http://www.ecosign.net/fileadmin/templates/css/content.css?1344605828" "Mozilla/5.0 (Windows NT 5.1; rv:14.0) Gecko/20100101 Firefox/14.0.1"
109.91.254.116 - - [13/Aug/2012:02:56:12 +0200] "GET /fileadmin/templates/skripte/jplayer/Jplayer.swf HTTP/1.1" 200 8452 "http://www.ecosign.net/" "Mozilla/5.0 (Windows NT 5.1; rv:14.0) Gecko/20100101 Firefox/14.0.1"
217.186.231.31 - - [13/Aug/2012:02:56:14 +0200] "GET /allgemein/aktuelles/ HTTP/1.1" 200 14450 "http://www.ecosign.net/fuer-bewerber/bewerbung/" "Mozilla/5.0 (Windows NT 6.1) AppleWebKit/534.57.2 (KHTML, like Gecko) Version/5.1.7 Safari/534.57.2"
217.186.231.31 - - [13/Aug/2012:02:56:14 +0200] "GET /typo3temp/pics/1c87ac17b7.jpg HTTP/1.1" 200 6888 "http://www.ecosign.net/allgemein/aktuelles/" "Mozilla/5.0 (Windows NT 6.1) AppleWebKit/534.57.2 (KHTML, like Gecko) Version/5.1.7 Safari/534.57.2"
217.186.231.31 - - [13/Aug/2012:02:56:14 +0200] "GET /uploads/pics/philosophie_unesco_02.jpg HTTP/1.1" 200 10811 "http://www.ecosign.net/allgemein/aktuelles/" "Mozilla/5.0 (Windows NT 6.1) AppleWebKit/534.57.2 (KHTML, like Gecko) Version/5.1.7 Safari/534.57.2"
217.186.231.31 - - [13/Aug/2012:02:56:14 +0200] "GET /typo3temp/pics/7dce79d538.jpg HTTP/1.1" 200 14742 "http://www.ecosign.net/allgemein/aktuelles/" "Mozilla/5.0 (Windows NT 6.1) AppleWebKit/534.57.2 (KHTML, like Gecko) Version/5.1.7 Safari/534.57.2"
217.186.231.31 - - [13/Aug/2012:02:56:14 +0200] "GET /typo3temp/pics/cf4f006e89.jpg HTTP/1.1" 200 13240 "http://www.ecosign.net/allgemein/aktuelles/" "Mozilla/5.0 (Windows NT 6.1) AppleWebKit/534.57.2 (KHTML, like Gecko) Version/5.1.7 Safari/534.57.2"
217.186.231.31 - - [13/Aug/2012:02:56:14 +0200] "GET /typo3temp/pics/f274dd3b5d.jpg HTTP/1.1" 200 9081 "http://www.ecosign.net/allgemein/aktuelles/" "Mozilla/5.0 (Windows NT 6.1) AppleWebKit/534.57.2 (KHTML, like Gecko) Version/5.1.7 Safari/534.57.2"
217.186.231.31 - - [13/Aug/2012:02:56:14 +0200] "GET /typo3temp/pics/ecc31f1ff2.jpg HTTP/1.1" 200 9716 "http://www.ecosign.net/allgemein/aktuelles/" "Mozilla/5.0 (Windows NT 6.1) AppleWebKit/534.57.2 (KHTML, like Gecko) Version/5.1.7 Safari/534.57.2"
217.186.231.31 - - [13/Aug/2012:02:56:15 +0200] "GET /typo3temp/pics/7923a6a8f8.jpg HTTP/1.1" 200 8594 "http://www.ecosign.net/allgemein/aktuelles/" "Mozilla/5.0 (Windows NT 6.1) AppleWebKit/534.57.2 (KHTML, like Gecko) Version/5.1.7 Safari/534.57.2"
217.186.231.31 - - [13/Aug/2012:02:56:15 +0200] "GET /typo3temp/pics/4d3db8f32f.jpg HTTP/1.1" 200 14713 "http://www.ecosign.net/allgemein/aktuelles/" "Mozilla/5.0 (Windows NT 6.1) AppleWebKit/534.57.2 (KHTML, like Gecko) Version/5.1.7 Safari/534.57.2"
217.186.231.31 - - [13/Aug/2012:02:56:14 +0200] "GET /uploads/pics/simone-fuhs_voten.jpg HTTP/1.1" 200 64397 "http://www.ecosign.net/allgemein/aktuelles/" "Mozilla/5.0 (Windows NT 6.1) AppleWebKit/534.57.2 (KHTML, like Gecko) Version/5.1.7 Safari/534.57.2"
217.186.231.31 - - [13/Aug/2012:02:56:15 +0200] "GET /typo3temp/pics/de3703c9c9.jpg HTTP/1.1" 200 11659 "http://www.ecosign.net/allgemein/aktuelles/" "Mozilla/5.0 (Windows NT 6.1) AppleWebKit/534.57.2 (KHTML, like Gecko) Version/5.1.7 Safari/534.57.2"
217.186.231.31 - - [13/Aug/2012:02:56:15 +0200] "GET /uploads/pics/Ciclo.jpg HTTP/1.1" 200 7389 "http://www.ecosign.net/allgemein/aktuelles/" "Mozilla/5.0 (Windows NT 6.1) AppleWebKit/534.57.2 (KHTML, like Gecko) Version/5.1.7 Safari/534.57.2"
217.186.231.31 - - [13/Aug/2012:02:56:15 +0200] "GET /uploads/pics/Abschlussfeier5.jpg HTTP/1.1" 200 20288 "http://www.ecosign.net/allgemein/aktuelles/" "Mozilla/5.0 (Windows NT 6.1) AppleWebKit/534.57.2 (KHTML, like Gecko) Version/5.1.7 Safari/534.57.2"
